ARM GAS  C:\Users\12491\AppData\Local\Temp\cciIb9J1.s 			page 1


   1              		.cpu cortex-m7
   2              		.arch armv7e-m
   3              		.fpu fpv5-d16
   4              		.eabi_attribute 28, 1
   5              		.eabi_attribute 20, 1
   6              		.eabi_attribute 21, 1
   7              		.eabi_attribute 23, 3
   8              		.eabi_attribute 24, 1
   9              		.eabi_attribute 25, 1
  10              		.eabi_attribute 26, 1
  11              		.eabi_attribute 30, 1
  12              		.eabi_attribute 34, 1
  13              		.eabi_attribute 18, 4
  14              		.file	"fmc.c"
  15              		.text
  16              	.Ltext0:
  17              		.cfi_sections	.debug_frame
  18              		.file 1 "Core/Src/fmc.c"
  19              		.section	.text.HAL_FMC_MspInit,"ax",%progbits
  20              		.align	1
  21              		.syntax unified
  22              		.thumb
  23              		.thumb_func
  25              	HAL_FMC_MspInit:
  26              	.LFB145:
   1:Core/Src/fmc.c **** /* USER CODE BEGIN Header */
   2:Core/Src/fmc.c **** /**
   3:Core/Src/fmc.c ****   ******************************************************************************
   4:Core/Src/fmc.c ****   * File Name          : FMC.c
   5:Core/Src/fmc.c ****   * Description        : This file provides code for the configuration
   6:Core/Src/fmc.c ****   *                      of the FMC peripheral.
   7:Core/Src/fmc.c ****   ******************************************************************************
   8:Core/Src/fmc.c ****   * @attention
   9:Core/Src/fmc.c ****   *
  10:Core/Src/fmc.c ****   * Copyright (c) 2026 STMicroelectronics.
  11:Core/Src/fmc.c ****   * All rights reserved.
  12:Core/Src/fmc.c ****   *
  13:Core/Src/fmc.c ****   * This software is licensed under terms that can be found in the LICENSE file
  14:Core/Src/fmc.c ****   * in the root directory of this software component.
  15:Core/Src/fmc.c ****   * If no LICENSE file comes with this software, it is provided AS-IS.
  16:Core/Src/fmc.c ****   *
  17:Core/Src/fmc.c ****   ******************************************************************************
  18:Core/Src/fmc.c ****   */
  19:Core/Src/fmc.c **** /* USER CODE END Header */
  20:Core/Src/fmc.c **** 
  21:Core/Src/fmc.c **** /* Includes ------------------------------------------------------------------*/
  22:Core/Src/fmc.c **** #include "fmc.h"
  23:Core/Src/fmc.c **** 
  24:Core/Src/fmc.c **** /* USER CODE BEGIN 0 */
  25:Core/Src/fmc.c **** 
  26:Core/Src/fmc.c **** /* USER CODE END 0 */
  27:Core/Src/fmc.c **** 
  28:Core/Src/fmc.c **** SRAM_HandleTypeDef hsram2;
  29:Core/Src/fmc.c **** 
  30:Core/Src/fmc.c **** /* FMC initialization function */
  31:Core/Src/fmc.c **** void MX_FMC_Init(void)
  32:Core/Src/fmc.c **** {
ARM GAS  C:\Users\12491\AppData\Local\Temp\cciIb9J1.s 			page 2


  33:Core/Src/fmc.c ****   /* USER CODE BEGIN FMC_Init 0 */
  34:Core/Src/fmc.c **** 
  35:Core/Src/fmc.c ****   /* USER CODE END FMC_Init 0 */
  36:Core/Src/fmc.c **** 
  37:Core/Src/fmc.c ****   FMC_NORSRAM_TimingTypeDef Timing = {0};
  38:Core/Src/fmc.c **** 
  39:Core/Src/fmc.c ****   /* USER CODE BEGIN FMC_Init 1 */
  40:Core/Src/fmc.c **** 
  41:Core/Src/fmc.c ****   /* USER CODE END FMC_Init 1 */
  42:Core/Src/fmc.c **** 
  43:Core/Src/fmc.c ****   /** Perform the SRAM2 memory initialization sequence
  44:Core/Src/fmc.c ****   */
  45:Core/Src/fmc.c ****   hsram2.Instance = FMC_NORSRAM_DEVICE;
  46:Core/Src/fmc.c ****   hsram2.Extended = FMC_NORSRAM_EXTENDED_DEVICE;
  47:Core/Src/fmc.c ****   /* hsram2.Init */
  48:Core/Src/fmc.c ****   hsram2.Init.NSBank = FMC_NORSRAM_BANK1;
  49:Core/Src/fmc.c ****   hsram2.Init.DataAddressMux = FMC_DATA_ADDRESS_MUX_DISABLE;
  50:Core/Src/fmc.c ****   hsram2.Init.MemoryType = FMC_MEMORY_TYPE_SRAM;
  51:Core/Src/fmc.c ****   hsram2.Init.MemoryDataWidth = FMC_NORSRAM_MEM_BUS_WIDTH_16;
  52:Core/Src/fmc.c ****   hsram2.Init.BurstAccessMode = FMC_BURST_ACCESS_MODE_DISABLE;
  53:Core/Src/fmc.c ****   hsram2.Init.WaitSignalPolarity = FMC_WAIT_SIGNAL_POLARITY_LOW;
  54:Core/Src/fmc.c ****   hsram2.Init.WaitSignalActive = FMC_WAIT_TIMING_BEFORE_WS;
  55:Core/Src/fmc.c ****   hsram2.Init.WriteOperation = FMC_WRITE_OPERATION_DISABLE;
  56:Core/Src/fmc.c ****   hsram2.Init.WaitSignal = FMC_WAIT_SIGNAL_DISABLE;
  57:Core/Src/fmc.c ****   hsram2.Init.ExtendedMode = FMC_EXTENDED_MODE_DISABLE;
  58:Core/Src/fmc.c ****   hsram2.Init.AsynchronousWait = FMC_ASYNCHRONOUS_WAIT_DISABLE;
  59:Core/Src/fmc.c ****   hsram2.Init.WriteBurst = FMC_WRITE_BURST_DISABLE;
  60:Core/Src/fmc.c ****   hsram2.Init.ContinuousClock = FMC_CONTINUOUS_CLOCK_SYNC_ONLY;
  61:Core/Src/fmc.c ****   hsram2.Init.WriteFifo = FMC_WRITE_FIFO_ENABLE;
  62:Core/Src/fmc.c ****   hsram2.Init.PageSize = FMC_PAGE_SIZE_NONE;
  63:Core/Src/fmc.c ****   /* Timing */
  64:Core/Src/fmc.c ****   Timing.AddressSetupTime = 4;
  65:Core/Src/fmc.c ****   Timing.AddressHoldTime = 15;
  66:Core/Src/fmc.c ****   Timing.DataSetupTime = 5;
  67:Core/Src/fmc.c ****   Timing.BusTurnAroundDuration = 0;
  68:Core/Src/fmc.c ****   Timing.CLKDivision = 16;
  69:Core/Src/fmc.c ****   Timing.DataLatency = 17;
  70:Core/Src/fmc.c ****   Timing.AccessMode = FMC_ACCESS_MODE_A;
  71:Core/Src/fmc.c ****   /* ExtTiming */
  72:Core/Src/fmc.c **** 
  73:Core/Src/fmc.c ****   if (HAL_SRAM_Init(&hsram2, &Timing, NULL) != HAL_OK)
  74:Core/Src/fmc.c ****   {
  75:Core/Src/fmc.c ****     Error_Handler( );
  76:Core/Src/fmc.c ****   }
  77:Core/Src/fmc.c **** 
  78:Core/Src/fmc.c ****   /* USER CODE BEGIN FMC_Init 2 */
  79:Core/Src/fmc.c **** 
  80:Core/Src/fmc.c ****   /* USER CODE END FMC_Init 2 */
  81:Core/Src/fmc.c **** }
  82:Core/Src/fmc.c **** 
  83:Core/Src/fmc.c **** static uint32_t FMC_Initialized = 0;
  84:Core/Src/fmc.c **** 
  85:Core/Src/fmc.c **** static void HAL_FMC_MspInit(void){
  27              		.loc 1 85 34 view -0
  28              		.cfi_startproc
  29              		@ args = 0, pretend = 0, frame = 224
  30              		@ frame_needed = 0, uses_anonymous_args = 0
ARM GAS  C:\Users\12491\AppData\Local\Temp\cciIb9J1.s 			page 3


  31 0000 F0B5     		push	{r4, r5, r6, r7, lr}
  32              	.LCFI0:
  33              		.cfi_def_cfa_offset 20
  34              		.cfi_offset 4, -20
  35              		.cfi_offset 5, -16
  36              		.cfi_offset 6, -12
  37              		.cfi_offset 7, -8
  38              		.cfi_offset 14, -4
  39 0002 B9B0     		sub	sp, sp, #228
  40              	.LCFI1:
  41              		.cfi_def_cfa_offset 248
  86:Core/Src/fmc.c ****   /* USER CODE BEGIN FMC_MspInit 0 */
  87:Core/Src/fmc.c **** 
  88:Core/Src/fmc.c ****   /* USER CODE END FMC_MspInit 0 */
  89:Core/Src/fmc.c ****   GPIO_InitTypeDef GPIO_InitStruct = {0};
  42              		.loc 1 89 3 view .LVU1
  43              		.loc 1 89 20 is_stmt 0 view .LVU2
  44 0004 0023     		movs	r3, #0
  45 0006 3393     		str	r3, [sp, #204]
  46 0008 3493     		str	r3, [sp, #208]
  47 000a 3593     		str	r3, [sp, #212]
  48 000c 3693     		str	r3, [sp, #216]
  49 000e 3793     		str	r3, [sp, #220]
  90:Core/Src/fmc.c ****   if (FMC_Initialized) {
  50              		.loc 1 90 3 is_stmt 1 view .LVU3
  51              		.loc 1 90 7 is_stmt 0 view .LVU4
  52 0010 2B4B     		ldr	r3, .L8
  53 0012 1B68     		ldr	r3, [r3]
  54              		.loc 1 90 6 view .LVU5
  55 0014 0BB1     		cbz	r3, .L6
  56              	.L1:
  91:Core/Src/fmc.c ****     return;
  92:Core/Src/fmc.c ****   }
  93:Core/Src/fmc.c ****   FMC_Initialized = 1;
  94:Core/Src/fmc.c ****   RCC_PeriphCLKInitTypeDef PeriphClkInitStruct = {0};
  95:Core/Src/fmc.c **** 
  96:Core/Src/fmc.c ****   /** Initializes the peripherals clock
  97:Core/Src/fmc.c ****   */
  98:Core/Src/fmc.c ****     PeriphClkInitStruct.PeriphClockSelection = RCC_PERIPHCLK_FMC;
  99:Core/Src/fmc.c ****     PeriphClkInitStruct.FmcClockSelection = RCC_FMCCLKSOURCE_D1HCLK;
 100:Core/Src/fmc.c ****     if (HAL_RCCEx_PeriphCLKConfig(&PeriphClkInitStruct) != HAL_OK)
 101:Core/Src/fmc.c ****     {
 102:Core/Src/fmc.c ****       Error_Handler();
 103:Core/Src/fmc.c ****     }
 104:Core/Src/fmc.c **** 
 105:Core/Src/fmc.c ****   /* Peripheral clock enable */
 106:Core/Src/fmc.c ****   __HAL_RCC_FMC_CLK_ENABLE();
 107:Core/Src/fmc.c **** 
 108:Core/Src/fmc.c ****   /** FMC GPIO Configuration
 109:Core/Src/fmc.c ****   PF0   ------> FMC_A0
 110:Core/Src/fmc.c ****   PE7   ------> FMC_D4
 111:Core/Src/fmc.c ****   PE8   ------> FMC_D5
 112:Core/Src/fmc.c ****   PE9   ------> FMC_D6
 113:Core/Src/fmc.c ****   PE10   ------> FMC_D7
 114:Core/Src/fmc.c ****   PE11   ------> FMC_D8
 115:Core/Src/fmc.c ****   PE12   ------> FMC_D9
 116:Core/Src/fmc.c ****   PE13   ------> FMC_D10
ARM GAS  C:\Users\12491\AppData\Local\Temp\cciIb9J1.s 			page 4


 117:Core/Src/fmc.c ****   PE14   ------> FMC_D11
 118:Core/Src/fmc.c ****   PE15   ------> FMC_D12
 119:Core/Src/fmc.c ****   PD8   ------> FMC_D13
 120:Core/Src/fmc.c ****   PD9   ------> FMC_D14
 121:Core/Src/fmc.c ****   PD10   ------> FMC_D15
 122:Core/Src/fmc.c ****   PD14   ------> FMC_D0
 123:Core/Src/fmc.c ****   PD15   ------> FMC_D1
 124:Core/Src/fmc.c ****   PC7   ------> FMC_NE1
 125:Core/Src/fmc.c ****   PD0   ------> FMC_D2
 126:Core/Src/fmc.c ****   PD1   ------> FMC_D3
 127:Core/Src/fmc.c ****   PD4   ------> FMC_NOE
 128:Core/Src/fmc.c ****   */
 129:Core/Src/fmc.c ****   /* GPIO_InitStruct */
 130:Core/Src/fmc.c ****   GPIO_InitStruct.Pin = GPIO_PIN_0;
 131:Core/Src/fmc.c ****   GPIO_InitStruct.Mode = GPIO_MODE_AF_PP;
 132:Core/Src/fmc.c ****   GPIO_InitStruct.Pull = GPIO_NOPULL;
 133:Core/Src/fmc.c ****   GPIO_InitStruct.Speed = GPIO_SPEED_FREQ_VERY_HIGH;
 134:Core/Src/fmc.c ****   GPIO_InitStruct.Alternate = GPIO_AF12_FMC;
 135:Core/Src/fmc.c **** 
 136:Core/Src/fmc.c ****   HAL_GPIO_Init(GPIOF, &GPIO_InitStruct);
 137:Core/Src/fmc.c **** 
 138:Core/Src/fmc.c ****   /* GPIO_InitStruct */
 139:Core/Src/fmc.c ****   GPIO_InitStruct.Pin = GPIO_PIN_7|GPIO_PIN_8|GPIO_PIN_9|GPIO_PIN_10
 140:Core/Src/fmc.c ****                           |GPIO_PIN_11|GPIO_PIN_12|GPIO_PIN_13|GPIO_PIN_14
 141:Core/Src/fmc.c ****                           |GPIO_PIN_15;
 142:Core/Src/fmc.c ****   GPIO_InitStruct.Mode = GPIO_MODE_AF_PP;
 143:Core/Src/fmc.c ****   GPIO_InitStruct.Pull = GPIO_NOPULL;
 144:Core/Src/fmc.c ****   GPIO_InitStruct.Speed = GPIO_SPEED_FREQ_VERY_HIGH;
 145:Core/Src/fmc.c ****   GPIO_InitStruct.Alternate = GPIO_AF12_FMC;
 146:Core/Src/fmc.c **** 
 147:Core/Src/fmc.c ****   HAL_GPIO_Init(GPIOE, &GPIO_InitStruct);
 148:Core/Src/fmc.c **** 
 149:Core/Src/fmc.c ****   /* GPIO_InitStruct */
 150:Core/Src/fmc.c ****   GPIO_InitStruct.Pin = GPIO_PIN_8|GPIO_PIN_9|GPIO_PIN_10|GPIO_PIN_14
 151:Core/Src/fmc.c ****                           |GPIO_PIN_15|GPIO_PIN_0|GPIO_PIN_1|AD7606_NOE_RD_Pin;
 152:Core/Src/fmc.c ****   GPIO_InitStruct.Mode = GPIO_MODE_AF_PP;
 153:Core/Src/fmc.c ****   GPIO_InitStruct.Pull = GPIO_NOPULL;
 154:Core/Src/fmc.c ****   GPIO_InitStruct.Speed = GPIO_SPEED_FREQ_VERY_HIGH;
 155:Core/Src/fmc.c ****   GPIO_InitStruct.Alternate = GPIO_AF12_FMC;
 156:Core/Src/fmc.c **** 
 157:Core/Src/fmc.c ****   HAL_GPIO_Init(GPIOD, &GPIO_InitStruct);
 158:Core/Src/fmc.c **** 
 159:Core/Src/fmc.c ****   /* GPIO_InitStruct */
 160:Core/Src/fmc.c ****   GPIO_InitStruct.Pin = AD7606_NE1_CS_Pin;
 161:Core/Src/fmc.c ****   GPIO_InitStruct.Mode = GPIO_MODE_AF_PP;
 162:Core/Src/fmc.c ****   GPIO_InitStruct.Pull = GPIO_NOPULL;
 163:Core/Src/fmc.c ****   GPIO_InitStruct.Speed = GPIO_SPEED_FREQ_VERY_HIGH;
 164:Core/Src/fmc.c ****   GPIO_InitStruct.Alternate = GPIO_AF9_FMC;
 165:Core/Src/fmc.c **** 
 166:Core/Src/fmc.c ****   HAL_GPIO_Init(AD7606_NE1_CS_GPIO_Port, &GPIO_InitStruct);
 167:Core/Src/fmc.c **** 
 168:Core/Src/fmc.c ****   /* USER CODE BEGIN FMC_MspInit 1 */
 169:Core/Src/fmc.c **** 
 170:Core/Src/fmc.c ****   /* USER CODE END FMC_MspInit 1 */
 171:Core/Src/fmc.c **** }
  57              		.loc 1 171 1 view .LVU6
  58 0016 39B0     		add	sp, sp, #228
ARM GAS  C:\Users\12491\AppData\Local\Temp\cciIb9J1.s 			page 5


  59              	.LCFI2:
  60              		.cfi_remember_state
  61              		.cfi_def_cfa_offset 20
  62              		@ sp needed
  63 0018 F0BD     		pop	{r4, r5, r6, r7, pc}
  64              	.L6:
  65              	.LCFI3:
  66              		.cfi_restore_state
  93:Core/Src/fmc.c ****   RCC_PeriphCLKInitTypeDef PeriphClkInitStruct = {0};
  67              		.loc 1 93 3 is_stmt 1 view .LVU7
  93:Core/Src/fmc.c ****   RCC_PeriphCLKInitTypeDef PeriphClkInitStruct = {0};
  68              		.loc 1 93 19 is_stmt 0 view .LVU8
  69 001a 294B     		ldr	r3, .L8
  70 001c 0122     		movs	r2, #1
  71 001e 1A60     		str	r2, [r3]
  94:Core/Src/fmc.c **** 
  72              		.loc 1 94 3 is_stmt 1 view .LVU9
  94:Core/Src/fmc.c **** 
  73              		.loc 1 94 28 is_stmt 0 view .LVU10
  74 0020 C022     		movs	r2, #192
  75 0022 0021     		movs	r1, #0
  76 0024 02A8     		add	r0, sp, #8
  77 0026 FFF7FEFF 		bl	memset
  78              	.LVL0:
  98:Core/Src/fmc.c ****     PeriphClkInitStruct.FmcClockSelection = RCC_FMCCLKSOURCE_D1HCLK;
  79              		.loc 1 98 5 is_stmt 1 view .LVU11
  98:Core/Src/fmc.c ****     PeriphClkInitStruct.FmcClockSelection = RCC_FMCCLKSOURCE_D1HCLK;
  80              		.loc 1 98 46 is_stmt 0 view .LVU12
  81 002a 4FF08072 		mov	r2, #16777216
  82 002e 0023     		movs	r3, #0
  83 0030 CDE90223 		strd	r2, [sp, #8]
  99:Core/Src/fmc.c ****     if (HAL_RCCEx_PeriphCLKConfig(&PeriphClkInitStruct) != HAL_OK)
  84              		.loc 1 99 5 is_stmt 1 view .LVU13
 100:Core/Src/fmc.c ****     {
  85              		.loc 1 100 5 view .LVU14
 100:Core/Src/fmc.c ****     {
  86              		.loc 1 100 9 is_stmt 0 view .LVU15
  87 0034 02A8     		add	r0, sp, #8
  88 0036 FFF7FEFF 		bl	HAL_RCCEx_PeriphCLKConfig
  89              	.LVL1:
 100:Core/Src/fmc.c ****     {
  90              		.loc 1 100 8 discriminator 1 view .LVU16
  91 003a 0028     		cmp	r0, #0
  92 003c 3CD1     		bne	.L7
  93              	.L4:
 106:Core/Src/fmc.c **** 
  94              		.loc 1 106 3 is_stmt 1 view .LVU17
  95              	.LBB2:
 106:Core/Src/fmc.c **** 
  96              		.loc 1 106 3 view .LVU18
 106:Core/Src/fmc.c **** 
  97              		.loc 1 106 3 view .LVU19
  98 003e 214B     		ldr	r3, .L8+4
  99 0040 D3F8D420 		ldr	r2, [r3, #212]
 100 0044 42F48052 		orr	r2, r2, #4096
 101 0048 C3F8D420 		str	r2, [r3, #212]
 106:Core/Src/fmc.c **** 
ARM GAS  C:\Users\12491\AppData\Local\Temp\cciIb9J1.s 			page 6


 102              		.loc 1 106 3 view .LVU20
 103 004c D3F8D430 		ldr	r3, [r3, #212]
 104 0050 03F48053 		and	r3, r3, #4096
 105 0054 0193     		str	r3, [sp, #4]
 106:Core/Src/fmc.c **** 
 106              		.loc 1 106 3 view .LVU21
 107 0056 019B     		ldr	r3, [sp, #4]
 108              	.LBE2:
 106:Core/Src/fmc.c **** 
 109              		.loc 1 106 3 view .LVU22
 130:Core/Src/fmc.c ****   GPIO_InitStruct.Mode = GPIO_MODE_AF_PP;
 110              		.loc 1 130 3 view .LVU23
 130:Core/Src/fmc.c ****   GPIO_InitStruct.Mode = GPIO_MODE_AF_PP;
 111              		.loc 1 130 23 is_stmt 0 view .LVU24
 112 0058 0123     		movs	r3, #1
 113 005a 3393     		str	r3, [sp, #204]
 131:Core/Src/fmc.c ****   GPIO_InitStruct.Pull = GPIO_NOPULL;
 114              		.loc 1 131 3 is_stmt 1 view .LVU25
 131:Core/Src/fmc.c ****   GPIO_InitStruct.Pull = GPIO_NOPULL;
 115              		.loc 1 131 24 is_stmt 0 view .LVU26
 116 005c 0226     		movs	r6, #2
 117 005e 3496     		str	r6, [sp, #208]
 132:Core/Src/fmc.c ****   GPIO_InitStruct.Speed = GPIO_SPEED_FREQ_VERY_HIGH;
 118              		.loc 1 132 3 is_stmt 1 view .LVU27
 132:Core/Src/fmc.c ****   GPIO_InitStruct.Speed = GPIO_SPEED_FREQ_VERY_HIGH;
 119              		.loc 1 132 24 is_stmt 0 view .LVU28
 120 0060 0025     		movs	r5, #0
 121 0062 3595     		str	r5, [sp, #212]
 133:Core/Src/fmc.c ****   GPIO_InitStruct.Alternate = GPIO_AF12_FMC;
 122              		.loc 1 133 3 is_stmt 1 view .LVU29
 133:Core/Src/fmc.c ****   GPIO_InitStruct.Alternate = GPIO_AF12_FMC;
 123              		.loc 1 133 25 is_stmt 0 view .LVU30
 124 0064 0324     		movs	r4, #3
 125 0066 3694     		str	r4, [sp, #216]
 134:Core/Src/fmc.c **** 
 126              		.loc 1 134 3 is_stmt 1 view .LVU31
 134:Core/Src/fmc.c **** 
 127              		.loc 1 134 29 is_stmt 0 view .LVU32
 128 0068 0C27     		movs	r7, #12
 129 006a 3797     		str	r7, [sp, #220]
 136:Core/Src/fmc.c **** 
 130              		.loc 1 136 3 is_stmt 1 view .LVU33
 131 006c 33A9     		add	r1, sp, #204
 132 006e 1648     		ldr	r0, .L8+8
 133 0070 FFF7FEFF 		bl	HAL_GPIO_Init
 134              	.LVL2:
 139:Core/Src/fmc.c ****                           |GPIO_PIN_11|GPIO_PIN_12|GPIO_PIN_13|GPIO_PIN_14
 135              		.loc 1 139 3 view .LVU34
 139:Core/Src/fmc.c ****                           |GPIO_PIN_11|GPIO_PIN_12|GPIO_PIN_13|GPIO_PIN_14
 136              		.loc 1 139 23 is_stmt 0 view .LVU35
 137 0074 4FF68073 		movw	r3, #65408
 138 0078 3393     		str	r3, [sp, #204]
 142:Core/Src/fmc.c ****   GPIO_InitStruct.Pull = GPIO_NOPULL;
 139              		.loc 1 142 3 is_stmt 1 view .LVU36
 142:Core/Src/fmc.c ****   GPIO_InitStruct.Pull = GPIO_NOPULL;
 140              		.loc 1 142 24 is_stmt 0 view .LVU37
 141 007a 3496     		str	r6, [sp, #208]
ARM GAS  C:\Users\12491\AppData\Local\Temp\cciIb9J1.s 			page 7


 143:Core/Src/fmc.c ****   GPIO_InitStruct.Speed = GPIO_SPEED_FREQ_VERY_HIGH;
 142              		.loc 1 143 3 is_stmt 1 view .LVU38
 143:Core/Src/fmc.c ****   GPIO_InitStruct.Speed = GPIO_SPEED_FREQ_VERY_HIGH;
 143              		.loc 1 143 24 is_stmt 0 view .LVU39
 144 007c 3595     		str	r5, [sp, #212]
 144:Core/Src/fmc.c ****   GPIO_InitStruct.Alternate = GPIO_AF12_FMC;
 145              		.loc 1 144 3 is_stmt 1 view .LVU40
 144:Core/Src/fmc.c ****   GPIO_InitStruct.Alternate = GPIO_AF12_FMC;
 146              		.loc 1 144 25 is_stmt 0 view .LVU41
 147 007e 3694     		str	r4, [sp, #216]
 145:Core/Src/fmc.c **** 
 148              		.loc 1 145 3 is_stmt 1 view .LVU42
 145:Core/Src/fmc.c **** 
 149              		.loc 1 145 29 is_stmt 0 view .LVU43
 150 0080 3797     		str	r7, [sp, #220]
 147:Core/Src/fmc.c **** 
 151              		.loc 1 147 3 is_stmt 1 view .LVU44
 152 0082 33A9     		add	r1, sp, #204
 153 0084 1148     		ldr	r0, .L8+12
 154 0086 FFF7FEFF 		bl	HAL_GPIO_Init
 155              	.LVL3:
 150:Core/Src/fmc.c ****                           |GPIO_PIN_15|GPIO_PIN_0|GPIO_PIN_1|AD7606_NOE_RD_Pin;
 156              		.loc 1 150 3 view .LVU45
 150:Core/Src/fmc.c ****                           |GPIO_PIN_15|GPIO_PIN_0|GPIO_PIN_1|AD7606_NOE_RD_Pin;
 157              		.loc 1 150 23 is_stmt 0 view .LVU46
 158 008a 4CF21373 		movw	r3, #50963
 159 008e 3393     		str	r3, [sp, #204]
 152:Core/Src/fmc.c ****   GPIO_InitStruct.Pull = GPIO_NOPULL;
 160              		.loc 1 152 3 is_stmt 1 view .LVU47
 152:Core/Src/fmc.c ****   GPIO_InitStruct.Pull = GPIO_NOPULL;
 161              		.loc 1 152 24 is_stmt 0 view .LVU48
 162 0090 3496     		str	r6, [sp, #208]
 153:Core/Src/fmc.c ****   GPIO_InitStruct.Speed = GPIO_SPEED_FREQ_VERY_HIGH;
 163              		.loc 1 153 3 is_stmt 1 view .LVU49
 153:Core/Src/fmc.c ****   GPIO_InitStruct.Speed = GPIO_SPEED_FREQ_VERY_HIGH;
 164              		.loc 1 153 24 is_stmt 0 view .LVU50
 165 0092 3595     		str	r5, [sp, #212]
 154:Core/Src/fmc.c ****   GPIO_InitStruct.Alternate = GPIO_AF12_FMC;
 166              		.loc 1 154 3 is_stmt 1 view .LVU51
 154:Core/Src/fmc.c ****   GPIO_InitStruct.Alternate = GPIO_AF12_FMC;
 167              		.loc 1 154 25 is_stmt 0 view .LVU52
 168 0094 3694     		str	r4, [sp, #216]
 155:Core/Src/fmc.c **** 
 169              		.loc 1 155 3 is_stmt 1 view .LVU53
 155:Core/Src/fmc.c **** 
 170              		.loc 1 155 29 is_stmt 0 view .LVU54
 171 0096 3797     		str	r7, [sp, #220]
 157:Core/Src/fmc.c **** 
 172              		.loc 1 157 3 is_stmt 1 view .LVU55
 173 0098 33A9     		add	r1, sp, #204
 174 009a 0D48     		ldr	r0, .L8+16
 175 009c FFF7FEFF 		bl	HAL_GPIO_Init
 176              	.LVL4:
 160:Core/Src/fmc.c ****   GPIO_InitStruct.Mode = GPIO_MODE_AF_PP;
 177              		.loc 1 160 3 view .LVU56
 160:Core/Src/fmc.c ****   GPIO_InitStruct.Mode = GPIO_MODE_AF_PP;
 178              		.loc 1 160 23 is_stmt 0 view .LVU57
ARM GAS  C:\Users\12491\AppData\Local\Temp\cciIb9J1.s 			page 8


 179 00a0 8023     		movs	r3, #128
 180 00a2 3393     		str	r3, [sp, #204]
 161:Core/Src/fmc.c ****   GPIO_InitStruct.Pull = GPIO_NOPULL;
 181              		.loc 1 161 3 is_stmt 1 view .LVU58
 161:Core/Src/fmc.c ****   GPIO_InitStruct.Pull = GPIO_NOPULL;
 182              		.loc 1 161 24 is_stmt 0 view .LVU59
 183 00a4 3496     		str	r6, [sp, #208]
 162:Core/Src/fmc.c ****   GPIO_InitStruct.Speed = GPIO_SPEED_FREQ_VERY_HIGH;
 184              		.loc 1 162 3 is_stmt 1 view .LVU60
 162:Core/Src/fmc.c ****   GPIO_InitStruct.Speed = GPIO_SPEED_FREQ_VERY_HIGH;
 185              		.loc 1 162 24 is_stmt 0 view .LVU61
 186 00a6 3595     		str	r5, [sp, #212]
 163:Core/Src/fmc.c ****   GPIO_InitStruct.Alternate = GPIO_AF9_FMC;
 187              		.loc 1 163 3 is_stmt 1 view .LVU62
 163:Core/Src/fmc.c ****   GPIO_InitStruct.Alternate = GPIO_AF9_FMC;
 188              		.loc 1 163 25 is_stmt 0 view .LVU63
 189 00a8 3694     		str	r4, [sp, #216]
 164:Core/Src/fmc.c **** 
 190              		.loc 1 164 3 is_stmt 1 view .LVU64
 164:Core/Src/fmc.c **** 
 191              		.loc 1 164 29 is_stmt 0 view .LVU65
 192 00aa 0923     		movs	r3, #9
 193 00ac 3793     		str	r3, [sp, #220]
 166:Core/Src/fmc.c **** 
 194              		.loc 1 166 3 is_stmt 1 view .LVU66
 195 00ae 33A9     		add	r1, sp, #204
 196 00b0 0848     		ldr	r0, .L8+20
 197 00b2 FFF7FEFF 		bl	HAL_GPIO_Init
 198              	.LVL5:
 199 00b6 AEE7     		b	.L1
 200              	.L7:
 102:Core/Src/fmc.c ****     }
 201              		.loc 1 102 7 view .LVU67
 202 00b8 FFF7FEFF 		bl	Error_Handler
 203              	.LVL6:
 204 00bc BFE7     		b	.L4
 205              	.L9:
 206 00be 00BF     		.align	2
 207              	.L8:
 208 00c0 00000000 		.word	FMC_Initialized
 209 00c4 00440258 		.word	1476543488
 210 00c8 00140258 		.word	1476531200
 211 00cc 00100258 		.word	1476530176
 212 00d0 000C0258 		.word	1476529152
 213 00d4 00080258 		.word	1476528128
 214              		.cfi_endproc
 215              	.LFE145:
 217              		.section	.text.HAL_FMC_MspDeInit,"ax",%progbits
 218              		.align	1
 219              		.syntax unified
 220              		.thumb
 221              		.thumb_func
 223              	HAL_FMC_MspDeInit:
 224              	.LFB147:
 172:Core/Src/fmc.c **** 
 173:Core/Src/fmc.c **** void HAL_SRAM_MspInit(SRAM_HandleTypeDef* sramHandle){
 174:Core/Src/fmc.c ****   /* USER CODE BEGIN SRAM_MspInit 0 */
ARM GAS  C:\Users\12491\AppData\Local\Temp\cciIb9J1.s 			page 9


 175:Core/Src/fmc.c **** 
 176:Core/Src/fmc.c ****   /* USER CODE END SRAM_MspInit 0 */
 177:Core/Src/fmc.c ****   HAL_FMC_MspInit();
 178:Core/Src/fmc.c ****   /* USER CODE BEGIN SRAM_MspInit 1 */
 179:Core/Src/fmc.c **** 
 180:Core/Src/fmc.c ****   /* USER CODE END SRAM_MspInit 1 */
 181:Core/Src/fmc.c **** }
 182:Core/Src/fmc.c **** 
 183:Core/Src/fmc.c **** static uint32_t FMC_DeInitialized = 0;
 184:Core/Src/fmc.c **** 
 185:Core/Src/fmc.c **** static void HAL_FMC_MspDeInit(void){
 225              		.loc 1 185 36 view -0
 226              		.cfi_startproc
 227              		@ args = 0, pretend = 0, frame = 0
 228              		@ frame_needed = 0, uses_anonymous_args = 0
 229 0000 08B5     		push	{r3, lr}
 230              	.LCFI4:
 231              		.cfi_def_cfa_offset 8
 232              		.cfi_offset 3, -8
 233              		.cfi_offset 14, -4
 186:Core/Src/fmc.c ****   /* USER CODE BEGIN FMC_MspDeInit 0 */
 187:Core/Src/fmc.c **** 
 188:Core/Src/fmc.c ****   /* USER CODE END FMC_MspDeInit 0 */
 189:Core/Src/fmc.c ****   if (FMC_DeInitialized) {
 234              		.loc 1 189 3 view .LVU69
 235              		.loc 1 189 7 is_stmt 0 view .LVU70
 236 0002 104B     		ldr	r3, .L14
 237 0004 1B68     		ldr	r3, [r3]
 238              		.loc 1 189 6 view .LVU71
 239 0006 03B1     		cbz	r3, .L13
 240              	.L10:
 190:Core/Src/fmc.c ****     return;
 191:Core/Src/fmc.c ****   }
 192:Core/Src/fmc.c ****   FMC_DeInitialized = 1;
 193:Core/Src/fmc.c ****   /* Peripheral clock enable */
 194:Core/Src/fmc.c ****   __HAL_RCC_FMC_CLK_DISABLE();
 195:Core/Src/fmc.c **** 
 196:Core/Src/fmc.c ****   /** FMC GPIO Configuration
 197:Core/Src/fmc.c ****   PF0   ------> FMC_A0
 198:Core/Src/fmc.c ****   PE7   ------> FMC_D4
 199:Core/Src/fmc.c ****   PE8   ------> FMC_D5
 200:Core/Src/fmc.c ****   PE9   ------> FMC_D6
 201:Core/Src/fmc.c ****   PE10   ------> FMC_D7
 202:Core/Src/fmc.c ****   PE11   ------> FMC_D8
 203:Core/Src/fmc.c ****   PE12   ------> FMC_D9
 204:Core/Src/fmc.c ****   PE13   ------> FMC_D10
 205:Core/Src/fmc.c ****   PE14   ------> FMC_D11
 206:Core/Src/fmc.c ****   PE15   ------> FMC_D12
 207:Core/Src/fmc.c ****   PD8   ------> FMC_D13
 208:Core/Src/fmc.c ****   PD9   ------> FMC_D14
 209:Core/Src/fmc.c ****   PD10   ------> FMC_D15
 210:Core/Src/fmc.c ****   PD14   ------> FMC_D0
 211:Core/Src/fmc.c ****   PD15   ------> FMC_D1
 212:Core/Src/fmc.c ****   PC7   ------> FMC_NE1
 213:Core/Src/fmc.c ****   PD0   ------> FMC_D2
 214:Core/Src/fmc.c ****   PD1   ------> FMC_D3
 215:Core/Src/fmc.c ****   PD4   ------> FMC_NOE
ARM GAS  C:\Users\12491\AppData\Local\Temp\cciIb9J1.s 			page 10


 216:Core/Src/fmc.c ****   */
 217:Core/Src/fmc.c **** 
 218:Core/Src/fmc.c ****   HAL_GPIO_DeInit(GPIOF, GPIO_PIN_0);
 219:Core/Src/fmc.c **** 
 220:Core/Src/fmc.c ****   HAL_GPIO_DeInit(GPIOE, GPIO_PIN_7|GPIO_PIN_8|GPIO_PIN_9|GPIO_PIN_10
 221:Core/Src/fmc.c ****                           |GPIO_PIN_11|GPIO_PIN_12|GPIO_PIN_13|GPIO_PIN_14
 222:Core/Src/fmc.c ****                           |GPIO_PIN_15);
 223:Core/Src/fmc.c **** 
 224:Core/Src/fmc.c ****   HAL_GPIO_DeInit(GPIOD, GPIO_PIN_8|GPIO_PIN_9|GPIO_PIN_10|GPIO_PIN_14
 225:Core/Src/fmc.c ****                           |GPIO_PIN_15|GPIO_PIN_0|GPIO_PIN_1|AD7606_NOE_RD_Pin);
 226:Core/Src/fmc.c **** 
 227:Core/Src/fmc.c ****   HAL_GPIO_DeInit(AD7606_NE1_CS_GPIO_Port, AD7606_NE1_CS_Pin);
 228:Core/Src/fmc.c **** 
 229:Core/Src/fmc.c ****   /* USER CODE BEGIN FMC_MspDeInit 1 */
 230:Core/Src/fmc.c **** 
 231:Core/Src/fmc.c ****   /* USER CODE END FMC_MspDeInit 1 */
 232:Core/Src/fmc.c **** }
 241              		.loc 1 232 1 view .LVU72
 242 0008 08BD     		pop	{r3, pc}
 243              	.L13:
 192:Core/Src/fmc.c ****   /* Peripheral clock enable */
 244              		.loc 1 192 3 is_stmt 1 view .LVU73
 192:Core/Src/fmc.c ****   /* Peripheral clock enable */
 245              		.loc 1 192 21 is_stmt 0 view .LVU74
 246 000a 0121     		movs	r1, #1
 247 000c 0D4B     		ldr	r3, .L14
 248 000e 1960     		str	r1, [r3]
 194:Core/Src/fmc.c **** 
 249              		.loc 1 194 3 is_stmt 1 view .LVU75
 250 0010 0D4A     		ldr	r2, .L14+4
 251 0012 D2F8D430 		ldr	r3, [r2, #212]
 252 0016 23F48053 		bic	r3, r3, #4096
 253 001a C2F8D430 		str	r3, [r2, #212]
 218:Core/Src/fmc.c **** 
 254              		.loc 1 218 3 view .LVU76
 255 001e 0B48     		ldr	r0, .L14+8
 256 0020 FFF7FEFF 		bl	HAL_GPIO_DeInit
 257              	.LVL7:
 220:Core/Src/fmc.c ****                           |GPIO_PIN_11|GPIO_PIN_12|GPIO_PIN_13|GPIO_PIN_14
 258              		.loc 1 220 3 view .LVU77
 259 0024 4FF68071 		movw	r1, #65408
 260 0028 0948     		ldr	r0, .L14+12
 261 002a FFF7FEFF 		bl	HAL_GPIO_DeInit
 262              	.LVL8:
 224:Core/Src/fmc.c ****                           |GPIO_PIN_15|GPIO_PIN_0|GPIO_PIN_1|AD7606_NOE_RD_Pin);
 263              		.loc 1 224 3 view .LVU78
 264 002e 4CF21371 		movw	r1, #50963
 265 0032 0848     		ldr	r0, .L14+16
 266 0034 FFF7FEFF 		bl	HAL_GPIO_DeInit
 267              	.LVL9:
 227:Core/Src/fmc.c **** 
 268              		.loc 1 227 3 view .LVU79
 269 0038 8021     		movs	r1, #128
 270 003a 0748     		ldr	r0, .L14+20
 271 003c FFF7FEFF 		bl	HAL_GPIO_DeInit
 272              	.LVL10:
 273 0040 E2E7     		b	.L10
ARM GAS  C:\Users\12491\AppData\Local\Temp\cciIb9J1.s 			page 11


 274              	.L15:
 275 0042 00BF     		.align	2
 276              	.L14:
 277 0044 00000000 		.word	FMC_DeInitialized
 278 0048 00440258 		.word	1476543488
 279 004c 00140258 		.word	1476531200
 280 0050 00100258 		.word	1476530176
 281 0054 000C0258 		.word	1476529152
 282 0058 00080258 		.word	1476528128
 283              		.cfi_endproc
 284              	.LFE147:
 286              		.section	.text.MX_FMC_Init,"ax",%progbits
 287              		.align	1
 288              		.global	MX_FMC_Init
 289              		.syntax unified
 290              		.thumb
 291              		.thumb_func
 293              	MX_FMC_Init:
 294              	.LFB144:
  32:Core/Src/fmc.c ****   /* USER CODE BEGIN FMC_Init 0 */
 295              		.loc 1 32 1 view -0
 296              		.cfi_startproc
 297              		@ args = 0, pretend = 0, frame = 32
 298              		@ frame_needed = 0, uses_anonymous_args = 0
 299 0000 00B5     		push	{lr}
 300              	.LCFI5:
 301              		.cfi_def_cfa_offset 4
 302              		.cfi_offset 14, -4
 303 0002 89B0     		sub	sp, sp, #36
 304              	.LCFI6:
 305              		.cfi_def_cfa_offset 40
  37:Core/Src/fmc.c **** 
 306              		.loc 1 37 3 view .LVU81
  37:Core/Src/fmc.c **** 
 307              		.loc 1 37 29 is_stmt 0 view .LVU82
 308 0004 0022     		movs	r2, #0
 309 0006 0192     		str	r2, [sp, #4]
 310 0008 0292     		str	r2, [sp, #8]
 311 000a 0392     		str	r2, [sp, #12]
 312 000c 0492     		str	r2, [sp, #16]
 313 000e 0592     		str	r2, [sp, #20]
 314 0010 0692     		str	r2, [sp, #24]
 315 0012 0792     		str	r2, [sp, #28]
  45:Core/Src/fmc.c ****   hsram2.Extended = FMC_NORSRAM_EXTENDED_DEVICE;
 316              		.loc 1 45 3 is_stmt 1 view .LVU83
  45:Core/Src/fmc.c ****   hsram2.Extended = FMC_NORSRAM_EXTENDED_DEVICE;
 317              		.loc 1 45 19 is_stmt 0 view .LVU84
 318 0014 1448     		ldr	r0, .L20
 319 0016 154B     		ldr	r3, .L20+4
 320 0018 0360     		str	r3, [r0]
  46:Core/Src/fmc.c ****   /* hsram2.Init */
 321              		.loc 1 46 3 is_stmt 1 view .LVU85
  46:Core/Src/fmc.c ****   /* hsram2.Init */
 322              		.loc 1 46 19 is_stmt 0 view .LVU86
 323 001a 03F58273 		add	r3, r3, #260
 324 001e 4360     		str	r3, [r0, #4]
  48:Core/Src/fmc.c ****   hsram2.Init.DataAddressMux = FMC_DATA_ADDRESS_MUX_DISABLE;
ARM GAS  C:\Users\12491\AppData\Local\Temp\cciIb9J1.s 			page 12


 325              		.loc 1 48 3 is_stmt 1 view .LVU87
  48:Core/Src/fmc.c ****   hsram2.Init.DataAddressMux = FMC_DATA_ADDRESS_MUX_DISABLE;
 326              		.loc 1 48 22 is_stmt 0 view .LVU88
 327 0020 8260     		str	r2, [r0, #8]
  49:Core/Src/fmc.c ****   hsram2.Init.MemoryType = FMC_MEMORY_TYPE_SRAM;
 328              		.loc 1 49 3 is_stmt 1 view .LVU89
  49:Core/Src/fmc.c ****   hsram2.Init.MemoryType = FMC_MEMORY_TYPE_SRAM;
 329              		.loc 1 49 30 is_stmt 0 view .LVU90
 330 0022 C260     		str	r2, [r0, #12]
  50:Core/Src/fmc.c ****   hsram2.Init.MemoryDataWidth = FMC_NORSRAM_MEM_BUS_WIDTH_16;
 331              		.loc 1 50 3 is_stmt 1 view .LVU91
  50:Core/Src/fmc.c ****   hsram2.Init.MemoryDataWidth = FMC_NORSRAM_MEM_BUS_WIDTH_16;
 332              		.loc 1 50 26 is_stmt 0 view .LVU92
 333 0024 0261     		str	r2, [r0, #16]
  51:Core/Src/fmc.c ****   hsram2.Init.BurstAccessMode = FMC_BURST_ACCESS_MODE_DISABLE;
 334              		.loc 1 51 3 is_stmt 1 view .LVU93
  51:Core/Src/fmc.c ****   hsram2.Init.BurstAccessMode = FMC_BURST_ACCESS_MODE_DISABLE;
 335              		.loc 1 51 31 is_stmt 0 view .LVU94
 336 0026 1023     		movs	r3, #16
 337 0028 4361     		str	r3, [r0, #20]
  52:Core/Src/fmc.c ****   hsram2.Init.WaitSignalPolarity = FMC_WAIT_SIGNAL_POLARITY_LOW;
 338              		.loc 1 52 3 is_stmt 1 view .LVU95
  52:Core/Src/fmc.c ****   hsram2.Init.WaitSignalPolarity = FMC_WAIT_SIGNAL_POLARITY_LOW;
 339              		.loc 1 52 31 is_stmt 0 view .LVU96
 340 002a 8261     		str	r2, [r0, #24]
  53:Core/Src/fmc.c ****   hsram2.Init.WaitSignalActive = FMC_WAIT_TIMING_BEFORE_WS;
 341              		.loc 1 53 3 is_stmt 1 view .LVU97
  53:Core/Src/fmc.c ****   hsram2.Init.WaitSignalActive = FMC_WAIT_TIMING_BEFORE_WS;
 342              		.loc 1 53 34 is_stmt 0 view .LVU98
 343 002c C261     		str	r2, [r0, #28]
  54:Core/Src/fmc.c ****   hsram2.Init.WriteOperation = FMC_WRITE_OPERATION_DISABLE;
 344              		.loc 1 54 3 is_stmt 1 view .LVU99
  54:Core/Src/fmc.c ****   hsram2.Init.WriteOperation = FMC_WRITE_OPERATION_DISABLE;
 345              		.loc 1 54 32 is_stmt 0 view .LVU100
 346 002e 0262     		str	r2, [r0, #32]
  55:Core/Src/fmc.c ****   hsram2.Init.WaitSignal = FMC_WAIT_SIGNAL_DISABLE;
 347              		.loc 1 55 3 is_stmt 1 view .LVU101
  55:Core/Src/fmc.c ****   hsram2.Init.WaitSignal = FMC_WAIT_SIGNAL_DISABLE;
 348              		.loc 1 55 30 is_stmt 0 view .LVU102
 349 0030 4262     		str	r2, [r0, #36]
  56:Core/Src/fmc.c ****   hsram2.Init.ExtendedMode = FMC_EXTENDED_MODE_DISABLE;
 350              		.loc 1 56 3 is_stmt 1 view .LVU103
  56:Core/Src/fmc.c ****   hsram2.Init.ExtendedMode = FMC_EXTENDED_MODE_DISABLE;
 351              		.loc 1 56 26 is_stmt 0 view .LVU104
 352 0032 8262     		str	r2, [r0, #40]
  57:Core/Src/fmc.c ****   hsram2.Init.AsynchronousWait = FMC_ASYNCHRONOUS_WAIT_DISABLE;
 353              		.loc 1 57 3 is_stmt 1 view .LVU105
  57:Core/Src/fmc.c ****   hsram2.Init.AsynchronousWait = FMC_ASYNCHRONOUS_WAIT_DISABLE;
 354              		.loc 1 57 28 is_stmt 0 view .LVU106
 355 0034 C262     		str	r2, [r0, #44]
  58:Core/Src/fmc.c ****   hsram2.Init.WriteBurst = FMC_WRITE_BURST_DISABLE;
 356              		.loc 1 58 3 is_stmt 1 view .LVU107
  58:Core/Src/fmc.c ****   hsram2.Init.WriteBurst = FMC_WRITE_BURST_DISABLE;
 357              		.loc 1 58 32 is_stmt 0 view .LVU108
 358 0036 0263     		str	r2, [r0, #48]
  59:Core/Src/fmc.c ****   hsram2.Init.ContinuousClock = FMC_CONTINUOUS_CLOCK_SYNC_ONLY;
 359              		.loc 1 59 3 is_stmt 1 view .LVU109
ARM GAS  C:\Users\12491\AppData\Local\Temp\cciIb9J1.s 			page 13


  59:Core/Src/fmc.c ****   hsram2.Init.ContinuousClock = FMC_CONTINUOUS_CLOCK_SYNC_ONLY;
 360              		.loc 1 59 26 is_stmt 0 view .LVU110
 361 0038 4263     		str	r2, [r0, #52]
  60:Core/Src/fmc.c ****   hsram2.Init.WriteFifo = FMC_WRITE_FIFO_ENABLE;
 362              		.loc 1 60 3 is_stmt 1 view .LVU111
  60:Core/Src/fmc.c ****   hsram2.Init.WriteFifo = FMC_WRITE_FIFO_ENABLE;
 363              		.loc 1 60 31 is_stmt 0 view .LVU112
 364 003a 8263     		str	r2, [r0, #56]
  61:Core/Src/fmc.c ****   hsram2.Init.PageSize = FMC_PAGE_SIZE_NONE;
 365              		.loc 1 61 3 is_stmt 1 view .LVU113
  61:Core/Src/fmc.c ****   hsram2.Init.PageSize = FMC_PAGE_SIZE_NONE;
 366              		.loc 1 61 25 is_stmt 0 view .LVU114
 367 003c C263     		str	r2, [r0, #60]
  62:Core/Src/fmc.c ****   /* Timing */
 368              		.loc 1 62 3 is_stmt 1 view .LVU115
  62:Core/Src/fmc.c ****   /* Timing */
 369              		.loc 1 62 24 is_stmt 0 view .LVU116
 370 003e 0264     		str	r2, [r0, #64]
  64:Core/Src/fmc.c ****   Timing.AddressHoldTime = 15;
 371              		.loc 1 64 3 is_stmt 1 view .LVU117
  64:Core/Src/fmc.c ****   Timing.AddressHoldTime = 15;
 372              		.loc 1 64 27 is_stmt 0 view .LVU118
 373 0040 0421     		movs	r1, #4
 374 0042 0191     		str	r1, [sp, #4]
  65:Core/Src/fmc.c ****   Timing.DataSetupTime = 5;
 375              		.loc 1 65 3 is_stmt 1 view .LVU119
  65:Core/Src/fmc.c ****   Timing.DataSetupTime = 5;
 376              		.loc 1 65 26 is_stmt 0 view .LVU120
 377 0044 0F21     		movs	r1, #15
 378 0046 0291     		str	r1, [sp, #8]
  66:Core/Src/fmc.c ****   Timing.BusTurnAroundDuration = 0;
 379              		.loc 1 66 3 is_stmt 1 view .LVU121
  66:Core/Src/fmc.c ****   Timing.BusTurnAroundDuration = 0;
 380              		.loc 1 66 24 is_stmt 0 view .LVU122
 381 0048 0521     		movs	r1, #5
 382 004a 0391     		str	r1, [sp, #12]
  67:Core/Src/fmc.c ****   Timing.CLKDivision = 16;
 383              		.loc 1 67 3 is_stmt 1 view .LVU123
  68:Core/Src/fmc.c ****   Timing.DataLatency = 17;
 384              		.loc 1 68 3 view .LVU124
  68:Core/Src/fmc.c ****   Timing.DataLatency = 17;
 385              		.loc 1 68 22 is_stmt 0 view .LVU125
 386 004c 0593     		str	r3, [sp, #20]
  69:Core/Src/fmc.c ****   Timing.AccessMode = FMC_ACCESS_MODE_A;
 387              		.loc 1 69 3 is_stmt 1 view .LVU126
  69:Core/Src/fmc.c ****   Timing.AccessMode = FMC_ACCESS_MODE_A;
 388              		.loc 1 69 22 is_stmt 0 view .LVU127
 389 004e 1123     		movs	r3, #17
 390 0050 0693     		str	r3, [sp, #24]
  70:Core/Src/fmc.c ****   /* ExtTiming */
 391              		.loc 1 70 3 is_stmt 1 view .LVU128
  73:Core/Src/fmc.c ****   {
 392              		.loc 1 73 3 view .LVU129
  73:Core/Src/fmc.c ****   {
 393              		.loc 1 73 7 is_stmt 0 view .LVU130
 394 0052 01A9     		add	r1, sp, #4
 395 0054 FFF7FEFF 		bl	HAL_SRAM_Init
ARM GAS  C:\Users\12491\AppData\Local\Temp\cciIb9J1.s 			page 14


 396              	.LVL11:
  73:Core/Src/fmc.c ****   {
 397              		.loc 1 73 6 discriminator 1 view .LVU131
 398 0058 10B9     		cbnz	r0, .L19
 399              	.L16:
  81:Core/Src/fmc.c **** 
 400              		.loc 1 81 1 view .LVU132
 401 005a 09B0     		add	sp, sp, #36
 402              	.LCFI7:
 403              		.cfi_remember_state
 404              		.cfi_def_cfa_offset 4
 405              		@ sp needed
 406 005c 5DF804FB 		ldr	pc, [sp], #4
 407              	.L19:
 408              	.LCFI8:
 409              		.cfi_restore_state
  75:Core/Src/fmc.c ****   }
 410              		.loc 1 75 5 is_stmt 1 view .LVU133
 411 0060 FFF7FEFF 		bl	Error_Handler
 412              	.LVL12:
  81:Core/Src/fmc.c **** 
 413              		.loc 1 81 1 is_stmt 0 view .LVU134
 414 0064 F9E7     		b	.L16
 415              	.L21:
 416 0066 00BF     		.align	2
 417              	.L20:
 418 0068 00000000 		.word	hsram2
 419 006c 00400052 		.word	1375748096
 420              		.cfi_endproc
 421              	.LFE144:
 423              		.section	.text.HAL_SRAM_MspInit,"ax",%progbits
 424              		.align	1
 425              		.global	HAL_SRAM_MspInit
 426              		.syntax unified
 427              		.thumb
 428              		.thumb_func
 430              	HAL_SRAM_MspInit:
 431              	.LVL13:
 432              	.LFB146:
 173:Core/Src/fmc.c ****   /* USER CODE BEGIN SRAM_MspInit 0 */
 433              		.loc 1 173 54 is_stmt 1 view -0
 434              		.cfi_startproc
 435              		@ args = 0, pretend = 0, frame = 0
 436              		@ frame_needed = 0, uses_anonymous_args = 0
 173:Core/Src/fmc.c ****   /* USER CODE BEGIN SRAM_MspInit 0 */
 437              		.loc 1 173 54 is_stmt 0 view .LVU136
 438 0000 08B5     		push	{r3, lr}
 439              	.LCFI9:
 440              		.cfi_def_cfa_offset 8
 441              		.cfi_offset 3, -8
 442              		.cfi_offset 14, -4
 177:Core/Src/fmc.c ****   /* USER CODE BEGIN SRAM_MspInit 1 */
 443              		.loc 1 177 3 is_stmt 1 view .LVU137
 444 0002 FFF7FEFF 		bl	HAL_FMC_MspInit
 445              	.LVL14:
 181:Core/Src/fmc.c **** 
 446              		.loc 1 181 1 is_stmt 0 view .LVU138
ARM GAS  C:\Users\12491\AppData\Local\Temp\cciIb9J1.s 			page 15


 447 0006 08BD     		pop	{r3, pc}
 448              		.cfi_endproc
 449              	.LFE146:
 451              		.section	.text.HAL_SRAM_MspDeInit,"ax",%progbits
 452              		.align	1
 453              		.global	HAL_SRAM_MspDeInit
 454              		.syntax unified
 455              		.thumb
 456              		.thumb_func
 458              	HAL_SRAM_MspDeInit:
 459              	.LVL15:
 460              	.LFB148:
 233:Core/Src/fmc.c **** 
 234:Core/Src/fmc.c **** void HAL_SRAM_MspDeInit(SRAM_HandleTypeDef* sramHandle){
 461              		.loc 1 234 56 is_stmt 1 view -0
 462              		.cfi_startproc
 463              		@ args = 0, pretend = 0, frame = 0
 464              		@ frame_needed = 0, uses_anonymous_args = 0
 465              		.loc 1 234 56 is_stmt 0 view .LVU140
 466 0000 08B5     		push	{r3, lr}
 467              	.LCFI10:
 468              		.cfi_def_cfa_offset 8
 469              		.cfi_offset 3, -8
 470              		.cfi_offset 14, -4
 235:Core/Src/fmc.c ****   /* USER CODE BEGIN SRAM_MspDeInit 0 */
 236:Core/Src/fmc.c **** 
 237:Core/Src/fmc.c ****   /* USER CODE END SRAM_MspDeInit 0 */
 238:Core/Src/fmc.c ****   HAL_FMC_MspDeInit();
 471              		.loc 1 238 3 is_stmt 1 view .LVU141
 472 0002 FFF7FEFF 		bl	HAL_FMC_MspDeInit
 473              	.LVL16:
 239:Core/Src/fmc.c ****   /* USER CODE BEGIN SRAM_MspDeInit 1 */
 240:Core/Src/fmc.c **** 
 241:Core/Src/fmc.c ****   /* USER CODE END SRAM_MspDeInit 1 */
 242:Core/Src/fmc.c **** }
 474              		.loc 1 242 1 is_stmt 0 view .LVU142
 475 0006 08BD     		pop	{r3, pc}
 476              		.cfi_endproc
 477              	.LFE148:
 479              		.section	.bss.FMC_DeInitialized,"aw",%nobits
 480              		.align	2
 483              	FMC_DeInitialized:
 484 0000 00000000 		.space	4
 485              		.section	.bss.FMC_Initialized,"aw",%nobits
 486              		.align	2
 489              	FMC_Initialized:
 490 0000 00000000 		.space	4
 491              		.global	hsram2
 492              		.section	.bss.hsram2,"aw",%nobits
 493              		.align	2
 496              	hsram2:
 497 0000 00000000 		.space	76
 497      00000000 
 497      00000000 
 497      00000000 
 497      00000000 
 498              		.text
ARM GAS  C:\Users\12491\AppData\Local\Temp\cciIb9J1.s 			page 16


 499              	.Letext0:
 500              		.file 2 "C:\\Program Files\\STMicroelectronics\\STM32Cube\\STM32CubeCLT_1.20.0\\GNU-tools-for-STM3
 501              		.file 3 "C:\\Program Files\\STMicroelectronics\\STM32Cube\\STM32CubeCLT_1.20.0\\GNU-tools-for-STM3
 502              		.file 4 "Drivers/CMSIS/Device/ST/STM32H7xx/Include/stm32h743xx.h"
 503              		.file 5 "Drivers/STM32H7xx_HAL_Driver/Inc/stm32h7xx_hal_def.h"
 504              		.file 6 "Drivers/STM32H7xx_HAL_Driver/Inc/stm32h7xx_hal_rcc_ex.h"
 505              		.file 7 "Drivers/STM32H7xx_HAL_Driver/Inc/stm32h7xx_hal_gpio.h"
 506              		.file 8 "Drivers/STM32H7xx_HAL_Driver/Inc/stm32h7xx_hal_mdma.h"
 507              		.file 9 "Drivers/STM32H7xx_HAL_Driver/Inc/stm32h7xx_ll_fmc.h"
 508              		.file 10 "Drivers/STM32H7xx_HAL_Driver/Inc/stm32h7xx_hal_sram.h"
 509              		.file 11 "Core/Inc/fmc.h"
 510              		.file 12 "Core/Inc/main.h"
 511              		.file 13 "<built-in>"
ARM GAS  C:\Users\12491\AppData\Local\Temp\cciIb9J1.s 			page 17


DEFINED SYMBOLS
                            *ABS*:00000000 fmc.c
C:\Users\12491\AppData\Local\Temp\cciIb9J1.s:20     .text.HAL_FMC_MspInit:00000000 $t
C:\Users\12491\AppData\Local\Temp\cciIb9J1.s:25     .text.HAL_FMC_MspInit:00000000 HAL_FMC_MspInit
C:\Users\12491\AppData\Local\Temp\cciIb9J1.s:208    .text.HAL_FMC_MspInit:000000c0 $d
C:\Users\12491\AppData\Local\Temp\cciIb9J1.s:489    .bss.FMC_Initialized:00000000 FMC_Initialized
C:\Users\12491\AppData\Local\Temp\cciIb9J1.s:218    .text.HAL_FMC_MspDeInit:00000000 $t
C:\Users\12491\AppData\Local\Temp\cciIb9J1.s:223    .text.HAL_FMC_MspDeInit:00000000 HAL_FMC_MspDeInit
C:\Users\12491\AppData\Local\Temp\cciIb9J1.s:277    .text.HAL_FMC_MspDeInit:00000044 $d
C:\Users\12491\AppData\Local\Temp\cciIb9J1.s:483    .bss.FMC_DeInitialized:00000000 FMC_DeInitialized
C:\Users\12491\AppData\Local\Temp\cciIb9J1.s:287    .text.MX_FMC_Init:00000000 $t
C:\Users\12491\AppData\Local\Temp\cciIb9J1.s:293    .text.MX_FMC_Init:00000000 MX_FMC_Init
C:\Users\12491\AppData\Local\Temp\cciIb9J1.s:418    .text.MX_FMC_Init:00000068 $d
C:\Users\12491\AppData\Local\Temp\cciIb9J1.s:496    .bss.hsram2:00000000 hsram2
C:\Users\12491\AppData\Local\Temp\cciIb9J1.s:424    .text.HAL_SRAM_MspInit:00000000 $t
C:\Users\12491\AppData\Local\Temp\cciIb9J1.s:430    .text.HAL_SRAM_MspInit:00000000 HAL_SRAM_MspInit
C:\Users\12491\AppData\Local\Temp\cciIb9J1.s:452    .text.HAL_SRAM_MspDeInit:00000000 $t
C:\Users\12491\AppData\Local\Temp\cciIb9J1.s:458    .text.HAL_SRAM_MspDeInit:00000000 HAL_SRAM_MspDeInit
C:\Users\12491\AppData\Local\Temp\cciIb9J1.s:480    .bss.FMC_DeInitialized:00000000 $d
C:\Users\12491\AppData\Local\Temp\cciIb9J1.s:486    .bss.FMC_Initialized:00000000 $d
C:\Users\12491\AppData\Local\Temp\cciIb9J1.s:493    .bss.hsram2:00000000 $d

UNDEFINED SYMBOLS
memset
HAL_RCCEx_PeriphCLKConfig
HAL_GPIO_Init
Error_Handler
HAL_GPIO_DeInit
HAL_SRAM_Init
