ARM GAS  C:\Users\12491\AppData\Local\Temp\ccxQ3v6K.s 			page 1


   1              		.cpu cortex-m7
   2              		.arch armv7e-m
   3              		.fpu fpv5-d16
   4              		.eabi_attribute 28, 1
   5              		.eabi_attribute 20, 1
   6              		.eabi_attribute 21, 1
   7              		.eabi_attribute 23, 3
   8              		.eabi_attribute 24, 1
   9              		.eabi_attribute 25, 1
  10              		.eabi_attribute 26, 1
  11              		.eabi_attribute 30, 1
  12              		.eabi_attribute 34, 1
  13              		.eabi_attribute 18, 4
  14              		.file	"main.c"
  15              		.text
  16              	.Ltext0:
  17              		.cfi_sections	.debug_frame
  18              		.file 1 "Core/Src/main.c"
  19              		.section	.text.MPU_Config,"ax",%progbits
  20              		.align	1
  21              		.syntax unified
  22              		.thumb
  23              		.thumb_func
  25              	MPU_Config:
  26              	.LFB146:
   1:Core/Src/main.c **** /* USER CODE BEGIN Header */
   2:Core/Src/main.c **** /**
   3:Core/Src/main.c ****   ******************************************************************************
   4:Core/Src/main.c ****   * @file           : main.c
   5:Core/Src/main.c ****   * @brief          : Main program body
   6:Core/Src/main.c ****   ******************************************************************************
   7:Core/Src/main.c ****   * @attention
   8:Core/Src/main.c ****   *
   9:Core/Src/main.c ****   * Copyright (c) 2026 STMicroelectronics.
  10:Core/Src/main.c ****   * All rights reserved.
  11:Core/Src/main.c ****   *
  12:Core/Src/main.c ****   * This software is licensed under terms that can be found in the LICENSE file
  13:Core/Src/main.c ****   * in the root directory of this software component.
  14:Core/Src/main.c ****   * If no LICENSE file comes with this software, it is provided AS-IS.
  15:Core/Src/main.c ****   *
  16:Core/Src/main.c ****   ******************************************************************************
  17:Core/Src/main.c ****   */
  18:Core/Src/main.c **** /* USER CODE END Header */
  19:Core/Src/main.c **** /* Includes ------------------------------------------------------------------*/
  20:Core/Src/main.c **** #include "main.h"
  21:Core/Src/main.c **** #include "quadspi.h"
  22:Core/Src/main.c **** #include "spi.h"
  23:Core/Src/main.c **** #include "usart.h"
  24:Core/Src/main.c **** #include "gpio.h"
  25:Core/Src/main.c **** #include "fmc.h"
  26:Core/Src/main.c **** 
  27:Core/Src/main.c **** /* Private includes ----------------------------------------------------------*/
  28:Core/Src/main.c **** /* USER CODE BEGIN Includes */
  29:Core/Src/main.c **** 
  30:Core/Src/main.c **** /* USER CODE END Includes */
  31:Core/Src/main.c **** 
  32:Core/Src/main.c **** /* Private typedef -----------------------------------------------------------*/
ARM GAS  C:\Users\12491\AppData\Local\Temp\ccxQ3v6K.s 			page 2


  33:Core/Src/main.c **** /* USER CODE BEGIN PTD */
  34:Core/Src/main.c **** 
  35:Core/Src/main.c **** /* USER CODE END PTD */
  36:Core/Src/main.c **** 
  37:Core/Src/main.c **** /* Private define ------------------------------------------------------------*/
  38:Core/Src/main.c **** /* USER CODE BEGIN PD */
  39:Core/Src/main.c **** 
  40:Core/Src/main.c **** /* USER CODE END PD */
  41:Core/Src/main.c **** 
  42:Core/Src/main.c **** /* Private macro -------------------------------------------------------------*/
  43:Core/Src/main.c **** /* USER CODE BEGIN PM */
  44:Core/Src/main.c **** 
  45:Core/Src/main.c **** /* USER CODE END PM */
  46:Core/Src/main.c **** 
  47:Core/Src/main.c **** /* Private variables ---------------------------------------------------------*/
  48:Core/Src/main.c **** 
  49:Core/Src/main.c **** /* USER CODE BEGIN PV */
  50:Core/Src/main.c **** 
  51:Core/Src/main.c **** /* USER CODE END PV */
  52:Core/Src/main.c **** 
  53:Core/Src/main.c **** /* Private function prototypes -----------------------------------------------*/
  54:Core/Src/main.c **** void SystemClock_Config(void);
  55:Core/Src/main.c **** static void MPU_Config(void);
  56:Core/Src/main.c **** /* USER CODE BEGIN PFP */
  57:Core/Src/main.c **** 
  58:Core/Src/main.c **** /* USER CODE END PFP */
  59:Core/Src/main.c **** 
  60:Core/Src/main.c **** /* Private user code ---------------------------------------------------------*/
  61:Core/Src/main.c **** /* USER CODE BEGIN 0 */
  62:Core/Src/main.c **** 
  63:Core/Src/main.c **** /* USER CODE END 0 */
  64:Core/Src/main.c **** 
  65:Core/Src/main.c **** /**
  66:Core/Src/main.c ****   * @brief  The application entry point.
  67:Core/Src/main.c ****   * @retval int
  68:Core/Src/main.c ****   */
  69:Core/Src/main.c **** int main(void)
  70:Core/Src/main.c **** {
  71:Core/Src/main.c **** 
  72:Core/Src/main.c ****   /* USER CODE BEGIN 1 */
  73:Core/Src/main.c **** 
  74:Core/Src/main.c ****   /* USER CODE END 1 */
  75:Core/Src/main.c **** 
  76:Core/Src/main.c ****   /* MPU Configuration--------------------------------------------------------*/
  77:Core/Src/main.c ****   MPU_Config();
  78:Core/Src/main.c **** 
  79:Core/Src/main.c ****   /* MCU Configuration--------------------------------------------------------*/
  80:Core/Src/main.c **** 
  81:Core/Src/main.c ****   /* Reset of all peripherals, Initializes the Flash interface and the Systick. */
  82:Core/Src/main.c ****   HAL_Init();
  83:Core/Src/main.c **** 
  84:Core/Src/main.c ****   /* USER CODE BEGIN Init */
  85:Core/Src/main.c **** 
  86:Core/Src/main.c ****   /* USER CODE END Init */
  87:Core/Src/main.c **** 
  88:Core/Src/main.c ****   /* Configure the system clock */
  89:Core/Src/main.c ****   SystemClock_Config();
ARM GAS  C:\Users\12491\AppData\Local\Temp\ccxQ3v6K.s 			page 3


  90:Core/Src/main.c **** 
  91:Core/Src/main.c ****   /* USER CODE BEGIN SysInit */
  92:Core/Src/main.c **** 
  93:Core/Src/main.c ****   /* USER CODE END SysInit */
  94:Core/Src/main.c **** 
  95:Core/Src/main.c ****   /* Initialize all configured peripherals */
  96:Core/Src/main.c ****   MX_GPIO_Init();
  97:Core/Src/main.c ****   MX_FMC_Init();
  98:Core/Src/main.c ****   MX_QUADSPI_Init();
  99:Core/Src/main.c ****   MX_SPI1_Init();
 100:Core/Src/main.c ****   MX_UART4_Init();
 101:Core/Src/main.c ****   /* USER CODE BEGIN 2 */
 102:Core/Src/main.c ****   /* USER CODE END 2 */
 103:Core/Src/main.c ****   
 104:Core/Src/main.c ****   /* Infinite loop */
 105:Core/Src/main.c ****   /* USER CODE BEGIN WHILE */
 106:Core/Src/main.c ****   while (1)
 107:Core/Src/main.c ****   {
 108:Core/Src/main.c ****     HAL_GPIO_TogglePin(GPIOC,GPIO_PIN_0);
 109:Core/Src/main.c ****     HAL_Delay(1000);
 110:Core/Src/main.c ****     HAL_GPIO_TogglePin(GPIOC,GPIO_PIN_1);
 111:Core/Src/main.c ****     HAL_Delay(1000);
 112:Core/Src/main.c ****     HAL_GPIO_TogglePin(GPIOC,GPIO_PIN_2);
 113:Core/Src/main.c ****     HAL_Delay(1000);
 114:Core/Src/main.c ****     /* USER CODE END WHILE */ 
 115:Core/Src/main.c **** 
 116:Core/Src/main.c ****     /* USER CODE BEGIN 3 */
 117:Core/Src/main.c ****   }
 118:Core/Src/main.c ****   /* USER CODE END 3 */
 119:Core/Src/main.c **** }
 120:Core/Src/main.c **** 
 121:Core/Src/main.c **** /**
 122:Core/Src/main.c ****   * @brief System Clock Configuration
 123:Core/Src/main.c ****   * @retval None
 124:Core/Src/main.c ****   */
 125:Core/Src/main.c **** void SystemClock_Config(void)
 126:Core/Src/main.c **** {
 127:Core/Src/main.c ****   RCC_OscInitTypeDef RCC_OscInitStruct = {0};
 128:Core/Src/main.c ****   RCC_ClkInitTypeDef RCC_ClkInitStruct = {0};
 129:Core/Src/main.c **** 
 130:Core/Src/main.c ****   /** Supply configuration update enable
 131:Core/Src/main.c ****   */
 132:Core/Src/main.c ****   HAL_PWREx_ConfigSupply(PWR_LDO_SUPPLY);
 133:Core/Src/main.c **** 
 134:Core/Src/main.c ****   /** Configure the main internal regulator output voltage
 135:Core/Src/main.c ****   */
 136:Core/Src/main.c ****   __HAL_PWR_VOLTAGESCALING_CONFIG(PWR_REGULATOR_VOLTAGE_SCALE3);
 137:Core/Src/main.c **** 
 138:Core/Src/main.c ****   while(!__HAL_PWR_GET_FLAG(PWR_FLAG_VOSRDY)) {}
 139:Core/Src/main.c **** 
 140:Core/Src/main.c ****   /** Initializes the RCC Oscillators according to the specified parameters
 141:Core/Src/main.c ****   * in the RCC_OscInitTypeDef structure.
 142:Core/Src/main.c ****   */
 143:Core/Src/main.c ****   RCC_OscInitStruct.OscillatorType = RCC_OSCILLATORTYPE_HSE;
 144:Core/Src/main.c ****   RCC_OscInitStruct.HSEState = RCC_HSE_ON;
 145:Core/Src/main.c ****   RCC_OscInitStruct.PLL.PLLState = RCC_PLL_ON;
 146:Core/Src/main.c ****   RCC_OscInitStruct.PLL.PLLSource = RCC_PLLSOURCE_HSE;
ARM GAS  C:\Users\12491\AppData\Local\Temp\ccxQ3v6K.s 			page 4


 147:Core/Src/main.c ****   RCC_OscInitStruct.PLL.PLLM = 2;
 148:Core/Src/main.c ****   RCC_OscInitStruct.PLL.PLLN = 12;
 149:Core/Src/main.c ****   RCC_OscInitStruct.PLL.PLLP = 2;
 150:Core/Src/main.c ****   RCC_OscInitStruct.PLL.PLLQ = 2;
 151:Core/Src/main.c ****   RCC_OscInitStruct.PLL.PLLR = 2;
 152:Core/Src/main.c ****   RCC_OscInitStruct.PLL.PLLRGE = RCC_PLL1VCIRANGE_3;
 153:Core/Src/main.c ****   RCC_OscInitStruct.PLL.PLLVCOSEL = RCC_PLL1VCOMEDIUM;
 154:Core/Src/main.c ****   RCC_OscInitStruct.PLL.PLLFRACN = 0;
 155:Core/Src/main.c ****   if (HAL_RCC_OscConfig(&RCC_OscInitStruct) != HAL_OK)
 156:Core/Src/main.c ****   {
 157:Core/Src/main.c ****     Error_Handler();
 158:Core/Src/main.c ****   }
 159:Core/Src/main.c **** 
 160:Core/Src/main.c ****   /** Initializes the CPU, AHB and APB buses clocks
 161:Core/Src/main.c ****   */
 162:Core/Src/main.c ****   RCC_ClkInitStruct.ClockType = RCC_CLOCKTYPE_HCLK|RCC_CLOCKTYPE_SYSCLK
 163:Core/Src/main.c ****                               |RCC_CLOCKTYPE_PCLK1|RCC_CLOCKTYPE_PCLK2
 164:Core/Src/main.c ****                               |RCC_CLOCKTYPE_D3PCLK1|RCC_CLOCKTYPE_D1PCLK1;
 165:Core/Src/main.c ****   RCC_ClkInitStruct.SYSCLKSource = RCC_SYSCLKSOURCE_PLLCLK;
 166:Core/Src/main.c ****   RCC_ClkInitStruct.SYSCLKDivider = RCC_SYSCLK_DIV1;
 167:Core/Src/main.c ****   RCC_ClkInitStruct.AHBCLKDivider = RCC_HCLK_DIV1;
 168:Core/Src/main.c ****   RCC_ClkInitStruct.APB3CLKDivider = RCC_APB3_DIV1;
 169:Core/Src/main.c ****   RCC_ClkInitStruct.APB1CLKDivider = RCC_APB1_DIV2;
 170:Core/Src/main.c ****   RCC_ClkInitStruct.APB2CLKDivider = RCC_APB2_DIV1;
 171:Core/Src/main.c ****   RCC_ClkInitStruct.APB4CLKDivider = RCC_APB4_DIV1;
 172:Core/Src/main.c **** 
 173:Core/Src/main.c ****   if (HAL_RCC_ClockConfig(&RCC_ClkInitStruct, FLASH_LATENCY_1) != HAL_OK)
 174:Core/Src/main.c ****   {
 175:Core/Src/main.c ****     Error_Handler();
 176:Core/Src/main.c ****   }
 177:Core/Src/main.c **** }
 178:Core/Src/main.c **** 
 179:Core/Src/main.c **** /* USER CODE BEGIN 4 */
 180:Core/Src/main.c **** 
 181:Core/Src/main.c **** /* USER CODE END 4 */
 182:Core/Src/main.c **** 
 183:Core/Src/main.c ****  /* MPU Configuration */
 184:Core/Src/main.c **** 
 185:Core/Src/main.c **** void MPU_Config(void)
 186:Core/Src/main.c **** {
  27              		.loc 1 186 1 view -0
  28              		.cfi_startproc
  29              		@ args = 0, pretend = 0, frame = 16
  30              		@ frame_needed = 0, uses_anonymous_args = 0
  31 0000 10B5     		push	{r4, lr}
  32              	.LCFI0:
  33              		.cfi_def_cfa_offset 8
  34              		.cfi_offset 4, -8
  35              		.cfi_offset 14, -4
  36 0002 84B0     		sub	sp, sp, #16
  37              	.LCFI1:
  38              		.cfi_def_cfa_offset 24
 187:Core/Src/main.c ****   MPU_Region_InitTypeDef MPU_InitStruct = {0};
  39              		.loc 1 187 3 view .LVU1
  40              		.loc 1 187 26 is_stmt 0 view .LVU2
  41 0004 0024     		movs	r4, #0
  42 0006 0094     		str	r4, [sp]
ARM GAS  C:\Users\12491\AppData\Local\Temp\ccxQ3v6K.s 			page 5


  43 0008 0194     		str	r4, [sp, #4]
  44 000a 0294     		str	r4, [sp, #8]
  45 000c 0394     		str	r4, [sp, #12]
 188:Core/Src/main.c **** 
 189:Core/Src/main.c ****   /* Disables the MPU */
 190:Core/Src/main.c ****   HAL_MPU_Disable();
  46              		.loc 1 190 3 is_stmt 1 view .LVU3
  47 000e FFF7FEFF 		bl	HAL_MPU_Disable
  48              	.LVL0:
 191:Core/Src/main.c **** 
 192:Core/Src/main.c ****   /** Initializes and configures the Region and the memory to be protected
 193:Core/Src/main.c ****   */
 194:Core/Src/main.c ****   MPU_InitStruct.Enable = MPU_REGION_ENABLE;
  49              		.loc 1 194 3 view .LVU4
  50              		.loc 1 194 25 is_stmt 0 view .LVU5
  51 0012 0123     		movs	r3, #1
  52 0014 8DF80030 		strb	r3, [sp]
 195:Core/Src/main.c ****   MPU_InitStruct.Number = MPU_REGION_NUMBER0;
  53              		.loc 1 195 3 is_stmt 1 view .LVU6
  54              		.loc 1 195 25 is_stmt 0 view .LVU7
  55 0018 8DF80140 		strb	r4, [sp, #1]
 196:Core/Src/main.c ****   MPU_InitStruct.BaseAddress = 0x0;
  56              		.loc 1 196 3 is_stmt 1 view .LVU8
  57              		.loc 1 196 30 is_stmt 0 view .LVU9
  58 001c 0194     		str	r4, [sp, #4]
 197:Core/Src/main.c ****   MPU_InitStruct.Size = MPU_REGION_SIZE_4GB;
  59              		.loc 1 197 3 is_stmt 1 view .LVU10
  60              		.loc 1 197 23 is_stmt 0 view .LVU11
  61 001e 1F22     		movs	r2, #31
  62 0020 8DF80820 		strb	r2, [sp, #8]
 198:Core/Src/main.c ****   MPU_InitStruct.SubRegionDisable = 0x87;
  63              		.loc 1 198 3 is_stmt 1 view .LVU12
  64              		.loc 1 198 35 is_stmt 0 view .LVU13
  65 0024 8722     		movs	r2, #135
  66 0026 8DF80920 		strb	r2, [sp, #9]
 199:Core/Src/main.c ****   MPU_InitStruct.TypeExtField = MPU_TEX_LEVEL0;
  67              		.loc 1 199 3 is_stmt 1 view .LVU14
  68              		.loc 1 199 31 is_stmt 0 view .LVU15
  69 002a 8DF80A40 		strb	r4, [sp, #10]
 200:Core/Src/main.c ****   MPU_InitStruct.AccessPermission = MPU_REGION_NO_ACCESS;
  70              		.loc 1 200 3 is_stmt 1 view .LVU16
  71              		.loc 1 200 35 is_stmt 0 view .LVU17
  72 002e 8DF80B40 		strb	r4, [sp, #11]
 201:Core/Src/main.c ****   MPU_InitStruct.DisableExec = MPU_INSTRUCTION_ACCESS_DISABLE;
  73              		.loc 1 201 3 is_stmt 1 view .LVU18
  74              		.loc 1 201 30 is_stmt 0 view .LVU19
  75 0032 8DF80C30 		strb	r3, [sp, #12]
 202:Core/Src/main.c ****   MPU_InitStruct.IsShareable = MPU_ACCESS_SHAREABLE;
  76              		.loc 1 202 3 is_stmt 1 view .LVU20
  77              		.loc 1 202 30 is_stmt 0 view .LVU21
  78 0036 8DF80D30 		strb	r3, [sp, #13]
 203:Core/Src/main.c ****   MPU_InitStruct.IsCacheable = MPU_ACCESS_NOT_CACHEABLE;
  79              		.loc 1 203 3 is_stmt 1 view .LVU22
  80              		.loc 1 203 30 is_stmt 0 view .LVU23
  81 003a 8DF80E40 		strb	r4, [sp, #14]
 204:Core/Src/main.c ****   MPU_InitStruct.IsBufferable = MPU_ACCESS_NOT_BUFFERABLE;
  82              		.loc 1 204 3 is_stmt 1 view .LVU24
ARM GAS  C:\Users\12491\AppData\Local\Temp\ccxQ3v6K.s 			page 6


  83              		.loc 1 204 31 is_stmt 0 view .LVU25
  84 003e 8DF80F40 		strb	r4, [sp, #15]
 205:Core/Src/main.c **** 
 206:Core/Src/main.c ****   HAL_MPU_ConfigRegion(&MPU_InitStruct);
  85              		.loc 1 206 3 is_stmt 1 view .LVU26
  86 0042 6846     		mov	r0, sp
  87 0044 FFF7FEFF 		bl	HAL_MPU_ConfigRegion
  88              	.LVL1:
 207:Core/Src/main.c ****   /* Enables the MPU */
 208:Core/Src/main.c ****   HAL_MPU_Enable(MPU_PRIVILEGED_DEFAULT);
  89              		.loc 1 208 3 view .LVU27
  90 0048 0420     		movs	r0, #4
  91 004a FFF7FEFF 		bl	HAL_MPU_Enable
  92              	.LVL2:
 209:Core/Src/main.c **** 
 210:Core/Src/main.c **** }
  93              		.loc 1 210 1 is_stmt 0 view .LVU28
  94 004e 04B0     		add	sp, sp, #16
  95              	.LCFI2:
  96              		.cfi_def_cfa_offset 8
  97              		@ sp needed
  98 0050 10BD     		pop	{r4, pc}
  99              		.cfi_endproc
 100              	.LFE146:
 102              		.section	.text.Error_Handler,"ax",%progbits
 103              		.align	1
 104              		.global	Error_Handler
 105              		.syntax unified
 106              		.thumb
 107              		.thumb_func
 109              	Error_Handler:
 110              	.LFB147:
 211:Core/Src/main.c **** 
 212:Core/Src/main.c **** /**
 213:Core/Src/main.c ****   * @brief  This function is executed in case of error occurrence.
 214:Core/Src/main.c ****   * @retval None
 215:Core/Src/main.c ****   */
 216:Core/Src/main.c **** void Error_Handler(void)
 217:Core/Src/main.c **** {
 111              		.loc 1 217 1 is_stmt 1 view -0
 112              		.cfi_startproc
 113              		@ Volatile: function does not return.
 114              		@ args = 0, pretend = 0, frame = 0
 115              		@ frame_needed = 0, uses_anonymous_args = 0
 116              		@ link register save eliminated.
 218:Core/Src/main.c ****   /* USER CODE BEGIN Error_Handler_Debug */
 219:Core/Src/main.c ****   /* User can add his own implementation to report the HAL error return state */
 220:Core/Src/main.c ****   __disable_irq();
 117              		.loc 1 220 3 view .LVU30
 118              	.LBB4:
 119              	.LBI4:
 120              		.file 2 "Drivers/CMSIS/Include/cmsis_gcc.h"
   1:Drivers/CMSIS/Include/cmsis_gcc.h **** /**************************************************************************//**
   2:Drivers/CMSIS/Include/cmsis_gcc.h ****  * @file     cmsis_gcc.h
   3:Drivers/CMSIS/Include/cmsis_gcc.h ****  * @brief    CMSIS compiler GCC header file
   4:Drivers/CMSIS/Include/cmsis_gcc.h ****  * @version  V5.2.0
   5:Drivers/CMSIS/Include/cmsis_gcc.h ****  * @date     08. May 2019
ARM GAS  C:\Users\12491\AppData\Local\Temp\ccxQ3v6K.s 			page 7


   6:Drivers/CMSIS/Include/cmsis_gcc.h ****  ******************************************************************************/
   7:Drivers/CMSIS/Include/cmsis_gcc.h **** /*
   8:Drivers/CMSIS/Include/cmsis_gcc.h ****  * Copyright (c) 2009-2019 Arm Limited. All rights reserved.
   9:Drivers/CMSIS/Include/cmsis_gcc.h ****  *
  10:Drivers/CMSIS/Include/cmsis_gcc.h ****  * SPDX-License-Identifier: Apache-2.0
  11:Drivers/CMSIS/Include/cmsis_gcc.h ****  *
  12:Drivers/CMSIS/Include/cmsis_gcc.h ****  * Licensed under the Apache License, Version 2.0 (the License); you may
  13:Drivers/CMSIS/Include/cmsis_gcc.h ****  * not use this file except in compliance with the License.
  14:Drivers/CMSIS/Include/cmsis_gcc.h ****  * You may obtain a copy of the License at
  15:Drivers/CMSIS/Include/cmsis_gcc.h ****  *
  16:Drivers/CMSIS/Include/cmsis_gcc.h ****  * www.apache.org/licenses/LICENSE-2.0
  17:Drivers/CMSIS/Include/cmsis_gcc.h ****  *
  18:Drivers/CMSIS/Include/cmsis_gcc.h ****  * Unless required by applicable law or agreed to in writing, software
  19:Drivers/CMSIS/Include/cmsis_gcc.h ****  * distributed under the License is distributed on an AS IS BASIS, WITHOUT
  20:Drivers/CMSIS/Include/cmsis_gcc.h ****  * WARRANTIES OR CONDITIONS OF ANY KIND, either express or implied.
  21:Drivers/CMSIS/Include/cmsis_gcc.h ****  * See the License for the specific language governing permissions and
  22:Drivers/CMSIS/Include/cmsis_gcc.h ****  * limitations under the License.
  23:Drivers/CMSIS/Include/cmsis_gcc.h ****  */
  24:Drivers/CMSIS/Include/cmsis_gcc.h **** 
  25:Drivers/CMSIS/Include/cmsis_gcc.h **** #ifndef __CMSIS_GCC_H
  26:Drivers/CMSIS/Include/cmsis_gcc.h **** #define __CMSIS_GCC_H
  27:Drivers/CMSIS/Include/cmsis_gcc.h **** 
  28:Drivers/CMSIS/Include/cmsis_gcc.h **** /* ignore some GCC warnings */
  29:Drivers/CMSIS/Include/cmsis_gcc.h **** #pragma GCC diagnostic push
  30:Drivers/CMSIS/Include/cmsis_gcc.h **** #pragma GCC diagnostic ignored "-Wsign-conversion"
  31:Drivers/CMSIS/Include/cmsis_gcc.h **** #pragma GCC diagnostic ignored "-Wconversion"
  32:Drivers/CMSIS/Include/cmsis_gcc.h **** #pragma GCC diagnostic ignored "-Wunused-parameter"
  33:Drivers/CMSIS/Include/cmsis_gcc.h **** 
  34:Drivers/CMSIS/Include/cmsis_gcc.h **** /* Fallback for __has_builtin */
  35:Drivers/CMSIS/Include/cmsis_gcc.h **** #ifndef __has_builtin
  36:Drivers/CMSIS/Include/cmsis_gcc.h ****   #define __has_builtin(x) (0)
  37:Drivers/CMSIS/Include/cmsis_gcc.h **** #endif
  38:Drivers/CMSIS/Include/cmsis_gcc.h **** 
  39:Drivers/CMSIS/Include/cmsis_gcc.h **** /* CMSIS compiler specific defines */
  40:Drivers/CMSIS/Include/cmsis_gcc.h **** #ifndef   __ASM
  41:Drivers/CMSIS/Include/cmsis_gcc.h ****   #define __ASM                                  __asm
  42:Drivers/CMSIS/Include/cmsis_gcc.h **** #endif
  43:Drivers/CMSIS/Include/cmsis_gcc.h **** #ifndef   __INLINE
  44:Drivers/CMSIS/Include/cmsis_gcc.h ****   #define __INLINE                               inline
  45:Drivers/CMSIS/Include/cmsis_gcc.h **** #endif
  46:Drivers/CMSIS/Include/cmsis_gcc.h **** #ifndef   __STATIC_INLINE
  47:Drivers/CMSIS/Include/cmsis_gcc.h ****   #define __STATIC_INLINE                        static inline
  48:Drivers/CMSIS/Include/cmsis_gcc.h **** #endif
  49:Drivers/CMSIS/Include/cmsis_gcc.h **** #ifndef   __STATIC_FORCEINLINE                 
  50:Drivers/CMSIS/Include/cmsis_gcc.h ****   #define __STATIC_FORCEINLINE                   __attribute__((always_inline)) static inline
  51:Drivers/CMSIS/Include/cmsis_gcc.h **** #endif                                           
  52:Drivers/CMSIS/Include/cmsis_gcc.h **** #ifndef   __NO_RETURN
  53:Drivers/CMSIS/Include/cmsis_gcc.h ****   #define __NO_RETURN                            __attribute__((__noreturn__))
  54:Drivers/CMSIS/Include/cmsis_gcc.h **** #endif
  55:Drivers/CMSIS/Include/cmsis_gcc.h **** #ifndef   __USED
  56:Drivers/CMSIS/Include/cmsis_gcc.h ****   #define __USED                                 __attribute__((used))
  57:Drivers/CMSIS/Include/cmsis_gcc.h **** #endif
  58:Drivers/CMSIS/Include/cmsis_gcc.h **** #ifndef   __WEAK
  59:Drivers/CMSIS/Include/cmsis_gcc.h ****   #define __WEAK                                 __attribute__((weak))
  60:Drivers/CMSIS/Include/cmsis_gcc.h **** #endif
  61:Drivers/CMSIS/Include/cmsis_gcc.h **** #ifndef   __PACKED
  62:Drivers/CMSIS/Include/cmsis_gcc.h ****   #define __PACKED                               __attribute__((packed, aligned(1)))
ARM GAS  C:\Users\12491\AppData\Local\Temp\ccxQ3v6K.s 			page 8


  63:Drivers/CMSIS/Include/cmsis_gcc.h **** #endif
  64:Drivers/CMSIS/Include/cmsis_gcc.h **** #ifndef   __PACKED_STRUCT
  65:Drivers/CMSIS/Include/cmsis_gcc.h ****   #define __PACKED_STRUCT                        struct __attribute__((packed, aligned(1)))
  66:Drivers/CMSIS/Include/cmsis_gcc.h **** #endif
  67:Drivers/CMSIS/Include/cmsis_gcc.h **** #ifndef   __PACKED_UNION
  68:Drivers/CMSIS/Include/cmsis_gcc.h ****   #define __PACKED_UNION                         union __attribute__((packed, aligned(1)))
  69:Drivers/CMSIS/Include/cmsis_gcc.h **** #endif
  70:Drivers/CMSIS/Include/cmsis_gcc.h **** #ifndef   __UNALIGNED_UINT32        /* deprecated */
  71:Drivers/CMSIS/Include/cmsis_gcc.h ****   #pragma GCC diagnostic push
  72:Drivers/CMSIS/Include/cmsis_gcc.h ****   #pragma GCC diagnostic ignored "-Wpacked"
  73:Drivers/CMSIS/Include/cmsis_gcc.h ****   #pragma GCC diagnostic ignored "-Wattributes"
  74:Drivers/CMSIS/Include/cmsis_gcc.h ****   struct __attribute__((packed)) T_UINT32 { uint32_t v; };
  75:Drivers/CMSIS/Include/cmsis_gcc.h ****   #pragma GCC diagnostic pop
  76:Drivers/CMSIS/Include/cmsis_gcc.h ****   #define __UNALIGNED_UINT32(x)                  (((struct T_UINT32 *)(x))->v)
  77:Drivers/CMSIS/Include/cmsis_gcc.h **** #endif
  78:Drivers/CMSIS/Include/cmsis_gcc.h **** #ifndef   __UNALIGNED_UINT16_WRITE
  79:Drivers/CMSIS/Include/cmsis_gcc.h ****   #pragma GCC diagnostic push
  80:Drivers/CMSIS/Include/cmsis_gcc.h ****   #pragma GCC diagnostic ignored "-Wpacked"
  81:Drivers/CMSIS/Include/cmsis_gcc.h ****   #pragma GCC diagnostic ignored "-Wattributes"
  82:Drivers/CMSIS/Include/cmsis_gcc.h ****   __PACKED_STRUCT T_UINT16_WRITE { uint16_t v; };
  83:Drivers/CMSIS/Include/cmsis_gcc.h ****   #pragma GCC diagnostic pop
  84:Drivers/CMSIS/Include/cmsis_gcc.h ****   #define __UNALIGNED_UINT16_WRITE(addr, val)    (void)((((struct T_UINT16_WRITE *)(void *)(addr))-
  85:Drivers/CMSIS/Include/cmsis_gcc.h **** #endif
  86:Drivers/CMSIS/Include/cmsis_gcc.h **** #ifndef   __UNALIGNED_UINT16_READ
  87:Drivers/CMSIS/Include/cmsis_gcc.h ****   #pragma GCC diagnostic push
  88:Drivers/CMSIS/Include/cmsis_gcc.h ****   #pragma GCC diagnostic ignored "-Wpacked"
  89:Drivers/CMSIS/Include/cmsis_gcc.h ****   #pragma GCC diagnostic ignored "-Wattributes"
  90:Drivers/CMSIS/Include/cmsis_gcc.h ****   __PACKED_STRUCT T_UINT16_READ { uint16_t v; };
  91:Drivers/CMSIS/Include/cmsis_gcc.h ****   #pragma GCC diagnostic pop
  92:Drivers/CMSIS/Include/cmsis_gcc.h ****   #define __UNALIGNED_UINT16_READ(addr)          (((const struct T_UINT16_READ *)(const void *)(add
  93:Drivers/CMSIS/Include/cmsis_gcc.h **** #endif
  94:Drivers/CMSIS/Include/cmsis_gcc.h **** #ifndef   __UNALIGNED_UINT32_WRITE
  95:Drivers/CMSIS/Include/cmsis_gcc.h ****   #pragma GCC diagnostic push
  96:Drivers/CMSIS/Include/cmsis_gcc.h ****   #pragma GCC diagnostic ignored "-Wpacked"
  97:Drivers/CMSIS/Include/cmsis_gcc.h ****   #pragma GCC diagnostic ignored "-Wattributes"
  98:Drivers/CMSIS/Include/cmsis_gcc.h ****   __PACKED_STRUCT T_UINT32_WRITE { uint32_t v; };
  99:Drivers/CMSIS/Include/cmsis_gcc.h ****   #pragma GCC diagnostic pop
 100:Drivers/CMSIS/Include/cmsis_gcc.h ****   #define __UNALIGNED_UINT32_WRITE(addr, val)    (void)((((struct T_UINT32_WRITE *)(void *)(addr))-
 101:Drivers/CMSIS/Include/cmsis_gcc.h **** #endif
 102:Drivers/CMSIS/Include/cmsis_gcc.h **** #ifndef   __UNALIGNED_UINT32_READ
 103:Drivers/CMSIS/Include/cmsis_gcc.h ****   #pragma GCC diagnostic push
 104:Drivers/CMSIS/Include/cmsis_gcc.h ****   #pragma GCC diagnostic ignored "-Wpacked"
 105:Drivers/CMSIS/Include/cmsis_gcc.h ****   #pragma GCC diagnostic ignored "-Wattributes"
 106:Drivers/CMSIS/Include/cmsis_gcc.h ****   __PACKED_STRUCT T_UINT32_READ { uint32_t v; };
 107:Drivers/CMSIS/Include/cmsis_gcc.h ****   #pragma GCC diagnostic pop
 108:Drivers/CMSIS/Include/cmsis_gcc.h ****   #define __UNALIGNED_UINT32_READ(addr)          (((const struct T_UINT32_READ *)(const void *)(add
 109:Drivers/CMSIS/Include/cmsis_gcc.h **** #endif
 110:Drivers/CMSIS/Include/cmsis_gcc.h **** #ifndef   __ALIGNED
 111:Drivers/CMSIS/Include/cmsis_gcc.h ****   #define __ALIGNED(x)                           __attribute__((aligned(x)))
 112:Drivers/CMSIS/Include/cmsis_gcc.h **** #endif
 113:Drivers/CMSIS/Include/cmsis_gcc.h **** #ifndef   __RESTRICT
 114:Drivers/CMSIS/Include/cmsis_gcc.h ****   #define __RESTRICT                             __restrict
 115:Drivers/CMSIS/Include/cmsis_gcc.h **** #endif
 116:Drivers/CMSIS/Include/cmsis_gcc.h **** #ifndef   __COMPILER_BARRIER
 117:Drivers/CMSIS/Include/cmsis_gcc.h ****   #define __COMPILER_BARRIER()                   __ASM volatile("":::"memory")
 118:Drivers/CMSIS/Include/cmsis_gcc.h **** #endif
 119:Drivers/CMSIS/Include/cmsis_gcc.h **** 
ARM GAS  C:\Users\12491\AppData\Local\Temp\ccxQ3v6K.s 			page 9


 120:Drivers/CMSIS/Include/cmsis_gcc.h **** /* #########################  Startup and Lowlevel Init  ######################## */
 121:Drivers/CMSIS/Include/cmsis_gcc.h **** 
 122:Drivers/CMSIS/Include/cmsis_gcc.h **** #ifndef __PROGRAM_START
 123:Drivers/CMSIS/Include/cmsis_gcc.h **** 
 124:Drivers/CMSIS/Include/cmsis_gcc.h **** /**
 125:Drivers/CMSIS/Include/cmsis_gcc.h ****   \brief   Initializes data and bss sections
 126:Drivers/CMSIS/Include/cmsis_gcc.h ****   \details This default implementations initialized all data and additional bss
 127:Drivers/CMSIS/Include/cmsis_gcc.h ****            sections relying on .copy.table and .zero.table specified properly
 128:Drivers/CMSIS/Include/cmsis_gcc.h ****            in the used linker script.
 129:Drivers/CMSIS/Include/cmsis_gcc.h ****   
 130:Drivers/CMSIS/Include/cmsis_gcc.h ****  */
 131:Drivers/CMSIS/Include/cmsis_gcc.h **** __STATIC_FORCEINLINE __NO_RETURN void __cmsis_start(void)
 132:Drivers/CMSIS/Include/cmsis_gcc.h **** {
 133:Drivers/CMSIS/Include/cmsis_gcc.h ****   extern void _start(void) __NO_RETURN;
 134:Drivers/CMSIS/Include/cmsis_gcc.h ****   
 135:Drivers/CMSIS/Include/cmsis_gcc.h ****   typedef struct {
 136:Drivers/CMSIS/Include/cmsis_gcc.h ****     uint32_t const* src;
 137:Drivers/CMSIS/Include/cmsis_gcc.h ****     uint32_t* dest;
 138:Drivers/CMSIS/Include/cmsis_gcc.h ****     uint32_t  wlen;
 139:Drivers/CMSIS/Include/cmsis_gcc.h ****   } __copy_table_t;
 140:Drivers/CMSIS/Include/cmsis_gcc.h ****   
 141:Drivers/CMSIS/Include/cmsis_gcc.h ****   typedef struct {
 142:Drivers/CMSIS/Include/cmsis_gcc.h ****     uint32_t* dest;
 143:Drivers/CMSIS/Include/cmsis_gcc.h ****     uint32_t  wlen;
 144:Drivers/CMSIS/Include/cmsis_gcc.h ****   } __zero_table_t;
 145:Drivers/CMSIS/Include/cmsis_gcc.h ****   
 146:Drivers/CMSIS/Include/cmsis_gcc.h ****   extern const __copy_table_t __copy_table_start__;
 147:Drivers/CMSIS/Include/cmsis_gcc.h ****   extern const __copy_table_t __copy_table_end__;
 148:Drivers/CMSIS/Include/cmsis_gcc.h ****   extern const __zero_table_t __zero_table_start__;
 149:Drivers/CMSIS/Include/cmsis_gcc.h ****   extern const __zero_table_t __zero_table_end__;
 150:Drivers/CMSIS/Include/cmsis_gcc.h **** 
 151:Drivers/CMSIS/Include/cmsis_gcc.h ****   for (__copy_table_t const* pTable = &__copy_table_start__; pTable < &__copy_table_end__; ++pTable
 152:Drivers/CMSIS/Include/cmsis_gcc.h ****     for(uint32_t i=0u; i<pTable->wlen; ++i) {
 153:Drivers/CMSIS/Include/cmsis_gcc.h ****       pTable->dest[i] = pTable->src[i];
 154:Drivers/CMSIS/Include/cmsis_gcc.h ****     }
 155:Drivers/CMSIS/Include/cmsis_gcc.h ****   }
 156:Drivers/CMSIS/Include/cmsis_gcc.h ****  
 157:Drivers/CMSIS/Include/cmsis_gcc.h ****   for (__zero_table_t const* pTable = &__zero_table_start__; pTable < &__zero_table_end__; ++pTable
 158:Drivers/CMSIS/Include/cmsis_gcc.h ****     for(uint32_t i=0u; i<pTable->wlen; ++i) {
 159:Drivers/CMSIS/Include/cmsis_gcc.h ****       pTable->dest[i] = 0u;
 160:Drivers/CMSIS/Include/cmsis_gcc.h ****     }
 161:Drivers/CMSIS/Include/cmsis_gcc.h ****   }
 162:Drivers/CMSIS/Include/cmsis_gcc.h ****  
 163:Drivers/CMSIS/Include/cmsis_gcc.h ****   _start();
 164:Drivers/CMSIS/Include/cmsis_gcc.h **** }
 165:Drivers/CMSIS/Include/cmsis_gcc.h ****   
 166:Drivers/CMSIS/Include/cmsis_gcc.h **** #define __PROGRAM_START           __cmsis_start
 167:Drivers/CMSIS/Include/cmsis_gcc.h **** #endif
 168:Drivers/CMSIS/Include/cmsis_gcc.h **** 
 169:Drivers/CMSIS/Include/cmsis_gcc.h **** #ifndef __INITIAL_SP
 170:Drivers/CMSIS/Include/cmsis_gcc.h **** #define __INITIAL_SP              __StackTop
 171:Drivers/CMSIS/Include/cmsis_gcc.h **** #endif
 172:Drivers/CMSIS/Include/cmsis_gcc.h **** 
 173:Drivers/CMSIS/Include/cmsis_gcc.h **** #ifndef __STACK_LIMIT
 174:Drivers/CMSIS/Include/cmsis_gcc.h **** #define __STACK_LIMIT             __StackLimit
 175:Drivers/CMSIS/Include/cmsis_gcc.h **** #endif
 176:Drivers/CMSIS/Include/cmsis_gcc.h **** 
ARM GAS  C:\Users\12491\AppData\Local\Temp\ccxQ3v6K.s 			page 10


 177:Drivers/CMSIS/Include/cmsis_gcc.h **** #ifndef __VECTOR_TABLE
 178:Drivers/CMSIS/Include/cmsis_gcc.h **** #define __VECTOR_TABLE            __Vectors
 179:Drivers/CMSIS/Include/cmsis_gcc.h **** #endif
 180:Drivers/CMSIS/Include/cmsis_gcc.h **** 
 181:Drivers/CMSIS/Include/cmsis_gcc.h **** #ifndef __VECTOR_TABLE_ATTRIBUTE
 182:Drivers/CMSIS/Include/cmsis_gcc.h **** #define __VECTOR_TABLE_ATTRIBUTE  __attribute((used, section(".vectors")))
 183:Drivers/CMSIS/Include/cmsis_gcc.h **** #endif
 184:Drivers/CMSIS/Include/cmsis_gcc.h **** 
 185:Drivers/CMSIS/Include/cmsis_gcc.h **** /* ###########################  Core Function Access  ########################### */
 186:Drivers/CMSIS/Include/cmsis_gcc.h **** /** \ingroup  CMSIS_Core_FunctionInterface
 187:Drivers/CMSIS/Include/cmsis_gcc.h ****     \defgroup CMSIS_Core_RegAccFunctions CMSIS Core Register Access Functions
 188:Drivers/CMSIS/Include/cmsis_gcc.h ****   @{
 189:Drivers/CMSIS/Include/cmsis_gcc.h ****  */
 190:Drivers/CMSIS/Include/cmsis_gcc.h **** 
 191:Drivers/CMSIS/Include/cmsis_gcc.h **** /**
 192:Drivers/CMSIS/Include/cmsis_gcc.h ****   \brief   Enable IRQ Interrupts
 193:Drivers/CMSIS/Include/cmsis_gcc.h ****   \details Enables IRQ interrupts by clearing the I-bit in the CPSR.
 194:Drivers/CMSIS/Include/cmsis_gcc.h ****            Can only be executed in Privileged modes.
 195:Drivers/CMSIS/Include/cmsis_gcc.h ****  */
 196:Drivers/CMSIS/Include/cmsis_gcc.h **** __STATIC_FORCEINLINE void __enable_irq(void)
 197:Drivers/CMSIS/Include/cmsis_gcc.h **** {
 198:Drivers/CMSIS/Include/cmsis_gcc.h ****   __ASM volatile ("cpsie i" : : : "memory");
 199:Drivers/CMSIS/Include/cmsis_gcc.h **** }
 200:Drivers/CMSIS/Include/cmsis_gcc.h **** 
 201:Drivers/CMSIS/Include/cmsis_gcc.h **** 
 202:Drivers/CMSIS/Include/cmsis_gcc.h **** /**
 203:Drivers/CMSIS/Include/cmsis_gcc.h ****   \brief   Disable IRQ Interrupts
 204:Drivers/CMSIS/Include/cmsis_gcc.h ****   \details Disables IRQ interrupts by setting the I-bit in the CPSR.
 205:Drivers/CMSIS/Include/cmsis_gcc.h ****            Can only be executed in Privileged modes.
 206:Drivers/CMSIS/Include/cmsis_gcc.h ****  */
 207:Drivers/CMSIS/Include/cmsis_gcc.h **** __STATIC_FORCEINLINE void __disable_irq(void)
 121              		.loc 2 207 27 view .LVU31
 122              	.LBB5:
 208:Drivers/CMSIS/Include/cmsis_gcc.h **** {
 209:Drivers/CMSIS/Include/cmsis_gcc.h ****   __ASM volatile ("cpsid i" : : : "memory");
 123              		.loc 2 209 3 view .LVU32
 124              		.syntax unified
 125              	@ 209 "Drivers/CMSIS/Include/cmsis_gcc.h" 1
 126 0000 72B6     		cpsid i
 127              	@ 0 "" 2
 128              		.thumb
 129              		.syntax unified
 130              	.L4:
 131              	.LBE5:
 132              	.LBE4:
 221:Core/Src/main.c ****   while (1)
 133              		.loc 1 221 3 view .LVU33
 222:Core/Src/main.c ****   {
 223:Core/Src/main.c ****   }
 134              		.loc 1 223 3 view .LVU34
 221:Core/Src/main.c ****   while (1)
 135              		.loc 1 221 9 view .LVU35
 136 0002 FEE7     		b	.L4
 137              		.cfi_endproc
 138              	.LFE147:
 140              		.section	.text.SystemClock_Config,"ax",%progbits
 141              		.align	1
ARM GAS  C:\Users\12491\AppData\Local\Temp\ccxQ3v6K.s 			page 11


 142              		.global	SystemClock_Config
 143              		.syntax unified
 144              		.thumb
 145              		.thumb_func
 147              	SystemClock_Config:
 148              	.LFB145:
 126:Core/Src/main.c ****   RCC_OscInitTypeDef RCC_OscInitStruct = {0};
 149              		.loc 1 126 1 view -0
 150              		.cfi_startproc
 151              		@ args = 0, pretend = 0, frame = 112
 152              		@ frame_needed = 0, uses_anonymous_args = 0
 153 0000 00B5     		push	{lr}
 154              	.LCFI3:
 155              		.cfi_def_cfa_offset 4
 156              		.cfi_offset 14, -4
 157 0002 9DB0     		sub	sp, sp, #116
 158              	.LCFI4:
 159              		.cfi_def_cfa_offset 120
 127:Core/Src/main.c ****   RCC_ClkInitTypeDef RCC_ClkInitStruct = {0};
 160              		.loc 1 127 3 view .LVU37
 127:Core/Src/main.c ****   RCC_ClkInitTypeDef RCC_ClkInitStruct = {0};
 161              		.loc 1 127 22 is_stmt 0 view .LVU38
 162 0004 4C22     		movs	r2, #76
 163 0006 0021     		movs	r1, #0
 164 0008 09A8     		add	r0, sp, #36
 165 000a FFF7FEFF 		bl	memset
 166              	.LVL3:
 128:Core/Src/main.c **** 
 167              		.loc 1 128 3 is_stmt 1 view .LVU39
 128:Core/Src/main.c **** 
 168              		.loc 1 128 22 is_stmt 0 view .LVU40
 169 000e 2022     		movs	r2, #32
 170 0010 0021     		movs	r1, #0
 171 0012 01A8     		add	r0, sp, #4
 172 0014 FFF7FEFF 		bl	memset
 173              	.LVL4:
 132:Core/Src/main.c **** 
 174              		.loc 1 132 3 is_stmt 1 view .LVU41
 175 0018 0220     		movs	r0, #2
 176 001a FFF7FEFF 		bl	HAL_PWREx_ConfigSupply
 177              	.LVL5:
 136:Core/Src/main.c **** 
 178              		.loc 1 136 3 view .LVU42
 179              	.LBB6:
 136:Core/Src/main.c **** 
 180              		.loc 1 136 3 view .LVU43
 181 001e 0023     		movs	r3, #0
 182 0020 0093     		str	r3, [sp]
 136:Core/Src/main.c **** 
 183              		.loc 1 136 3 view .LVU44
 136:Core/Src/main.c **** 
 184              		.loc 1 136 3 discriminator 2 view .LVU45
 185 0022 244B     		ldr	r3, .L12
 186 0024 DA6A     		ldr	r2, [r3, #44]
 187 0026 22F00102 		bic	r2, r2, #1
 188 002a DA62     		str	r2, [r3, #44]
 136:Core/Src/main.c **** 
ARM GAS  C:\Users\12491\AppData\Local\Temp\ccxQ3v6K.s 			page 12


 189              		.loc 1 136 3 discriminator 2 view .LVU46
 190 002c DB6A     		ldr	r3, [r3, #44]
 191 002e 03F00103 		and	r3, r3, #1
 192 0032 0093     		str	r3, [sp]
 136:Core/Src/main.c **** 
 193              		.loc 1 136 3 discriminator 2 view .LVU47
 194 0034 204A     		ldr	r2, .L12+4
 195 0036 9369     		ldr	r3, [r2, #24]
 196 0038 23F44043 		bic	r3, r3, #49152
 197 003c 43F48043 		orr	r3, r3, #16384
 198 0040 9361     		str	r3, [r2, #24]
 136:Core/Src/main.c **** 
 199              		.loc 1 136 3 discriminator 2 view .LVU48
 200 0042 9369     		ldr	r3, [r2, #24]
 201 0044 03F44043 		and	r3, r3, #49152
 202 0048 0093     		str	r3, [sp]
 136:Core/Src/main.c **** 
 203              		.loc 1 136 3 discriminator 4 view .LVU49
 204 004a 009B     		ldr	r3, [sp]
 205              	.LBE6:
 136:Core/Src/main.c **** 
 206              		.loc 1 136 3 discriminator 4 view .LVU50
 138:Core/Src/main.c **** 
 207              		.loc 1 138 3 view .LVU51
 208              	.L6:
 138:Core/Src/main.c **** 
 209              		.loc 1 138 48 discriminator 1 view .LVU52
 138:Core/Src/main.c **** 
 210              		.loc 1 138 9 discriminator 1 view .LVU53
 138:Core/Src/main.c **** 
 211              		.loc 1 138 10 is_stmt 0 discriminator 1 view .LVU54
 212 004c 1A4B     		ldr	r3, .L12+4
 213 004e 9B69     		ldr	r3, [r3, #24]
 138:Core/Src/main.c **** 
 214              		.loc 1 138 9 discriminator 1 view .LVU55
 215 0050 13F4005F 		tst	r3, #8192
 216 0054 FAD0     		beq	.L6
 143:Core/Src/main.c ****   RCC_OscInitStruct.HSEState = RCC_HSE_ON;
 217              		.loc 1 143 3 is_stmt 1 view .LVU56
 143:Core/Src/main.c ****   RCC_OscInitStruct.HSEState = RCC_HSE_ON;
 218              		.loc 1 143 36 is_stmt 0 view .LVU57
 219 0056 0123     		movs	r3, #1
 220 0058 0993     		str	r3, [sp, #36]
 144:Core/Src/main.c ****   RCC_OscInitStruct.PLL.PLLState = RCC_PLL_ON;
 221              		.loc 1 144 3 is_stmt 1 view .LVU58
 144:Core/Src/main.c ****   RCC_OscInitStruct.PLL.PLLState = RCC_PLL_ON;
 222              		.loc 1 144 30 is_stmt 0 view .LVU59
 223 005a 4FF48033 		mov	r3, #65536
 224 005e 0A93     		str	r3, [sp, #40]
 145:Core/Src/main.c ****   RCC_OscInitStruct.PLL.PLLSource = RCC_PLLSOURCE_HSE;
 225              		.loc 1 145 3 is_stmt 1 view .LVU60
 145:Core/Src/main.c ****   RCC_OscInitStruct.PLL.PLLSource = RCC_PLLSOURCE_HSE;
 226              		.loc 1 145 34 is_stmt 0 view .LVU61
 227 0060 0223     		movs	r3, #2
 228 0062 1293     		str	r3, [sp, #72]
 146:Core/Src/main.c ****   RCC_OscInitStruct.PLL.PLLM = 2;
 229              		.loc 1 146 3 is_stmt 1 view .LVU62
ARM GAS  C:\Users\12491\AppData\Local\Temp\ccxQ3v6K.s 			page 13


 146:Core/Src/main.c ****   RCC_OscInitStruct.PLL.PLLM = 2;
 230              		.loc 1 146 35 is_stmt 0 view .LVU63
 231 0064 1393     		str	r3, [sp, #76]
 147:Core/Src/main.c ****   RCC_OscInitStruct.PLL.PLLN = 12;
 232              		.loc 1 147 3 is_stmt 1 view .LVU64
 147:Core/Src/main.c ****   RCC_OscInitStruct.PLL.PLLN = 12;
 233              		.loc 1 147 30 is_stmt 0 view .LVU65
 234 0066 1493     		str	r3, [sp, #80]
 148:Core/Src/main.c ****   RCC_OscInitStruct.PLL.PLLP = 2;
 235              		.loc 1 148 3 is_stmt 1 view .LVU66
 148:Core/Src/main.c ****   RCC_OscInitStruct.PLL.PLLP = 2;
 236              		.loc 1 148 30 is_stmt 0 view .LVU67
 237 0068 0C22     		movs	r2, #12
 238 006a 1592     		str	r2, [sp, #84]
 149:Core/Src/main.c ****   RCC_OscInitStruct.PLL.PLLQ = 2;
 239              		.loc 1 149 3 is_stmt 1 view .LVU68
 149:Core/Src/main.c ****   RCC_OscInitStruct.PLL.PLLQ = 2;
 240              		.loc 1 149 30 is_stmt 0 view .LVU69
 241 006c 1693     		str	r3, [sp, #88]
 150:Core/Src/main.c ****   RCC_OscInitStruct.PLL.PLLR = 2;
 242              		.loc 1 150 3 is_stmt 1 view .LVU70
 150:Core/Src/main.c ****   RCC_OscInitStruct.PLL.PLLR = 2;
 243              		.loc 1 150 30 is_stmt 0 view .LVU71
 244 006e 1793     		str	r3, [sp, #92]
 151:Core/Src/main.c ****   RCC_OscInitStruct.PLL.PLLRGE = RCC_PLL1VCIRANGE_3;
 245              		.loc 1 151 3 is_stmt 1 view .LVU72
 151:Core/Src/main.c ****   RCC_OscInitStruct.PLL.PLLRGE = RCC_PLL1VCIRANGE_3;
 246              		.loc 1 151 30 is_stmt 0 view .LVU73
 247 0070 1893     		str	r3, [sp, #96]
 152:Core/Src/main.c ****   RCC_OscInitStruct.PLL.PLLVCOSEL = RCC_PLL1VCOMEDIUM;
 248              		.loc 1 152 3 is_stmt 1 view .LVU74
 152:Core/Src/main.c ****   RCC_OscInitStruct.PLL.PLLVCOSEL = RCC_PLL1VCOMEDIUM;
 249              		.loc 1 152 32 is_stmt 0 view .LVU75
 250 0072 1992     		str	r2, [sp, #100]
 153:Core/Src/main.c ****   RCC_OscInitStruct.PLL.PLLFRACN = 0;
 251              		.loc 1 153 3 is_stmt 1 view .LVU76
 153:Core/Src/main.c ****   RCC_OscInitStruct.PLL.PLLFRACN = 0;
 252              		.loc 1 153 35 is_stmt 0 view .LVU77
 253 0074 1A93     		str	r3, [sp, #104]
 154:Core/Src/main.c ****   if (HAL_RCC_OscConfig(&RCC_OscInitStruct) != HAL_OK)
 254              		.loc 1 154 3 is_stmt 1 view .LVU78
 154:Core/Src/main.c ****   if (HAL_RCC_OscConfig(&RCC_OscInitStruct) != HAL_OK)
 255              		.loc 1 154 34 is_stmt 0 view .LVU79
 256 0076 0023     		movs	r3, #0
 257 0078 1B93     		str	r3, [sp, #108]
 155:Core/Src/main.c ****   {
 258              		.loc 1 155 3 is_stmt 1 view .LVU80
 155:Core/Src/main.c ****   {
 259              		.loc 1 155 7 is_stmt 0 view .LVU81
 260 007a 09A8     		add	r0, sp, #36
 261 007c FFF7FEFF 		bl	HAL_RCC_OscConfig
 262              	.LVL6:
 155:Core/Src/main.c ****   {
 263              		.loc 1 155 6 discriminator 1 view .LVU82
 264 0080 98B9     		cbnz	r0, .L10
 162:Core/Src/main.c ****                               |RCC_CLOCKTYPE_PCLK1|RCC_CLOCKTYPE_PCLK2
 265              		.loc 1 162 3 is_stmt 1 view .LVU83
ARM GAS  C:\Users\12491\AppData\Local\Temp\ccxQ3v6K.s 			page 14


 162:Core/Src/main.c ****                               |RCC_CLOCKTYPE_PCLK1|RCC_CLOCKTYPE_PCLK2
 266              		.loc 1 162 31 is_stmt 0 view .LVU84
 267 0082 3F23     		movs	r3, #63
 268 0084 0193     		str	r3, [sp, #4]
 165:Core/Src/main.c ****   RCC_ClkInitStruct.SYSCLKDivider = RCC_SYSCLK_DIV1;
 269              		.loc 1 165 3 is_stmt 1 view .LVU85
 165:Core/Src/main.c ****   RCC_ClkInitStruct.SYSCLKDivider = RCC_SYSCLK_DIV1;
 270              		.loc 1 165 34 is_stmt 0 view .LVU86
 271 0086 0323     		movs	r3, #3
 272 0088 0293     		str	r3, [sp, #8]
 166:Core/Src/main.c ****   RCC_ClkInitStruct.AHBCLKDivider = RCC_HCLK_DIV1;
 273              		.loc 1 166 3 is_stmt 1 view .LVU87
 166:Core/Src/main.c ****   RCC_ClkInitStruct.AHBCLKDivider = RCC_HCLK_DIV1;
 274              		.loc 1 166 35 is_stmt 0 view .LVU88
 275 008a 0023     		movs	r3, #0
 276 008c 0393     		str	r3, [sp, #12]
 167:Core/Src/main.c ****   RCC_ClkInitStruct.APB3CLKDivider = RCC_APB3_DIV1;
 277              		.loc 1 167 3 is_stmt 1 view .LVU89
 167:Core/Src/main.c ****   RCC_ClkInitStruct.APB3CLKDivider = RCC_APB3_DIV1;
 278              		.loc 1 167 35 is_stmt 0 view .LVU90
 279 008e 0493     		str	r3, [sp, #16]
 168:Core/Src/main.c ****   RCC_ClkInitStruct.APB1CLKDivider = RCC_APB1_DIV2;
 280              		.loc 1 168 3 is_stmt 1 view .LVU91
 168:Core/Src/main.c ****   RCC_ClkInitStruct.APB1CLKDivider = RCC_APB1_DIV2;
 281              		.loc 1 168 36 is_stmt 0 view .LVU92
 282 0090 0593     		str	r3, [sp, #20]
 169:Core/Src/main.c ****   RCC_ClkInitStruct.APB2CLKDivider = RCC_APB2_DIV1;
 283              		.loc 1 169 3 is_stmt 1 view .LVU93
 169:Core/Src/main.c ****   RCC_ClkInitStruct.APB2CLKDivider = RCC_APB2_DIV1;
 284              		.loc 1 169 36 is_stmt 0 view .LVU94
 285 0092 4022     		movs	r2, #64
 286 0094 0692     		str	r2, [sp, #24]
 170:Core/Src/main.c ****   RCC_ClkInitStruct.APB4CLKDivider = RCC_APB4_DIV1;
 287              		.loc 1 170 3 is_stmt 1 view .LVU95
 170:Core/Src/main.c ****   RCC_ClkInitStruct.APB4CLKDivider = RCC_APB4_DIV1;
 288              		.loc 1 170 36 is_stmt 0 view .LVU96
 289 0096 0793     		str	r3, [sp, #28]
 171:Core/Src/main.c **** 
 290              		.loc 1 171 3 is_stmt 1 view .LVU97
 171:Core/Src/main.c **** 
 291              		.loc 1 171 36 is_stmt 0 view .LVU98
 292 0098 0893     		str	r3, [sp, #32]
 173:Core/Src/main.c ****   {
 293              		.loc 1 173 3 is_stmt 1 view .LVU99
 173:Core/Src/main.c ****   {
 294              		.loc 1 173 7 is_stmt 0 view .LVU100
 295 009a 0121     		movs	r1, #1
 296 009c 01A8     		add	r0, sp, #4
 297 009e FFF7FEFF 		bl	HAL_RCC_ClockConfig
 298              	.LVL7:
 173:Core/Src/main.c ****   {
 299              		.loc 1 173 6 discriminator 1 view .LVU101
 300 00a2 20B9     		cbnz	r0, .L11
 177:Core/Src/main.c **** 
 301              		.loc 1 177 1 view .LVU102
 302 00a4 1DB0     		add	sp, sp, #116
 303              	.LCFI5:
ARM GAS  C:\Users\12491\AppData\Local\Temp\ccxQ3v6K.s 			page 15


 304              		.cfi_remember_state
 305              		.cfi_def_cfa_offset 4
 306              		@ sp needed
 307 00a6 5DF804FB 		ldr	pc, [sp], #4
 308              	.L10:
 309              	.LCFI6:
 310              		.cfi_restore_state
 157:Core/Src/main.c ****   }
 311              		.loc 1 157 5 is_stmt 1 view .LVU103
 312 00aa FFF7FEFF 		bl	Error_Handler
 313              	.LVL8:
 314              	.L11:
 175:Core/Src/main.c ****   }
 315              		.loc 1 175 5 view .LVU104
 316 00ae FFF7FEFF 		bl	Error_Handler
 317              	.LVL9:
 318              	.L13:
 319 00b2 00BF     		.align	2
 320              	.L12:
 321 00b4 00040058 		.word	1476396032
 322 00b8 00480258 		.word	1476544512
 323              		.cfi_endproc
 324              	.LFE145:
 326              		.section	.text.main,"ax",%progbits
 327              		.align	1
 328              		.global	main
 329              		.syntax unified
 330              		.thumb
 331              		.thumb_func
 333              	main:
 334              	.LFB144:
  70:Core/Src/main.c **** 
 335              		.loc 1 70 1 view -0
 336              		.cfi_startproc
 337              		@ Volatile: function does not return.
 338              		@ args = 0, pretend = 0, frame = 0
 339              		@ frame_needed = 0, uses_anonymous_args = 0
 340 0000 08B5     		push	{r3, lr}
 341              	.LCFI7:
 342              		.cfi_def_cfa_offset 8
 343              		.cfi_offset 3, -8
 344              		.cfi_offset 14, -4
  77:Core/Src/main.c **** 
 345              		.loc 1 77 3 view .LVU106
 346 0002 FFF7FEFF 		bl	MPU_Config
 347              	.LVL10:
  82:Core/Src/main.c **** 
 348              		.loc 1 82 3 view .LVU107
 349 0006 FFF7FEFF 		bl	HAL_Init
 350              	.LVL11:
  89:Core/Src/main.c **** 
 351              		.loc 1 89 3 view .LVU108
 352 000a FFF7FEFF 		bl	SystemClock_Config
 353              	.LVL12:
  96:Core/Src/main.c ****   MX_FMC_Init();
 354              		.loc 1 96 3 view .LVU109
 355 000e FFF7FEFF 		bl	MX_GPIO_Init
ARM GAS  C:\Users\12491\AppData\Local\Temp\ccxQ3v6K.s 			page 16


 356              	.LVL13:
  97:Core/Src/main.c ****   MX_QUADSPI_Init();
 357              		.loc 1 97 3 view .LVU110
 358 0012 FFF7FEFF 		bl	MX_FMC_Init
 359              	.LVL14:
  98:Core/Src/main.c ****   MX_SPI1_Init();
 360              		.loc 1 98 3 view .LVU111
 361 0016 FFF7FEFF 		bl	MX_QUADSPI_Init
 362              	.LVL15:
  99:Core/Src/main.c ****   MX_UART4_Init();
 363              		.loc 1 99 3 view .LVU112
 364 001a FFF7FEFF 		bl	MX_SPI1_Init
 365              	.LVL16:
 100:Core/Src/main.c ****   /* USER CODE BEGIN 2 */
 366              		.loc 1 100 3 view .LVU113
 367 001e FFF7FEFF 		bl	MX_UART4_Init
 368              	.LVL17:
 369              	.L15:
 106:Core/Src/main.c ****   {
 370              		.loc 1 106 3 view .LVU114
 108:Core/Src/main.c ****     HAL_Delay(1000);
 371              		.loc 1 108 5 view .LVU115
 372 0022 0D4C     		ldr	r4, .L17
 373 0024 0121     		movs	r1, #1
 374 0026 2046     		mov	r0, r4
 375 0028 FFF7FEFF 		bl	HAL_GPIO_TogglePin
 376              	.LVL18:
 109:Core/Src/main.c ****     HAL_GPIO_TogglePin(GPIOC,GPIO_PIN_1);
 377              		.loc 1 109 5 view .LVU116
 378 002c 4FF47A70 		mov	r0, #1000
 379 0030 FFF7FEFF 		bl	HAL_Delay
 380              	.LVL19:
 110:Core/Src/main.c ****     HAL_Delay(1000);
 381              		.loc 1 110 5 view .LVU117
 382 0034 0221     		movs	r1, #2
 383 0036 2046     		mov	r0, r4
 384 0038 FFF7FEFF 		bl	HAL_GPIO_TogglePin
 385              	.LVL20:
 111:Core/Src/main.c ****     HAL_GPIO_TogglePin(GPIOC,GPIO_PIN_2);
 386              		.loc 1 111 5 view .LVU118
 387 003c 4FF47A70 		mov	r0, #1000
 388 0040 FFF7FEFF 		bl	HAL_Delay
 389              	.LVL21:
 112:Core/Src/main.c ****     HAL_Delay(1000);
 390              		.loc 1 112 5 view .LVU119
 391 0044 0421     		movs	r1, #4
 392 0046 2046     		mov	r0, r4
 393 0048 FFF7FEFF 		bl	HAL_GPIO_TogglePin
 394              	.LVL22:
 113:Core/Src/main.c ****     /* USER CODE END WHILE */ 
 395              		.loc 1 113 5 discriminator 1 view .LVU120
 396 004c 4FF47A70 		mov	r0, #1000
 397 0050 FFF7FEFF 		bl	HAL_Delay
 398              	.LVL23:
 106:Core/Src/main.c ****   {
 399              		.loc 1 106 9 view .LVU121
 400 0054 E5E7     		b	.L15
ARM GAS  C:\Users\12491\AppData\Local\Temp\ccxQ3v6K.s 			page 17


 401              	.L18:
 402 0056 00BF     		.align	2
 403              	.L17:
 404 0058 00080258 		.word	1476528128
 405              		.cfi_endproc
 406              	.LFE144:
 408              		.text
 409              	.Letext0:
 410              		.file 3 "C:\\Program Files\\STMicroelectronics\\STM32Cube\\STM32CubeCLT_1.20.0\\GNU-tools-for-STM3
 411              		.file 4 "C:\\Program Files\\STMicroelectronics\\STM32Cube\\STM32CubeCLT_1.20.0\\GNU-tools-for-STM3
 412              		.file 5 "Drivers/CMSIS/Device/ST/STM32H7xx/Include/stm32h743xx.h"
 413              		.file 6 "Drivers/STM32H7xx_HAL_Driver/Inc/stm32h7xx_hal_def.h"
 414              		.file 7 "Drivers/STM32H7xx_HAL_Driver/Inc/stm32h7xx_hal_rcc.h"
 415              		.file 8 "Drivers/STM32H7xx_HAL_Driver/Inc/stm32h7xx_hal_cortex.h"
 416              		.file 9 "Drivers/STM32H7xx_HAL_Driver/Inc/stm32h7xx_hal_pwr_ex.h"
 417              		.file 10 "Drivers/STM32H7xx_HAL_Driver/Inc/stm32h7xx_hal.h"
 418              		.file 11 "Drivers/STM32H7xx_HAL_Driver/Inc/stm32h7xx_hal_gpio.h"
 419              		.file 12 "Core/Inc/usart.h"
 420              		.file 13 "Core/Inc/spi.h"
 421              		.file 14 "Core/Inc/quadspi.h"
 422              		.file 15 "Core/Inc/fmc.h"
 423              		.file 16 "Core/Inc/gpio.h"
 424              		.file 17 "<built-in>"
ARM GAS  C:\Users\12491\AppData\Local\Temp\ccxQ3v6K.s 			page 18


DEFINED SYMBOLS
                            *ABS*:00000000 main.c
C:\Users\12491\AppData\Local\Temp\ccxQ3v6K.s:20     .text.MPU_Config:00000000 $t
C:\Users\12491\AppData\Local\Temp\ccxQ3v6K.s:25     .text.MPU_Config:00000000 MPU_Config
C:\Users\12491\AppData\Local\Temp\ccxQ3v6K.s:103    .text.Error_Handler:00000000 $t
C:\Users\12491\AppData\Local\Temp\ccxQ3v6K.s:109    .text.Error_Handler:00000000 Error_Handler
C:\Users\12491\AppData\Local\Temp\ccxQ3v6K.s:141    .text.SystemClock_Config:00000000 $t
C:\Users\12491\AppData\Local\Temp\ccxQ3v6K.s:147    .text.SystemClock_Config:00000000 SystemClock_Config
C:\Users\12491\AppData\Local\Temp\ccxQ3v6K.s:321    .text.SystemClock_Config:000000b4 $d
C:\Users\12491\AppData\Local\Temp\ccxQ3v6K.s:327    .text.main:00000000 $t
C:\Users\12491\AppData\Local\Temp\ccxQ3v6K.s:333    .text.main:00000000 main
C:\Users\12491\AppData\Local\Temp\ccxQ3v6K.s:404    .text.main:00000058 $d

UNDEFINED SYMBOLS
HAL_MPU_Disable
HAL_MPU_ConfigRegion
HAL_MPU_Enable
memset
HAL_PWREx_ConfigSupply
HAL_RCC_OscConfig
HAL_RCC_ClockConfig
HAL_Init
MX_GPIO_Init
MX_FMC_Init
MX_QUADSPI_Init
MX_SPI1_Init
MX_UART4_Init
HAL_GPIO_TogglePin
HAL_Delay
