ARM GAS  C:\Users\12491\AppData\Local\Temp\cckxBAk1.s 			page 1


   1              		.cpu cortex-m7
   2              		.arch armv7e-m
   3              		.fpu fpv5-d16
   4              		.eabi_attribute 28, 1
   5              		.eabi_attribute 20, 1
   6              		.eabi_attribute 21, 1
   7              		.eabi_attribute 23, 3
   8              		.eabi_attribute 24, 1
   9              		.eabi_attribute 25, 1
  10              		.eabi_attribute 26, 1
  11              		.eabi_attribute 30, 1
  12              		.eabi_attribute 34, 1
  13              		.eabi_attribute 18, 4
  14              		.file	"quadspi.c"
  15              		.text
  16              	.Ltext0:
  17              		.cfi_sections	.debug_frame
  18              		.file 1 "Core/Src/quadspi.c"
  19              		.section	.text.MX_QUADSPI_Init,"ax",%progbits
  20              		.align	1
  21              		.global	MX_QUADSPI_Init
  22              		.syntax unified
  23              		.thumb
  24              		.thumb_func
  26              	MX_QUADSPI_Init:
  27              	.LFB144:
   1:Core/Src/quadspi.c **** /* USER CODE BEGIN Header */
   2:Core/Src/quadspi.c **** /**
   3:Core/Src/quadspi.c ****   ******************************************************************************
   4:Core/Src/quadspi.c ****   * @file    quadspi.c
   5:Core/Src/quadspi.c ****   * @brief   This file provides code for the configuration
   6:Core/Src/quadspi.c ****   *          of the QUADSPI instances.
   7:Core/Src/quadspi.c ****   ******************************************************************************
   8:Core/Src/quadspi.c ****   * @attention
   9:Core/Src/quadspi.c ****   *
  10:Core/Src/quadspi.c ****   * Copyright (c) 2026 STMicroelectronics.
  11:Core/Src/quadspi.c ****   * All rights reserved.
  12:Core/Src/quadspi.c ****   *
  13:Core/Src/quadspi.c ****   * This software is licensed under terms that can be found in the LICENSE file
  14:Core/Src/quadspi.c ****   * in the root directory of this software component.
  15:Core/Src/quadspi.c ****   * If no LICENSE file comes with this software, it is provided AS-IS.
  16:Core/Src/quadspi.c ****   *
  17:Core/Src/quadspi.c ****   ******************************************************************************
  18:Core/Src/quadspi.c ****   */
  19:Core/Src/quadspi.c **** /* USER CODE END Header */
  20:Core/Src/quadspi.c **** /* Includes ------------------------------------------------------------------*/
  21:Core/Src/quadspi.c **** #include "quadspi.h"
  22:Core/Src/quadspi.c **** 
  23:Core/Src/quadspi.c **** /* USER CODE BEGIN 0 */
  24:Core/Src/quadspi.c **** 
  25:Core/Src/quadspi.c **** /* USER CODE END 0 */
  26:Core/Src/quadspi.c **** 
  27:Core/Src/quadspi.c **** QSPI_HandleTypeDef hqspi;
  28:Core/Src/quadspi.c **** 
  29:Core/Src/quadspi.c **** /* QUADSPI init function */
  30:Core/Src/quadspi.c **** void MX_QUADSPI_Init(void)
  31:Core/Src/quadspi.c **** {
ARM GAS  C:\Users\12491\AppData\Local\Temp\cckxBAk1.s 			page 2


  28              		.loc 1 31 1 view -0
  29              		.cfi_startproc
  30              		@ args = 0, pretend = 0, frame = 0
  31              		@ frame_needed = 0, uses_anonymous_args = 0
  32 0000 08B5     		push	{r3, lr}
  33              	.LCFI0:
  34              		.cfi_def_cfa_offset 8
  35              		.cfi_offset 3, -8
  36              		.cfi_offset 14, -4
  32:Core/Src/quadspi.c **** 
  33:Core/Src/quadspi.c ****   /* USER CODE BEGIN QUADSPI_Init 0 */
  34:Core/Src/quadspi.c **** 
  35:Core/Src/quadspi.c ****   /* USER CODE END QUADSPI_Init 0 */
  36:Core/Src/quadspi.c **** 
  37:Core/Src/quadspi.c ****   /* USER CODE BEGIN QUADSPI_Init 1 */
  38:Core/Src/quadspi.c **** 
  39:Core/Src/quadspi.c ****   /* USER CODE END QUADSPI_Init 1 */
  40:Core/Src/quadspi.c ****   hqspi.Instance = QUADSPI;
  37              		.loc 1 40 3 view .LVU1
  38              		.loc 1 40 18 is_stmt 0 view .LVU2
  39 0002 0C48     		ldr	r0, .L5
  40 0004 0C4B     		ldr	r3, .L5+4
  41 0006 0360     		str	r3, [r0]
  41:Core/Src/quadspi.c ****   hqspi.Init.ClockPrescaler = 2;
  42              		.loc 1 41 3 is_stmt 1 view .LVU3
  43              		.loc 1 41 29 is_stmt 0 view .LVU4
  44 0008 0223     		movs	r3, #2
  45 000a 4360     		str	r3, [r0, #4]
  42:Core/Src/quadspi.c ****   hqspi.Init.FifoThreshold = 32;
  46              		.loc 1 42 3 is_stmt 1 view .LVU5
  47              		.loc 1 42 28 is_stmt 0 view .LVU6
  48 000c 2023     		movs	r3, #32
  49 000e 8360     		str	r3, [r0, #8]
  43:Core/Src/quadspi.c ****   hqspi.Init.SampleShifting = QSPI_SAMPLE_SHIFTING_HALFCYCLE;
  50              		.loc 1 43 3 is_stmt 1 view .LVU7
  51              		.loc 1 43 29 is_stmt 0 view .LVU8
  52 0010 1023     		movs	r3, #16
  53 0012 C360     		str	r3, [r0, #12]
  44:Core/Src/quadspi.c ****   hqspi.Init.FlashSize = 22;
  54              		.loc 1 44 3 is_stmt 1 view .LVU9
  55              		.loc 1 44 24 is_stmt 0 view .LVU10
  56 0014 1623     		movs	r3, #22
  57 0016 0361     		str	r3, [r0, #16]
  45:Core/Src/quadspi.c ****   hqspi.Init.ChipSelectHighTime = QSPI_CS_HIGH_TIME_1_CYCLE;
  58              		.loc 1 45 3 is_stmt 1 view .LVU11
  59              		.loc 1 45 33 is_stmt 0 view .LVU12
  60 0018 0023     		movs	r3, #0
  61 001a 4361     		str	r3, [r0, #20]
  46:Core/Src/quadspi.c ****   hqspi.Init.ClockMode = QSPI_CLOCK_MODE_3;
  62              		.loc 1 46 3 is_stmt 1 view .LVU13
  63              		.loc 1 46 24 is_stmt 0 view .LVU14
  64 001c 0122     		movs	r2, #1
  65 001e 8261     		str	r2, [r0, #24]
  47:Core/Src/quadspi.c ****   hqspi.Init.FlashID = QSPI_FLASH_ID_1;
  66              		.loc 1 47 3 is_stmt 1 view .LVU15
  67              		.loc 1 47 22 is_stmt 0 view .LVU16
  68 0020 C361     		str	r3, [r0, #28]
ARM GAS  C:\Users\12491\AppData\Local\Temp\cckxBAk1.s 			page 3


  48:Core/Src/quadspi.c ****   hqspi.Init.DualFlash = QSPI_DUALFLASH_DISABLE;
  69              		.loc 1 48 3 is_stmt 1 view .LVU17
  70              		.loc 1 48 24 is_stmt 0 view .LVU18
  71 0022 0362     		str	r3, [r0, #32]
  49:Core/Src/quadspi.c ****   if (HAL_QSPI_Init(&hqspi) != HAL_OK)
  72              		.loc 1 49 3 is_stmt 1 view .LVU19
  73              		.loc 1 49 7 is_stmt 0 view .LVU20
  74 0024 FFF7FEFF 		bl	HAL_QSPI_Init
  75              	.LVL0:
  76              		.loc 1 49 6 discriminator 1 view .LVU21
  77 0028 00B9     		cbnz	r0, .L4
  78              	.L1:
  50:Core/Src/quadspi.c ****   {
  51:Core/Src/quadspi.c ****     Error_Handler();
  52:Core/Src/quadspi.c ****   }
  53:Core/Src/quadspi.c ****   /* USER CODE BEGIN QUADSPI_Init 2 */
  54:Core/Src/quadspi.c **** 
  55:Core/Src/quadspi.c ****   /* USER CODE END QUADSPI_Init 2 */
  56:Core/Src/quadspi.c **** 
  57:Core/Src/quadspi.c **** }
  79              		.loc 1 57 1 view .LVU22
  80 002a 08BD     		pop	{r3, pc}
  81              	.L4:
  51:Core/Src/quadspi.c ****   }
  82              		.loc 1 51 5 is_stmt 1 view .LVU23
  83 002c FFF7FEFF 		bl	Error_Handler
  84              	.LVL1:
  85              		.loc 1 57 1 is_stmt 0 view .LVU24
  86 0030 FBE7     		b	.L1
  87              	.L6:
  88 0032 00BF     		.align	2
  89              	.L5:
  90 0034 00000000 		.word	hqspi
  91 0038 00500052 		.word	1375752192
  92              		.cfi_endproc
  93              	.LFE144:
  95              		.section	.text.HAL_QSPI_MspInit,"ax",%progbits
  96              		.align	1
  97              		.global	HAL_QSPI_MspInit
  98              		.syntax unified
  99              		.thumb
 100              		.thumb_func
 102              	HAL_QSPI_MspInit:
 103              	.LVL2:
 104              	.LFB145:
  58:Core/Src/quadspi.c **** 
  59:Core/Src/quadspi.c **** void HAL_QSPI_MspInit(QSPI_HandleTypeDef* qspiHandle)
  60:Core/Src/quadspi.c **** {
 105              		.loc 1 60 1 is_stmt 1 view -0
 106              		.cfi_startproc
 107              		@ args = 0, pretend = 0, frame = 232
 108              		@ frame_needed = 0, uses_anonymous_args = 0
 109              		.loc 1 60 1 is_stmt 0 view .LVU26
 110 0000 F0B5     		push	{r4, r5, r6, r7, lr}
 111              	.LCFI1:
 112              		.cfi_def_cfa_offset 20
 113              		.cfi_offset 4, -20
ARM GAS  C:\Users\12491\AppData\Local\Temp\cckxBAk1.s 			page 4


 114              		.cfi_offset 5, -16
 115              		.cfi_offset 6, -12
 116              		.cfi_offset 7, -8
 117              		.cfi_offset 14, -4
 118 0002 BBB0     		sub	sp, sp, #236
 119              	.LCFI2:
 120              		.cfi_def_cfa_offset 256
 121 0004 0446     		mov	r4, r0
  61:Core/Src/quadspi.c **** 
  62:Core/Src/quadspi.c ****   GPIO_InitTypeDef GPIO_InitStruct = {0};
 122              		.loc 1 62 3 is_stmt 1 view .LVU27
 123              		.loc 1 62 20 is_stmt 0 view .LVU28
 124 0006 0021     		movs	r1, #0
 125 0008 3591     		str	r1, [sp, #212]
 126 000a 3691     		str	r1, [sp, #216]
 127 000c 3791     		str	r1, [sp, #220]
 128 000e 3891     		str	r1, [sp, #224]
 129 0010 3991     		str	r1, [sp, #228]
  63:Core/Src/quadspi.c ****   RCC_PeriphCLKInitTypeDef PeriphClkInitStruct = {0};
 130              		.loc 1 63 3 is_stmt 1 view .LVU29
 131              		.loc 1 63 28 is_stmt 0 view .LVU30
 132 0012 C022     		movs	r2, #192
 133 0014 04A8     		add	r0, sp, #16
 134              	.LVL3:
 135              		.loc 1 63 28 view .LVU31
 136 0016 FFF7FEFF 		bl	memset
 137              	.LVL4:
  64:Core/Src/quadspi.c ****   if(qspiHandle->Instance==QUADSPI)
 138              		.loc 1 64 3 is_stmt 1 view .LVU32
 139              		.loc 1 64 16 is_stmt 0 view .LVU33
 140 001a 2268     		ldr	r2, [r4]
 141              		.loc 1 64 5 view .LVU34
 142 001c 394B     		ldr	r3, .L13
 143 001e 9A42     		cmp	r2, r3
 144 0020 01D0     		beq	.L11
 145              	.LVL5:
 146              	.L7:
  65:Core/Src/quadspi.c ****   {
  66:Core/Src/quadspi.c ****   /* USER CODE BEGIN QUADSPI_MspInit 0 */
  67:Core/Src/quadspi.c **** 
  68:Core/Src/quadspi.c ****   /* USER CODE END QUADSPI_MspInit 0 */
  69:Core/Src/quadspi.c **** 
  70:Core/Src/quadspi.c ****   /** Initializes the peripherals clock
  71:Core/Src/quadspi.c ****   */
  72:Core/Src/quadspi.c ****     PeriphClkInitStruct.PeriphClockSelection = RCC_PERIPHCLK_QSPI;
  73:Core/Src/quadspi.c ****     PeriphClkInitStruct.QspiClockSelection = RCC_QSPICLKSOURCE_D1HCLK;
  74:Core/Src/quadspi.c ****     if (HAL_RCCEx_PeriphCLKConfig(&PeriphClkInitStruct) != HAL_OK)
  75:Core/Src/quadspi.c ****     {
  76:Core/Src/quadspi.c ****       Error_Handler();
  77:Core/Src/quadspi.c ****     }
  78:Core/Src/quadspi.c **** 
  79:Core/Src/quadspi.c ****     /* QUADSPI clock enable */
  80:Core/Src/quadspi.c ****     __HAL_RCC_QSPI_CLK_ENABLE();
  81:Core/Src/quadspi.c **** 
  82:Core/Src/quadspi.c ****     __HAL_RCC_GPIOE_CLK_ENABLE();
  83:Core/Src/quadspi.c ****     __HAL_RCC_GPIOF_CLK_ENABLE();
  84:Core/Src/quadspi.c ****     __HAL_RCC_GPIOG_CLK_ENABLE();
ARM GAS  C:\Users\12491\AppData\Local\Temp\cckxBAk1.s 			page 5


  85:Core/Src/quadspi.c ****     /**QUADSPI GPIO Configuration
  86:Core/Src/quadspi.c ****     PE2     ------> QUADSPI_BK1_IO2
  87:Core/Src/quadspi.c ****     PF6     ------> QUADSPI_BK1_IO3
  88:Core/Src/quadspi.c ****     PF8     ------> QUADSPI_BK1_IO0
  89:Core/Src/quadspi.c ****     PF9     ------> QUADSPI_BK1_IO1
  90:Core/Src/quadspi.c ****     PF10     ------> QUADSPI_CLK
  91:Core/Src/quadspi.c ****     PG6     ------> QUADSPI_BK1_NCS
  92:Core/Src/quadspi.c ****     */
  93:Core/Src/quadspi.c ****     GPIO_InitStruct.Pin = GPIO_PIN_2;
  94:Core/Src/quadspi.c ****     GPIO_InitStruct.Mode = GPIO_MODE_AF_PP;
  95:Core/Src/quadspi.c ****     GPIO_InitStruct.Pull = GPIO_NOPULL;
  96:Core/Src/quadspi.c ****     GPIO_InitStruct.Speed = GPIO_SPEED_FREQ_LOW;
  97:Core/Src/quadspi.c ****     GPIO_InitStruct.Alternate = GPIO_AF9_QUADSPI;
  98:Core/Src/quadspi.c ****     HAL_GPIO_Init(GPIOE, &GPIO_InitStruct);
  99:Core/Src/quadspi.c **** 
 100:Core/Src/quadspi.c ****     GPIO_InitStruct.Pin = GPIO_PIN_6|GPIO_PIN_10;
 101:Core/Src/quadspi.c ****     GPIO_InitStruct.Mode = GPIO_MODE_AF_PP;
 102:Core/Src/quadspi.c ****     GPIO_InitStruct.Pull = GPIO_NOPULL;
 103:Core/Src/quadspi.c ****     GPIO_InitStruct.Speed = GPIO_SPEED_FREQ_LOW;
 104:Core/Src/quadspi.c ****     GPIO_InitStruct.Alternate = GPIO_AF9_QUADSPI;
 105:Core/Src/quadspi.c ****     HAL_GPIO_Init(GPIOF, &GPIO_InitStruct);
 106:Core/Src/quadspi.c **** 
 107:Core/Src/quadspi.c ****     GPIO_InitStruct.Pin = GPIO_PIN_8|GPIO_PIN_9;
 108:Core/Src/quadspi.c ****     GPIO_InitStruct.Mode = GPIO_MODE_AF_PP;
 109:Core/Src/quadspi.c ****     GPIO_InitStruct.Pull = GPIO_NOPULL;
 110:Core/Src/quadspi.c ****     GPIO_InitStruct.Speed = GPIO_SPEED_FREQ_LOW;
 111:Core/Src/quadspi.c ****     GPIO_InitStruct.Alternate = GPIO_AF10_QUADSPI;
 112:Core/Src/quadspi.c ****     HAL_GPIO_Init(GPIOF, &GPIO_InitStruct);
 113:Core/Src/quadspi.c **** 
 114:Core/Src/quadspi.c ****     GPIO_InitStruct.Pin = GPIO_PIN_6;
 115:Core/Src/quadspi.c ****     GPIO_InitStruct.Mode = GPIO_MODE_AF_PP;
 116:Core/Src/quadspi.c ****     GPIO_InitStruct.Pull = GPIO_NOPULL;
 117:Core/Src/quadspi.c ****     GPIO_InitStruct.Speed = GPIO_SPEED_FREQ_LOW;
 118:Core/Src/quadspi.c ****     GPIO_InitStruct.Alternate = GPIO_AF10_QUADSPI;
 119:Core/Src/quadspi.c ****     HAL_GPIO_Init(GPIOG, &GPIO_InitStruct);
 120:Core/Src/quadspi.c **** 
 121:Core/Src/quadspi.c ****   /* USER CODE BEGIN QUADSPI_MspInit 1 */
 122:Core/Src/quadspi.c **** 
 123:Core/Src/quadspi.c ****   /* USER CODE END QUADSPI_MspInit 1 */
 124:Core/Src/quadspi.c ****   }
 125:Core/Src/quadspi.c **** }
 147              		.loc 1 125 1 view .LVU35
 148 0022 3BB0     		add	sp, sp, #236
 149              	.LCFI3:
 150              		.cfi_remember_state
 151              		.cfi_def_cfa_offset 20
 152              		@ sp needed
 153 0024 F0BD     		pop	{r4, r5, r6, r7, pc}
 154              	.LVL6:
 155              	.L11:
 156              	.LCFI4:
 157              		.cfi_restore_state
  72:Core/Src/quadspi.c ****     PeriphClkInitStruct.QspiClockSelection = RCC_QSPICLKSOURCE_D1HCLK;
 158              		.loc 1 72 5 is_stmt 1 view .LVU36
  72:Core/Src/quadspi.c ****     PeriphClkInitStruct.QspiClockSelection = RCC_QSPICLKSOURCE_D1HCLK;
 159              		.loc 1 72 46 is_stmt 0 view .LVU37
 160 0026 4FF00072 		mov	r2, #33554432
ARM GAS  C:\Users\12491\AppData\Local\Temp\cckxBAk1.s 			page 6


 161 002a 0023     		movs	r3, #0
 162 002c CDE90423 		strd	r2, [sp, #16]
  73:Core/Src/quadspi.c ****     if (HAL_RCCEx_PeriphCLKConfig(&PeriphClkInitStruct) != HAL_OK)
 163              		.loc 1 73 5 is_stmt 1 view .LVU38
  74:Core/Src/quadspi.c ****     {
 164              		.loc 1 74 5 view .LVU39
  74:Core/Src/quadspi.c ****     {
 165              		.loc 1 74 9 is_stmt 0 view .LVU40
 166 0030 04A8     		add	r0, sp, #16
 167 0032 FFF7FEFF 		bl	HAL_RCCEx_PeriphCLKConfig
 168              	.LVL7:
  74:Core/Src/quadspi.c ****     {
 169              		.loc 1 74 8 discriminator 1 view .LVU41
 170 0036 0028     		cmp	r0, #0
 171 0038 60D1     		bne	.L12
 172              	.L9:
  80:Core/Src/quadspi.c **** 
 173              		.loc 1 80 5 is_stmt 1 view .LVU42
 174              	.LBB2:
  80:Core/Src/quadspi.c **** 
 175              		.loc 1 80 5 view .LVU43
  80:Core/Src/quadspi.c **** 
 176              		.loc 1 80 5 view .LVU44
 177 003a 334B     		ldr	r3, .L13+4
 178 003c D3F8D420 		ldr	r2, [r3, #212]
 179 0040 42F48042 		orr	r2, r2, #16384
 180 0044 C3F8D420 		str	r2, [r3, #212]
  80:Core/Src/quadspi.c **** 
 181              		.loc 1 80 5 view .LVU45
 182 0048 D3F8D420 		ldr	r2, [r3, #212]
 183 004c 02F48042 		and	r2, r2, #16384
 184 0050 0092     		str	r2, [sp]
  80:Core/Src/quadspi.c **** 
 185              		.loc 1 80 5 view .LVU46
 186 0052 009A     		ldr	r2, [sp]
 187              	.LBE2:
  80:Core/Src/quadspi.c **** 
 188              		.loc 1 80 5 view .LVU47
  82:Core/Src/quadspi.c ****     __HAL_RCC_GPIOF_CLK_ENABLE();
 189              		.loc 1 82 5 view .LVU48
 190              	.LBB3:
  82:Core/Src/quadspi.c ****     __HAL_RCC_GPIOF_CLK_ENABLE();
 191              		.loc 1 82 5 view .LVU49
  82:Core/Src/quadspi.c ****     __HAL_RCC_GPIOF_CLK_ENABLE();
 192              		.loc 1 82 5 view .LVU50
 193 0054 D3F8E020 		ldr	r2, [r3, #224]
 194 0058 42F01002 		orr	r2, r2, #16
 195 005c C3F8E020 		str	r2, [r3, #224]
  82:Core/Src/quadspi.c ****     __HAL_RCC_GPIOF_CLK_ENABLE();
 196              		.loc 1 82 5 view .LVU51
 197 0060 D3F8E020 		ldr	r2, [r3, #224]
 198 0064 02F01002 		and	r2, r2, #16
 199 0068 0192     		str	r2, [sp, #4]
  82:Core/Src/quadspi.c ****     __HAL_RCC_GPIOF_CLK_ENABLE();
 200              		.loc 1 82 5 view .LVU52
 201 006a 019A     		ldr	r2, [sp, #4]
 202              	.LBE3:
ARM GAS  C:\Users\12491\AppData\Local\Temp\cckxBAk1.s 			page 7


  82:Core/Src/quadspi.c ****     __HAL_RCC_GPIOF_CLK_ENABLE();
 203              		.loc 1 82 5 view .LVU53
  83:Core/Src/quadspi.c ****     __HAL_RCC_GPIOG_CLK_ENABLE();
 204              		.loc 1 83 5 view .LVU54
 205              	.LBB4:
  83:Core/Src/quadspi.c ****     __HAL_RCC_GPIOG_CLK_ENABLE();
 206              		.loc 1 83 5 view .LVU55
  83:Core/Src/quadspi.c ****     __HAL_RCC_GPIOG_CLK_ENABLE();
 207              		.loc 1 83 5 view .LVU56
 208 006c D3F8E020 		ldr	r2, [r3, #224]
 209 0070 42F02002 		orr	r2, r2, #32
 210 0074 C3F8E020 		str	r2, [r3, #224]
  83:Core/Src/quadspi.c ****     __HAL_RCC_GPIOG_CLK_ENABLE();
 211              		.loc 1 83 5 view .LVU57
 212 0078 D3F8E020 		ldr	r2, [r3, #224]
 213 007c 02F02002 		and	r2, r2, #32
 214 0080 0292     		str	r2, [sp, #8]
  83:Core/Src/quadspi.c ****     __HAL_RCC_GPIOG_CLK_ENABLE();
 215              		.loc 1 83 5 view .LVU58
 216 0082 029A     		ldr	r2, [sp, #8]
 217              	.LBE4:
  83:Core/Src/quadspi.c ****     __HAL_RCC_GPIOG_CLK_ENABLE();
 218              		.loc 1 83 5 view .LVU59
  84:Core/Src/quadspi.c ****     /**QUADSPI GPIO Configuration
 219              		.loc 1 84 5 view .LVU60
 220              	.LBB5:
  84:Core/Src/quadspi.c ****     /**QUADSPI GPIO Configuration
 221              		.loc 1 84 5 view .LVU61
  84:Core/Src/quadspi.c ****     /**QUADSPI GPIO Configuration
 222              		.loc 1 84 5 view .LVU62
 223 0084 D3F8E020 		ldr	r2, [r3, #224]
 224 0088 42F04002 		orr	r2, r2, #64
 225 008c C3F8E020 		str	r2, [r3, #224]
  84:Core/Src/quadspi.c ****     /**QUADSPI GPIO Configuration
 226              		.loc 1 84 5 view .LVU63
 227 0090 D3F8E030 		ldr	r3, [r3, #224]
 228 0094 03F04003 		and	r3, r3, #64
 229 0098 0393     		str	r3, [sp, #12]
  84:Core/Src/quadspi.c ****     /**QUADSPI GPIO Configuration
 230              		.loc 1 84 5 view .LVU64
 231 009a 039B     		ldr	r3, [sp, #12]
 232              	.LBE5:
  84:Core/Src/quadspi.c ****     /**QUADSPI GPIO Configuration
 233              		.loc 1 84 5 view .LVU65
  93:Core/Src/quadspi.c ****     GPIO_InitStruct.Mode = GPIO_MODE_AF_PP;
 234              		.loc 1 93 5 view .LVU66
  93:Core/Src/quadspi.c ****     GPIO_InitStruct.Mode = GPIO_MODE_AF_PP;
 235              		.loc 1 93 25 is_stmt 0 view .LVU67
 236 009c 0423     		movs	r3, #4
 237 009e 3593     		str	r3, [sp, #212]
  94:Core/Src/quadspi.c ****     GPIO_InitStruct.Pull = GPIO_NOPULL;
 238              		.loc 1 94 5 is_stmt 1 view .LVU68
  94:Core/Src/quadspi.c ****     GPIO_InitStruct.Pull = GPIO_NOPULL;
 239              		.loc 1 94 26 is_stmt 0 view .LVU69
 240 00a0 0225     		movs	r5, #2
 241 00a2 3695     		str	r5, [sp, #216]
  95:Core/Src/quadspi.c ****     GPIO_InitStruct.Speed = GPIO_SPEED_FREQ_LOW;
ARM GAS  C:\Users\12491\AppData\Local\Temp\cckxBAk1.s 			page 8


 242              		.loc 1 95 5 is_stmt 1 view .LVU70
  95:Core/Src/quadspi.c ****     GPIO_InitStruct.Speed = GPIO_SPEED_FREQ_LOW;
 243              		.loc 1 95 26 is_stmt 0 view .LVU71
 244 00a4 0024     		movs	r4, #0
 245              	.LVL8:
  95:Core/Src/quadspi.c ****     GPIO_InitStruct.Speed = GPIO_SPEED_FREQ_LOW;
 246              		.loc 1 95 26 view .LVU72
 247 00a6 3794     		str	r4, [sp, #220]
  96:Core/Src/quadspi.c ****     GPIO_InitStruct.Alternate = GPIO_AF9_QUADSPI;
 248              		.loc 1 96 5 is_stmt 1 view .LVU73
  96:Core/Src/quadspi.c ****     GPIO_InitStruct.Alternate = GPIO_AF9_QUADSPI;
 249              		.loc 1 96 27 is_stmt 0 view .LVU74
 250 00a8 3894     		str	r4, [sp, #224]
  97:Core/Src/quadspi.c ****     HAL_GPIO_Init(GPIOE, &GPIO_InitStruct);
 251              		.loc 1 97 5 is_stmt 1 view .LVU75
  97:Core/Src/quadspi.c ****     HAL_GPIO_Init(GPIOE, &GPIO_InitStruct);
 252              		.loc 1 97 31 is_stmt 0 view .LVU76
 253 00aa 0926     		movs	r6, #9
 254 00ac 3996     		str	r6, [sp, #228]
  98:Core/Src/quadspi.c **** 
 255              		.loc 1 98 5 is_stmt 1 view .LVU77
 256 00ae 35A9     		add	r1, sp, #212
 257 00b0 1648     		ldr	r0, .L13+8
 258 00b2 FFF7FEFF 		bl	HAL_GPIO_Init
 259              	.LVL9:
 100:Core/Src/quadspi.c ****     GPIO_InitStruct.Mode = GPIO_MODE_AF_PP;
 260              		.loc 1 100 5 view .LVU78
 100:Core/Src/quadspi.c ****     GPIO_InitStruct.Mode = GPIO_MODE_AF_PP;
 261              		.loc 1 100 25 is_stmt 0 view .LVU79
 262 00b6 4FF48863 		mov	r3, #1088
 263 00ba 3593     		str	r3, [sp, #212]
 101:Core/Src/quadspi.c ****     GPIO_InitStruct.Pull = GPIO_NOPULL;
 264              		.loc 1 101 5 is_stmt 1 view .LVU80
 101:Core/Src/quadspi.c ****     GPIO_InitStruct.Pull = GPIO_NOPULL;
 265              		.loc 1 101 26 is_stmt 0 view .LVU81
 266 00bc 3695     		str	r5, [sp, #216]
 102:Core/Src/quadspi.c ****     GPIO_InitStruct.Speed = GPIO_SPEED_FREQ_LOW;
 267              		.loc 1 102 5 is_stmt 1 view .LVU82
 102:Core/Src/quadspi.c ****     GPIO_InitStruct.Speed = GPIO_SPEED_FREQ_LOW;
 268              		.loc 1 102 26 is_stmt 0 view .LVU83
 269 00be 3794     		str	r4, [sp, #220]
 103:Core/Src/quadspi.c ****     GPIO_InitStruct.Alternate = GPIO_AF9_QUADSPI;
 270              		.loc 1 103 5 is_stmt 1 view .LVU84
 103:Core/Src/quadspi.c ****     GPIO_InitStruct.Alternate = GPIO_AF9_QUADSPI;
 271              		.loc 1 103 27 is_stmt 0 view .LVU85
 272 00c0 3894     		str	r4, [sp, #224]
 104:Core/Src/quadspi.c ****     HAL_GPIO_Init(GPIOF, &GPIO_InitStruct);
 273              		.loc 1 104 5 is_stmt 1 view .LVU86
 104:Core/Src/quadspi.c ****     HAL_GPIO_Init(GPIOF, &GPIO_InitStruct);
 274              		.loc 1 104 31 is_stmt 0 view .LVU87
 275 00c2 3996     		str	r6, [sp, #228]
 105:Core/Src/quadspi.c **** 
 276              		.loc 1 105 5 is_stmt 1 view .LVU88
 277 00c4 124F     		ldr	r7, .L13+12
 278 00c6 35A9     		add	r1, sp, #212
 279 00c8 3846     		mov	r0, r7
 280 00ca FFF7FEFF 		bl	HAL_GPIO_Init
ARM GAS  C:\Users\12491\AppData\Local\Temp\cckxBAk1.s 			page 9


 281              	.LVL10:
 107:Core/Src/quadspi.c ****     GPIO_InitStruct.Mode = GPIO_MODE_AF_PP;
 282              		.loc 1 107 5 view .LVU89
 107:Core/Src/quadspi.c ****     GPIO_InitStruct.Mode = GPIO_MODE_AF_PP;
 283              		.loc 1 107 25 is_stmt 0 view .LVU90
 284 00ce 4FF44073 		mov	r3, #768
 285 00d2 3593     		str	r3, [sp, #212]
 108:Core/Src/quadspi.c ****     GPIO_InitStruct.Pull = GPIO_NOPULL;
 286              		.loc 1 108 5 is_stmt 1 view .LVU91
 108:Core/Src/quadspi.c ****     GPIO_InitStruct.Pull = GPIO_NOPULL;
 287              		.loc 1 108 26 is_stmt 0 view .LVU92
 288 00d4 3695     		str	r5, [sp, #216]
 109:Core/Src/quadspi.c ****     GPIO_InitStruct.Speed = GPIO_SPEED_FREQ_LOW;
 289              		.loc 1 109 5 is_stmt 1 view .LVU93
 109:Core/Src/quadspi.c ****     GPIO_InitStruct.Speed = GPIO_SPEED_FREQ_LOW;
 290              		.loc 1 109 26 is_stmt 0 view .LVU94
 291 00d6 3794     		str	r4, [sp, #220]
 110:Core/Src/quadspi.c ****     GPIO_InitStruct.Alternate = GPIO_AF10_QUADSPI;
 292              		.loc 1 110 5 is_stmt 1 view .LVU95
 110:Core/Src/quadspi.c ****     GPIO_InitStruct.Alternate = GPIO_AF10_QUADSPI;
 293              		.loc 1 110 27 is_stmt 0 view .LVU96
 294 00d8 3894     		str	r4, [sp, #224]
 111:Core/Src/quadspi.c ****     HAL_GPIO_Init(GPIOF, &GPIO_InitStruct);
 295              		.loc 1 111 5 is_stmt 1 view .LVU97
 111:Core/Src/quadspi.c ****     HAL_GPIO_Init(GPIOF, &GPIO_InitStruct);
 296              		.loc 1 111 31 is_stmt 0 view .LVU98
 297 00da 0A26     		movs	r6, #10
 298 00dc 3996     		str	r6, [sp, #228]
 112:Core/Src/quadspi.c **** 
 299              		.loc 1 112 5 is_stmt 1 view .LVU99
 300 00de 35A9     		add	r1, sp, #212
 301 00e0 3846     		mov	r0, r7
 302 00e2 FFF7FEFF 		bl	HAL_GPIO_Init
 303              	.LVL11:
 114:Core/Src/quadspi.c ****     GPIO_InitStruct.Mode = GPIO_MODE_AF_PP;
 304              		.loc 1 114 5 view .LVU100
 114:Core/Src/quadspi.c ****     GPIO_InitStruct.Mode = GPIO_MODE_AF_PP;
 305              		.loc 1 114 25 is_stmt 0 view .LVU101
 306 00e6 4023     		movs	r3, #64
 307 00e8 3593     		str	r3, [sp, #212]
 115:Core/Src/quadspi.c ****     GPIO_InitStruct.Pull = GPIO_NOPULL;
 308              		.loc 1 115 5 is_stmt 1 view .LVU102
 115:Core/Src/quadspi.c ****     GPIO_InitStruct.Pull = GPIO_NOPULL;
 309              		.loc 1 115 26 is_stmt 0 view .LVU103
 310 00ea 3695     		str	r5, [sp, #216]
 116:Core/Src/quadspi.c ****     GPIO_InitStruct.Speed = GPIO_SPEED_FREQ_LOW;
 311              		.loc 1 116 5 is_stmt 1 view .LVU104
 116:Core/Src/quadspi.c ****     GPIO_InitStruct.Speed = GPIO_SPEED_FREQ_LOW;
 312              		.loc 1 116 26 is_stmt 0 view .LVU105
 313 00ec 3794     		str	r4, [sp, #220]
 117:Core/Src/quadspi.c ****     GPIO_InitStruct.Alternate = GPIO_AF10_QUADSPI;
 314              		.loc 1 117 5 is_stmt 1 view .LVU106
 117:Core/Src/quadspi.c ****     GPIO_InitStruct.Alternate = GPIO_AF10_QUADSPI;
 315              		.loc 1 117 27 is_stmt 0 view .LVU107
 316 00ee 3894     		str	r4, [sp, #224]
 118:Core/Src/quadspi.c ****     HAL_GPIO_Init(GPIOG, &GPIO_InitStruct);
 317              		.loc 1 118 5 is_stmt 1 view .LVU108
ARM GAS  C:\Users\12491\AppData\Local\Temp\cckxBAk1.s 			page 10


 118:Core/Src/quadspi.c ****     HAL_GPIO_Init(GPIOG, &GPIO_InitStruct);
 318              		.loc 1 118 31 is_stmt 0 view .LVU109
 319 00f0 3996     		str	r6, [sp, #228]
 119:Core/Src/quadspi.c **** 
 320              		.loc 1 119 5 is_stmt 1 view .LVU110
 321 00f2 35A9     		add	r1, sp, #212
 322 00f4 0748     		ldr	r0, .L13+16
 323 00f6 FFF7FEFF 		bl	HAL_GPIO_Init
 324              	.LVL12:
 325              		.loc 1 125 1 is_stmt 0 view .LVU111
 326 00fa 92E7     		b	.L7
 327              	.LVL13:
 328              	.L12:
  76:Core/Src/quadspi.c ****     }
 329              		.loc 1 76 7 is_stmt 1 view .LVU112
 330 00fc FFF7FEFF 		bl	Error_Handler
 331              	.LVL14:
 332 0100 9BE7     		b	.L9
 333              	.L14:
 334 0102 00BF     		.align	2
 335              	.L13:
 336 0104 00500052 		.word	1375752192
 337 0108 00440258 		.word	1476543488
 338 010c 00100258 		.word	1476530176
 339 0110 00140258 		.word	1476531200
 340 0114 00180258 		.word	1476532224
 341              		.cfi_endproc
 342              	.LFE145:
 344              		.section	.text.HAL_QSPI_MspDeInit,"ax",%progbits
 345              		.align	1
 346              		.global	HAL_QSPI_MspDeInit
 347              		.syntax unified
 348              		.thumb
 349              		.thumb_func
 351              	HAL_QSPI_MspDeInit:
 352              	.LVL15:
 353              	.LFB146:
 126:Core/Src/quadspi.c **** 
 127:Core/Src/quadspi.c **** void HAL_QSPI_MspDeInit(QSPI_HandleTypeDef* qspiHandle)
 128:Core/Src/quadspi.c **** {
 354              		.loc 1 128 1 view -0
 355              		.cfi_startproc
 356              		@ args = 0, pretend = 0, frame = 0
 357              		@ frame_needed = 0, uses_anonymous_args = 0
 358              		.loc 1 128 1 is_stmt 0 view .LVU114
 359 0000 08B5     		push	{r3, lr}
 360              	.LCFI5:
 361              		.cfi_def_cfa_offset 8
 362              		.cfi_offset 3, -8
 363              		.cfi_offset 14, -4
 129:Core/Src/quadspi.c **** 
 130:Core/Src/quadspi.c ****   if(qspiHandle->Instance==QUADSPI)
 364              		.loc 1 130 3 is_stmt 1 view .LVU115
 365              		.loc 1 130 16 is_stmt 0 view .LVU116
 366 0002 0268     		ldr	r2, [r0]
 367              		.loc 1 130 5 view .LVU117
 368 0004 0C4B     		ldr	r3, .L19
ARM GAS  C:\Users\12491\AppData\Local\Temp\cckxBAk1.s 			page 11


 369 0006 9A42     		cmp	r2, r3
 370 0008 00D0     		beq	.L18
 371              	.LVL16:
 372              	.L15:
 131:Core/Src/quadspi.c ****   {
 132:Core/Src/quadspi.c ****   /* USER CODE BEGIN QUADSPI_MspDeInit 0 */
 133:Core/Src/quadspi.c **** 
 134:Core/Src/quadspi.c ****   /* USER CODE END QUADSPI_MspDeInit 0 */
 135:Core/Src/quadspi.c ****     /* Peripheral clock disable */
 136:Core/Src/quadspi.c ****     __HAL_RCC_QSPI_CLK_DISABLE();
 137:Core/Src/quadspi.c **** 
 138:Core/Src/quadspi.c ****     /**QUADSPI GPIO Configuration
 139:Core/Src/quadspi.c ****     PE2     ------> QUADSPI_BK1_IO2
 140:Core/Src/quadspi.c ****     PF6     ------> QUADSPI_BK1_IO3
 141:Core/Src/quadspi.c ****     PF8     ------> QUADSPI_BK1_IO0
 142:Core/Src/quadspi.c ****     PF9     ------> QUADSPI_BK1_IO1
 143:Core/Src/quadspi.c ****     PF10     ------> QUADSPI_CLK
 144:Core/Src/quadspi.c ****     PG6     ------> QUADSPI_BK1_NCS
 145:Core/Src/quadspi.c ****     */
 146:Core/Src/quadspi.c ****     HAL_GPIO_DeInit(GPIOE, GPIO_PIN_2);
 147:Core/Src/quadspi.c **** 
 148:Core/Src/quadspi.c ****     HAL_GPIO_DeInit(GPIOF, GPIO_PIN_6|GPIO_PIN_8|GPIO_PIN_9|GPIO_PIN_10);
 149:Core/Src/quadspi.c **** 
 150:Core/Src/quadspi.c ****     HAL_GPIO_DeInit(GPIOG, GPIO_PIN_6);
 151:Core/Src/quadspi.c **** 
 152:Core/Src/quadspi.c ****   /* USER CODE BEGIN QUADSPI_MspDeInit 1 */
 153:Core/Src/quadspi.c **** 
 154:Core/Src/quadspi.c ****   /* USER CODE END QUADSPI_MspDeInit 1 */
 155:Core/Src/quadspi.c ****   }
 156:Core/Src/quadspi.c **** }
 373              		.loc 1 156 1 view .LVU118
 374 000a 08BD     		pop	{r3, pc}
 375              	.LVL17:
 376              	.L18:
 136:Core/Src/quadspi.c **** 
 377              		.loc 1 136 5 is_stmt 1 view .LVU119
 378 000c 0B4A     		ldr	r2, .L19+4
 379 000e D2F8D430 		ldr	r3, [r2, #212]
 380 0012 23F48043 		bic	r3, r3, #16384
 381 0016 C2F8D430 		str	r3, [r2, #212]
 146:Core/Src/quadspi.c **** 
 382              		.loc 1 146 5 view .LVU120
 383 001a 0421     		movs	r1, #4
 384 001c 0848     		ldr	r0, .L19+8
 385              	.LVL18:
 146:Core/Src/quadspi.c **** 
 386              		.loc 1 146 5 is_stmt 0 view .LVU121
 387 001e FFF7FEFF 		bl	HAL_GPIO_DeInit
 388              	.LVL19:
 148:Core/Src/quadspi.c **** 
 389              		.loc 1 148 5 is_stmt 1 view .LVU122
 390 0022 4FF4E861 		mov	r1, #1856
 391 0026 0748     		ldr	r0, .L19+12
 392 0028 FFF7FEFF 		bl	HAL_GPIO_DeInit
 393              	.LVL20:
 150:Core/Src/quadspi.c **** 
 394              		.loc 1 150 5 view .LVU123
ARM GAS  C:\Users\12491\AppData\Local\Temp\cckxBAk1.s 			page 12


 395 002c 4021     		movs	r1, #64
 396 002e 0648     		ldr	r0, .L19+16
 397 0030 FFF7FEFF 		bl	HAL_GPIO_DeInit
 398              	.LVL21:
 399              		.loc 1 156 1 is_stmt 0 view .LVU124
 400 0034 E9E7     		b	.L15
 401              	.L20:
 402 0036 00BF     		.align	2
 403              	.L19:
 404 0038 00500052 		.word	1375752192
 405 003c 00440258 		.word	1476543488
 406 0040 00100258 		.word	1476530176
 407 0044 00140258 		.word	1476531200
 408 0048 00180258 		.word	1476532224
 409              		.cfi_endproc
 410              	.LFE146:
 412              		.global	hqspi
 413              		.section	.bss.hqspi,"aw",%nobits
 414              		.align	2
 417              	hqspi:
 418 0000 00000000 		.space	76
 418      00000000 
 418      00000000 
 418      00000000 
 418      00000000 
 419              		.text
 420              	.Letext0:
 421              		.file 2 "C:\\Program Files\\STMicroelectronics\\STM32Cube\\STM32CubeCLT_1.20.0\\GNU-tools-for-STM3
 422              		.file 3 "C:\\Program Files\\STMicroelectronics\\STM32Cube\\STM32CubeCLT_1.20.0\\GNU-tools-for-STM3
 423              		.file 4 "Drivers/CMSIS/Device/ST/STM32H7xx/Include/stm32h743xx.h"
 424              		.file 5 "Drivers/STM32H7xx_HAL_Driver/Inc/stm32h7xx_hal_def.h"
 425              		.file 6 "Drivers/STM32H7xx_HAL_Driver/Inc/stm32h7xx_hal_rcc_ex.h"
 426              		.file 7 "Drivers/STM32H7xx_HAL_Driver/Inc/stm32h7xx_hal_gpio.h"
 427              		.file 8 "Drivers/STM32H7xx_HAL_Driver/Inc/stm32h7xx_hal_mdma.h"
 428              		.file 9 "Drivers/STM32H7xx_HAL_Driver/Inc/stm32h7xx_hal_qspi.h"
 429              		.file 10 "Core/Inc/quadspi.h"
 430              		.file 11 "Core/Inc/main.h"
 431              		.file 12 "<built-in>"
ARM GAS  C:\Users\12491\AppData\Local\Temp\cckxBAk1.s 			page 13


DEFINED SYMBOLS
                            *ABS*:00000000 quadspi.c
C:\Users\12491\AppData\Local\Temp\cckxBAk1.s:20     .text.MX_QUADSPI_Init:00000000 $t
C:\Users\12491\AppData\Local\Temp\cckxBAk1.s:26     .text.MX_QUADSPI_Init:00000000 MX_QUADSPI_Init
C:\Users\12491\AppData\Local\Temp\cckxBAk1.s:90     .text.MX_QUADSPI_Init:00000034 $d
C:\Users\12491\AppData\Local\Temp\cckxBAk1.s:417    .bss.hqspi:00000000 hqspi
C:\Users\12491\AppData\Local\Temp\cckxBAk1.s:96     .text.HAL_QSPI_MspInit:00000000 $t
C:\Users\12491\AppData\Local\Temp\cckxBAk1.s:102    .text.HAL_QSPI_MspInit:00000000 HAL_QSPI_MspInit
C:\Users\12491\AppData\Local\Temp\cckxBAk1.s:336    .text.HAL_QSPI_MspInit:00000104 $d
C:\Users\12491\AppData\Local\Temp\cckxBAk1.s:345    .text.HAL_QSPI_MspDeInit:00000000 $t
C:\Users\12491\AppData\Local\Temp\cckxBAk1.s:351    .text.HAL_QSPI_MspDeInit:00000000 HAL_QSPI_MspDeInit
C:\Users\12491\AppData\Local\Temp\cckxBAk1.s:404    .text.HAL_QSPI_MspDeInit:00000038 $d
C:\Users\12491\AppData\Local\Temp\cckxBAk1.s:414    .bss.hqspi:00000000 $d

UNDEFINED SYMBOLS
HAL_QSPI_Init
Error_Handler
memset
HAL_RCCEx_PeriphCLKConfig
HAL_GPIO_Init
HAL_GPIO_DeInit
