ARM GAS  C:\Users\12491\AppData\Local\Temp\cc89u7zZ.s 			page 1


   1              		.cpu cortex-m7
   2              		.arch armv7e-m
   3              		.fpu fpv5-d16
   4              		.eabi_attribute 28, 1
   5              		.eabi_attribute 20, 1
   6              		.eabi_attribute 21, 1
   7              		.eabi_attribute 23, 3
   8              		.eabi_attribute 24, 1
   9              		.eabi_attribute 25, 1
  10              		.eabi_attribute 26, 1
  11              		.eabi_attribute 30, 1
  12              		.eabi_attribute 34, 1
  13              		.eabi_attribute 18, 4
  14              		.file	"spi.c"
  15              		.text
  16              	.Ltext0:
  17              		.cfi_sections	.debug_frame
  18              		.file 1 "Core/Src/spi.c"
  19              		.section	.text.MX_SPI1_Init,"ax",%progbits
  20              		.align	1
  21              		.global	MX_SPI1_Init
  22              		.syntax unified
  23              		.thumb
  24              		.thumb_func
  26              	MX_SPI1_Init:
  27              	.LFB144:
   1:Core/Src/spi.c **** /* USER CODE BEGIN Header */
   2:Core/Src/spi.c **** /**
   3:Core/Src/spi.c ****   ******************************************************************************
   4:Core/Src/spi.c ****   * @file    spi.c
   5:Core/Src/spi.c ****   * @brief   This file provides code for the configuration
   6:Core/Src/spi.c ****   *          of the SPI instances.
   7:Core/Src/spi.c ****   ******************************************************************************
   8:Core/Src/spi.c ****   * @attention
   9:Core/Src/spi.c ****   *
  10:Core/Src/spi.c ****   * Copyright (c) 2026 STMicroelectronics.
  11:Core/Src/spi.c ****   * All rights reserved.
  12:Core/Src/spi.c ****   *
  13:Core/Src/spi.c ****   * This software is licensed under terms that can be found in the LICENSE file
  14:Core/Src/spi.c ****   * in the root directory of this software component.
  15:Core/Src/spi.c ****   * If no LICENSE file comes with this software, it is provided AS-IS.
  16:Core/Src/spi.c ****   *
  17:Core/Src/spi.c ****   ******************************************************************************
  18:Core/Src/spi.c ****   */
  19:Core/Src/spi.c **** /* USER CODE END Header */
  20:Core/Src/spi.c **** /* Includes ------------------------------------------------------------------*/
  21:Core/Src/spi.c **** #include "spi.h"
  22:Core/Src/spi.c **** 
  23:Core/Src/spi.c **** /* USER CODE BEGIN 0 */
  24:Core/Src/spi.c **** 
  25:Core/Src/spi.c **** /* USER CODE END 0 */
  26:Core/Src/spi.c **** 
  27:Core/Src/spi.c **** SPI_HandleTypeDef hspi1;
  28:Core/Src/spi.c **** 
  29:Core/Src/spi.c **** /* SPI1 init function */
  30:Core/Src/spi.c **** void MX_SPI1_Init(void)
  31:Core/Src/spi.c **** {
ARM GAS  C:\Users\12491\AppData\Local\Temp\cc89u7zZ.s 			page 2


  28              		.loc 1 31 1 view -0
  29              		.cfi_startproc
  30              		@ args = 0, pretend = 0, frame = 0
  31              		@ frame_needed = 0, uses_anonymous_args = 0
  32 0000 08B5     		push	{r3, lr}
  33              	.LCFI0:
  34              		.cfi_def_cfa_offset 8
  35              		.cfi_offset 3, -8
  36              		.cfi_offset 14, -4
  32:Core/Src/spi.c **** 
  33:Core/Src/spi.c ****   /* USER CODE BEGIN SPI1_Init 0 */
  34:Core/Src/spi.c **** 
  35:Core/Src/spi.c ****   /* USER CODE END SPI1_Init 0 */
  36:Core/Src/spi.c **** 
  37:Core/Src/spi.c ****   /* USER CODE BEGIN SPI1_Init 1 */
  38:Core/Src/spi.c **** 
  39:Core/Src/spi.c ****   /* USER CODE END SPI1_Init 1 */
  40:Core/Src/spi.c ****   hspi1.Instance = SPI1;
  37              		.loc 1 40 3 view .LVU1
  38              		.loc 1 40 18 is_stmt 0 view .LVU2
  39 0002 1448     		ldr	r0, .L5
  40 0004 144B     		ldr	r3, .L5+4
  41 0006 0360     		str	r3, [r0]
  41:Core/Src/spi.c ****   hspi1.Init.Mode = SPI_MODE_MASTER;
  42              		.loc 1 41 3 is_stmt 1 view .LVU3
  43              		.loc 1 41 19 is_stmt 0 view .LVU4
  44 0008 4FF48003 		mov	r3, #4194304
  45 000c 4360     		str	r3, [r0, #4]
  42:Core/Src/spi.c ****   hspi1.Init.Direction = SPI_DIRECTION_2LINES;
  46              		.loc 1 42 3 is_stmt 1 view .LVU5
  47              		.loc 1 42 24 is_stmt 0 view .LVU6
  48 000e 0023     		movs	r3, #0
  49 0010 8360     		str	r3, [r0, #8]
  43:Core/Src/spi.c ****   hspi1.Init.DataSize = SPI_DATASIZE_4BIT;
  50              		.loc 1 43 3 is_stmt 1 view .LVU7
  51              		.loc 1 43 23 is_stmt 0 view .LVU8
  52 0012 0322     		movs	r2, #3
  53 0014 C260     		str	r2, [r0, #12]
  44:Core/Src/spi.c ****   hspi1.Init.CLKPolarity = SPI_POLARITY_LOW;
  54              		.loc 1 44 3 is_stmt 1 view .LVU9
  55              		.loc 1 44 26 is_stmt 0 view .LVU10
  56 0016 0361     		str	r3, [r0, #16]
  45:Core/Src/spi.c ****   hspi1.Init.CLKPhase = SPI_PHASE_1EDGE;
  57              		.loc 1 45 3 is_stmt 1 view .LVU11
  58              		.loc 1 45 23 is_stmt 0 view .LVU12
  59 0018 4361     		str	r3, [r0, #20]
  46:Core/Src/spi.c ****   hspi1.Init.NSS = SPI_NSS_SOFT;
  60              		.loc 1 46 3 is_stmt 1 view .LVU13
  61              		.loc 1 46 18 is_stmt 0 view .LVU14
  62 001a 4FF08062 		mov	r2, #67108864
  63 001e 8261     		str	r2, [r0, #24]
  47:Core/Src/spi.c ****   hspi1.Init.BaudRatePrescaler = SPI_BAUDRATEPRESCALER_4;
  64              		.loc 1 47 3 is_stmt 1 view .LVU15
  65              		.loc 1 47 32 is_stmt 0 view .LVU16
  66 0020 4FF08052 		mov	r2, #268435456
  67 0024 C261     		str	r2, [r0, #28]
  48:Core/Src/spi.c ****   hspi1.Init.FirstBit = SPI_FIRSTBIT_MSB;
ARM GAS  C:\Users\12491\AppData\Local\Temp\cc89u7zZ.s 			page 3


  68              		.loc 1 48 3 is_stmt 1 view .LVU17
  69              		.loc 1 48 23 is_stmt 0 view .LVU18
  70 0026 0362     		str	r3, [r0, #32]
  49:Core/Src/spi.c ****   hspi1.Init.TIMode = SPI_TIMODE_DISABLE;
  71              		.loc 1 49 3 is_stmt 1 view .LVU19
  72              		.loc 1 49 21 is_stmt 0 view .LVU20
  73 0028 4362     		str	r3, [r0, #36]
  50:Core/Src/spi.c ****   hspi1.Init.CRCCalculation = SPI_CRCCALCULATION_DISABLE;
  74              		.loc 1 50 3 is_stmt 1 view .LVU21
  75              		.loc 1 50 29 is_stmt 0 view .LVU22
  76 002a 8362     		str	r3, [r0, #40]
  51:Core/Src/spi.c ****   hspi1.Init.CRCPolynomial = 0x0;
  77              		.loc 1 51 3 is_stmt 1 view .LVU23
  78              		.loc 1 51 28 is_stmt 0 view .LVU24
  79 002c C362     		str	r3, [r0, #44]
  52:Core/Src/spi.c ****   hspi1.Init.NSSPMode = SPI_NSS_PULSE_ENABLE;
  80              		.loc 1 52 3 is_stmt 1 view .LVU25
  81              		.loc 1 52 23 is_stmt 0 view .LVU26
  82 002e 4FF08042 		mov	r2, #1073741824
  83 0032 4263     		str	r2, [r0, #52]
  53:Core/Src/spi.c ****   hspi1.Init.NSSPolarity = SPI_NSS_POLARITY_LOW;
  84              		.loc 1 53 3 is_stmt 1 view .LVU27
  85              		.loc 1 53 26 is_stmt 0 view .LVU28
  86 0034 8363     		str	r3, [r0, #56]
  54:Core/Src/spi.c ****   hspi1.Init.FifoThreshold = SPI_FIFO_THRESHOLD_01DATA;
  87              		.loc 1 54 3 is_stmt 1 view .LVU29
  88              		.loc 1 54 28 is_stmt 0 view .LVU30
  89 0036 C363     		str	r3, [r0, #60]
  55:Core/Src/spi.c ****   hspi1.Init.TxCRCInitializationPattern = SPI_CRC_INITIALIZATION_ALL_ZERO_PATTERN;
  90              		.loc 1 55 3 is_stmt 1 view .LVU31
  91              		.loc 1 55 41 is_stmt 0 view .LVU32
  92 0038 0364     		str	r3, [r0, #64]
  56:Core/Src/spi.c ****   hspi1.Init.RxCRCInitializationPattern = SPI_CRC_INITIALIZATION_ALL_ZERO_PATTERN;
  93              		.loc 1 56 3 is_stmt 1 view .LVU33
  94              		.loc 1 56 41 is_stmt 0 view .LVU34
  95 003a 4364     		str	r3, [r0, #68]
  57:Core/Src/spi.c ****   hspi1.Init.MasterSSIdleness = SPI_MASTER_SS_IDLENESS_00CYCLE;
  96              		.loc 1 57 3 is_stmt 1 view .LVU35
  97              		.loc 1 57 31 is_stmt 0 view .LVU36
  98 003c 8364     		str	r3, [r0, #72]
  58:Core/Src/spi.c ****   hspi1.Init.MasterInterDataIdleness = SPI_MASTER_INTERDATA_IDLENESS_00CYCLE;
  99              		.loc 1 58 3 is_stmt 1 view .LVU37
 100              		.loc 1 58 38 is_stmt 0 view .LVU38
 101 003e C364     		str	r3, [r0, #76]
  59:Core/Src/spi.c ****   hspi1.Init.MasterReceiverAutoSusp = SPI_MASTER_RX_AUTOSUSP_DISABLE;
 102              		.loc 1 59 3 is_stmt 1 view .LVU39
 103              		.loc 1 59 37 is_stmt 0 view .LVU40
 104 0040 0365     		str	r3, [r0, #80]
  60:Core/Src/spi.c ****   hspi1.Init.MasterKeepIOState = SPI_MASTER_KEEP_IO_STATE_DISABLE;
 105              		.loc 1 60 3 is_stmt 1 view .LVU41
 106              		.loc 1 60 32 is_stmt 0 view .LVU42
 107 0042 4365     		str	r3, [r0, #84]
  61:Core/Src/spi.c ****   hspi1.Init.IOSwap = SPI_IO_SWAP_DISABLE;
 108              		.loc 1 61 3 is_stmt 1 view .LVU43
 109              		.loc 1 61 21 is_stmt 0 view .LVU44
 110 0044 8365     		str	r3, [r0, #88]
  62:Core/Src/spi.c ****   if (HAL_SPI_Init(&hspi1) != HAL_OK)
ARM GAS  C:\Users\12491\AppData\Local\Temp\cc89u7zZ.s 			page 4


 111              		.loc 1 62 3 is_stmt 1 view .LVU45
 112              		.loc 1 62 7 is_stmt 0 view .LVU46
 113 0046 FFF7FEFF 		bl	HAL_SPI_Init
 114              	.LVL0:
 115              		.loc 1 62 6 discriminator 1 view .LVU47
 116 004a 00B9     		cbnz	r0, .L4
 117              	.L1:
  63:Core/Src/spi.c ****   {
  64:Core/Src/spi.c ****     Error_Handler();
  65:Core/Src/spi.c ****   }
  66:Core/Src/spi.c ****   /* USER CODE BEGIN SPI1_Init 2 */
  67:Core/Src/spi.c **** 
  68:Core/Src/spi.c ****   /* USER CODE END SPI1_Init 2 */
  69:Core/Src/spi.c **** 
  70:Core/Src/spi.c **** }
 118              		.loc 1 70 1 view .LVU48
 119 004c 08BD     		pop	{r3, pc}
 120              	.L4:
  64:Core/Src/spi.c ****   }
 121              		.loc 1 64 5 is_stmt 1 view .LVU49
 122 004e FFF7FEFF 		bl	Error_Handler
 123              	.LVL1:
 124              		.loc 1 70 1 is_stmt 0 view .LVU50
 125 0052 FBE7     		b	.L1
 126              	.L6:
 127              		.align	2
 128              	.L5:
 129 0054 00000000 		.word	hspi1
 130 0058 00300140 		.word	1073819648
 131              		.cfi_endproc
 132              	.LFE144:
 134              		.section	.text.HAL_SPI_MspInit,"ax",%progbits
 135              		.align	1
 136              		.global	HAL_SPI_MspInit
 137              		.syntax unified
 138              		.thumb
 139              		.thumb_func
 141              	HAL_SPI_MspInit:
 142              	.LVL2:
 143              	.LFB145:
  71:Core/Src/spi.c **** 
  72:Core/Src/spi.c **** void HAL_SPI_MspInit(SPI_HandleTypeDef* spiHandle)
  73:Core/Src/spi.c **** {
 144              		.loc 1 73 1 is_stmt 1 view -0
 145              		.cfi_startproc
 146              		@ args = 0, pretend = 0, frame = 224
 147              		@ frame_needed = 0, uses_anonymous_args = 0
 148              		.loc 1 73 1 is_stmt 0 view .LVU52
 149 0000 10B5     		push	{r4, lr}
 150              	.LCFI1:
 151              		.cfi_def_cfa_offset 8
 152              		.cfi_offset 4, -8
 153              		.cfi_offset 14, -4
 154 0002 B8B0     		sub	sp, sp, #224
 155              	.LCFI2:
 156              		.cfi_def_cfa_offset 232
 157 0004 0446     		mov	r4, r0
ARM GAS  C:\Users\12491\AppData\Local\Temp\cc89u7zZ.s 			page 5


  74:Core/Src/spi.c **** 
  75:Core/Src/spi.c ****   GPIO_InitTypeDef GPIO_InitStruct = {0};
 158              		.loc 1 75 3 is_stmt 1 view .LVU53
 159              		.loc 1 75 20 is_stmt 0 view .LVU54
 160 0006 0021     		movs	r1, #0
 161 0008 3391     		str	r1, [sp, #204]
 162 000a 3491     		str	r1, [sp, #208]
 163 000c 3591     		str	r1, [sp, #212]
 164 000e 3691     		str	r1, [sp, #216]
 165 0010 3791     		str	r1, [sp, #220]
  76:Core/Src/spi.c ****   RCC_PeriphCLKInitTypeDef PeriphClkInitStruct = {0};
 166              		.loc 1 76 3 is_stmt 1 view .LVU55
 167              		.loc 1 76 28 is_stmt 0 view .LVU56
 168 0012 C022     		movs	r2, #192
 169 0014 02A8     		add	r0, sp, #8
 170              	.LVL3:
 171              		.loc 1 76 28 view .LVU57
 172 0016 FFF7FEFF 		bl	memset
 173              	.LVL4:
  77:Core/Src/spi.c ****   if(spiHandle->Instance==SPI1)
 174              		.loc 1 77 3 is_stmt 1 view .LVU58
 175              		.loc 1 77 15 is_stmt 0 view .LVU59
 176 001a 2268     		ldr	r2, [r4]
 177              		.loc 1 77 5 view .LVU60
 178 001c 1B4B     		ldr	r3, .L13
 179 001e 9A42     		cmp	r2, r3
 180 0020 01D0     		beq	.L11
 181              	.L7:
  78:Core/Src/spi.c ****   {
  79:Core/Src/spi.c ****   /* USER CODE BEGIN SPI1_MspInit 0 */
  80:Core/Src/spi.c **** 
  81:Core/Src/spi.c ****   /* USER CODE END SPI1_MspInit 0 */
  82:Core/Src/spi.c **** 
  83:Core/Src/spi.c ****   /** Initializes the peripherals clock
  84:Core/Src/spi.c ****   */
  85:Core/Src/spi.c ****     PeriphClkInitStruct.PeriphClockSelection = RCC_PERIPHCLK_SPI1;
  86:Core/Src/spi.c ****     PeriphClkInitStruct.Spi123ClockSelection = RCC_SPI123CLKSOURCE_PLL;
  87:Core/Src/spi.c ****     if (HAL_RCCEx_PeriphCLKConfig(&PeriphClkInitStruct) != HAL_OK)
  88:Core/Src/spi.c ****     {
  89:Core/Src/spi.c ****       Error_Handler();
  90:Core/Src/spi.c ****     }
  91:Core/Src/spi.c **** 
  92:Core/Src/spi.c ****     /* SPI1 clock enable */
  93:Core/Src/spi.c ****     __HAL_RCC_SPI1_CLK_ENABLE();
  94:Core/Src/spi.c **** 
  95:Core/Src/spi.c ****     __HAL_RCC_GPIOA_CLK_ENABLE();
  96:Core/Src/spi.c ****     /**SPI1 GPIO Configuration
  97:Core/Src/spi.c ****     PA5     ------> SPI1_SCK
  98:Core/Src/spi.c ****     PA6     ------> SPI1_MISO
  99:Core/Src/spi.c ****     PA7     ------> SPI1_MOSI
 100:Core/Src/spi.c ****     */
 101:Core/Src/spi.c ****     GPIO_InitStruct.Pin = GPIO_PIN_5|GPIO_PIN_6|GPIO_PIN_7;
 102:Core/Src/spi.c ****     GPIO_InitStruct.Mode = GPIO_MODE_AF_PP;
 103:Core/Src/spi.c ****     GPIO_InitStruct.Pull = GPIO_NOPULL;
 104:Core/Src/spi.c ****     GPIO_InitStruct.Speed = GPIO_SPEED_FREQ_LOW;
 105:Core/Src/spi.c ****     GPIO_InitStruct.Alternate = GPIO_AF5_SPI1;
 106:Core/Src/spi.c ****     HAL_GPIO_Init(GPIOA, &GPIO_InitStruct);
ARM GAS  C:\Users\12491\AppData\Local\Temp\cc89u7zZ.s 			page 6


 107:Core/Src/spi.c **** 
 108:Core/Src/spi.c ****   /* USER CODE BEGIN SPI1_MspInit 1 */
 109:Core/Src/spi.c **** 
 110:Core/Src/spi.c ****   /* USER CODE END SPI1_MspInit 1 */
 111:Core/Src/spi.c ****   }
 112:Core/Src/spi.c **** }
 182              		.loc 1 112 1 view .LVU61
 183 0022 38B0     		add	sp, sp, #224
 184              	.LCFI3:
 185              		.cfi_remember_state
 186              		.cfi_def_cfa_offset 8
 187              		@ sp needed
 188 0024 10BD     		pop	{r4, pc}
 189              	.LVL5:
 190              	.L11:
 191              	.LCFI4:
 192              		.cfi_restore_state
  85:Core/Src/spi.c ****     PeriphClkInitStruct.Spi123ClockSelection = RCC_SPI123CLKSOURCE_PLL;
 193              		.loc 1 85 5 is_stmt 1 view .LVU62
  85:Core/Src/spi.c ****     PeriphClkInitStruct.Spi123ClockSelection = RCC_SPI123CLKSOURCE_PLL;
 194              		.loc 1 85 46 is_stmt 0 view .LVU63
 195 0026 4FF48052 		mov	r2, #4096
 196 002a 0023     		movs	r3, #0
 197 002c CDE90223 		strd	r2, [sp, #8]
  86:Core/Src/spi.c ****     if (HAL_RCCEx_PeriphCLKConfig(&PeriphClkInitStruct) != HAL_OK)
 198              		.loc 1 86 5 is_stmt 1 view .LVU64
  87:Core/Src/spi.c ****     {
 199              		.loc 1 87 5 view .LVU65
  87:Core/Src/spi.c ****     {
 200              		.loc 1 87 9 is_stmt 0 view .LVU66
 201 0030 02A8     		add	r0, sp, #8
 202 0032 FFF7FEFF 		bl	HAL_RCCEx_PeriphCLKConfig
 203              	.LVL6:
  87:Core/Src/spi.c ****     {
 204              		.loc 1 87 8 discriminator 1 view .LVU67
 205 0036 30BB     		cbnz	r0, .L12
 206              	.L9:
  93:Core/Src/spi.c **** 
 207              		.loc 1 93 5 is_stmt 1 view .LVU68
 208              	.LBB2:
  93:Core/Src/spi.c **** 
 209              		.loc 1 93 5 view .LVU69
  93:Core/Src/spi.c **** 
 210              		.loc 1 93 5 view .LVU70
 211 0038 154B     		ldr	r3, .L13+4
 212 003a D3F8F020 		ldr	r2, [r3, #240]
 213 003e 42F48052 		orr	r2, r2, #4096
 214 0042 C3F8F020 		str	r2, [r3, #240]
  93:Core/Src/spi.c **** 
 215              		.loc 1 93 5 view .LVU71
 216 0046 D3F8F020 		ldr	r2, [r3, #240]
 217 004a 02F48052 		and	r2, r2, #4096
 218 004e 0092     		str	r2, [sp]
  93:Core/Src/spi.c **** 
 219              		.loc 1 93 5 view .LVU72
 220 0050 009A     		ldr	r2, [sp]
 221              	.LBE2:
ARM GAS  C:\Users\12491\AppData\Local\Temp\cc89u7zZ.s 			page 7


  93:Core/Src/spi.c **** 
 222              		.loc 1 93 5 view .LVU73
  95:Core/Src/spi.c ****     /**SPI1 GPIO Configuration
 223              		.loc 1 95 5 view .LVU74
 224              	.LBB3:
  95:Core/Src/spi.c ****     /**SPI1 GPIO Configuration
 225              		.loc 1 95 5 view .LVU75
  95:Core/Src/spi.c ****     /**SPI1 GPIO Configuration
 226              		.loc 1 95 5 view .LVU76
 227 0052 D3F8E020 		ldr	r2, [r3, #224]
 228 0056 42F00102 		orr	r2, r2, #1
 229 005a C3F8E020 		str	r2, [r3, #224]
  95:Core/Src/spi.c ****     /**SPI1 GPIO Configuration
 230              		.loc 1 95 5 view .LVU77
 231 005e D3F8E030 		ldr	r3, [r3, #224]
 232 0062 03F00103 		and	r3, r3, #1
 233 0066 0193     		str	r3, [sp, #4]
  95:Core/Src/spi.c ****     /**SPI1 GPIO Configuration
 234              		.loc 1 95 5 view .LVU78
 235 0068 019B     		ldr	r3, [sp, #4]
 236              	.LBE3:
  95:Core/Src/spi.c ****     /**SPI1 GPIO Configuration
 237              		.loc 1 95 5 view .LVU79
 101:Core/Src/spi.c ****     GPIO_InitStruct.Mode = GPIO_MODE_AF_PP;
 238              		.loc 1 101 5 view .LVU80
 101:Core/Src/spi.c ****     GPIO_InitStruct.Mode = GPIO_MODE_AF_PP;
 239              		.loc 1 101 25 is_stmt 0 view .LVU81
 240 006a E023     		movs	r3, #224
 241 006c 3393     		str	r3, [sp, #204]
 102:Core/Src/spi.c ****     GPIO_InitStruct.Pull = GPIO_NOPULL;
 242              		.loc 1 102 5 is_stmt 1 view .LVU82
 102:Core/Src/spi.c ****     GPIO_InitStruct.Pull = GPIO_NOPULL;
 243              		.loc 1 102 26 is_stmt 0 view .LVU83
 244 006e 0223     		movs	r3, #2
 245 0070 3493     		str	r3, [sp, #208]
 103:Core/Src/spi.c ****     GPIO_InitStruct.Speed = GPIO_SPEED_FREQ_LOW;
 246              		.loc 1 103 5 is_stmt 1 view .LVU84
 103:Core/Src/spi.c ****     GPIO_InitStruct.Speed = GPIO_SPEED_FREQ_LOW;
 247              		.loc 1 103 26 is_stmt 0 view .LVU85
 248 0072 0023     		movs	r3, #0
 249 0074 3593     		str	r3, [sp, #212]
 104:Core/Src/spi.c ****     GPIO_InitStruct.Alternate = GPIO_AF5_SPI1;
 250              		.loc 1 104 5 is_stmt 1 view .LVU86
 104:Core/Src/spi.c ****     GPIO_InitStruct.Alternate = GPIO_AF5_SPI1;
 251              		.loc 1 104 27 is_stmt 0 view .LVU87
 252 0076 3693     		str	r3, [sp, #216]
 105:Core/Src/spi.c ****     HAL_GPIO_Init(GPIOA, &GPIO_InitStruct);
 253              		.loc 1 105 5 is_stmt 1 view .LVU88
 105:Core/Src/spi.c ****     HAL_GPIO_Init(GPIOA, &GPIO_InitStruct);
 254              		.loc 1 105 31 is_stmt 0 view .LVU89
 255 0078 0523     		movs	r3, #5
 256 007a 3793     		str	r3, [sp, #220]
 106:Core/Src/spi.c **** 
 257              		.loc 1 106 5 is_stmt 1 view .LVU90
 258 007c 33A9     		add	r1, sp, #204
 259 007e 0548     		ldr	r0, .L13+8
 260 0080 FFF7FEFF 		bl	HAL_GPIO_Init
ARM GAS  C:\Users\12491\AppData\Local\Temp\cc89u7zZ.s 			page 8


 261              	.LVL7:
 262              		.loc 1 112 1 is_stmt 0 view .LVU91
 263 0084 CDE7     		b	.L7
 264              	.L12:
  89:Core/Src/spi.c ****     }
 265              		.loc 1 89 7 is_stmt 1 view .LVU92
 266 0086 FFF7FEFF 		bl	Error_Handler
 267              	.LVL8:
 268 008a D5E7     		b	.L9
 269              	.L14:
 270              		.align	2
 271              	.L13:
 272 008c 00300140 		.word	1073819648
 273 0090 00440258 		.word	1476543488
 274 0094 00000258 		.word	1476526080
 275              		.cfi_endproc
 276              	.LFE145:
 278              		.section	.text.HAL_SPI_MspDeInit,"ax",%progbits
 279              		.align	1
 280              		.global	HAL_SPI_MspDeInit
 281              		.syntax unified
 282              		.thumb
 283              		.thumb_func
 285              	HAL_SPI_MspDeInit:
 286              	.LVL9:
 287              	.LFB146:
 113:Core/Src/spi.c **** 
 114:Core/Src/spi.c **** void HAL_SPI_MspDeInit(SPI_HandleTypeDef* spiHandle)
 115:Core/Src/spi.c **** {
 288              		.loc 1 115 1 view -0
 289              		.cfi_startproc
 290              		@ args = 0, pretend = 0, frame = 0
 291              		@ frame_needed = 0, uses_anonymous_args = 0
 292              		.loc 1 115 1 is_stmt 0 view .LVU94
 293 0000 08B5     		push	{r3, lr}
 294              	.LCFI5:
 295              		.cfi_def_cfa_offset 8
 296              		.cfi_offset 3, -8
 297              		.cfi_offset 14, -4
 116:Core/Src/spi.c **** 
 117:Core/Src/spi.c ****   if(spiHandle->Instance==SPI1)
 298              		.loc 1 117 3 is_stmt 1 view .LVU95
 299              		.loc 1 117 15 is_stmt 0 view .LVU96
 300 0002 0268     		ldr	r2, [r0]
 301              		.loc 1 117 5 view .LVU97
 302 0004 074B     		ldr	r3, .L19
 303 0006 9A42     		cmp	r2, r3
 304 0008 00D0     		beq	.L18
 305              	.LVL10:
 306              	.L15:
 118:Core/Src/spi.c ****   {
 119:Core/Src/spi.c ****   /* USER CODE BEGIN SPI1_MspDeInit 0 */
 120:Core/Src/spi.c **** 
 121:Core/Src/spi.c ****   /* USER CODE END SPI1_MspDeInit 0 */
 122:Core/Src/spi.c ****     /* Peripheral clock disable */
 123:Core/Src/spi.c ****     __HAL_RCC_SPI1_CLK_DISABLE();
 124:Core/Src/spi.c **** 
ARM GAS  C:\Users\12491\AppData\Local\Temp\cc89u7zZ.s 			page 9


 125:Core/Src/spi.c ****     /**SPI1 GPIO Configuration
 126:Core/Src/spi.c ****     PA5     ------> SPI1_SCK
 127:Core/Src/spi.c ****     PA6     ------> SPI1_MISO
 128:Core/Src/spi.c ****     PA7     ------> SPI1_MOSI
 129:Core/Src/spi.c ****     */
 130:Core/Src/spi.c ****     HAL_GPIO_DeInit(GPIOA, GPIO_PIN_5|GPIO_PIN_6|GPIO_PIN_7);
 131:Core/Src/spi.c **** 
 132:Core/Src/spi.c ****   /* USER CODE BEGIN SPI1_MspDeInit 1 */
 133:Core/Src/spi.c **** 
 134:Core/Src/spi.c ****   /* USER CODE END SPI1_MspDeInit 1 */
 135:Core/Src/spi.c ****   }
 136:Core/Src/spi.c **** }
 307              		.loc 1 136 1 view .LVU98
 308 000a 08BD     		pop	{r3, pc}
 309              	.LVL11:
 310              	.L18:
 123:Core/Src/spi.c **** 
 311              		.loc 1 123 5 is_stmt 1 view .LVU99
 312 000c 064A     		ldr	r2, .L19+4
 313 000e D2F8F030 		ldr	r3, [r2, #240]
 314 0012 23F48053 		bic	r3, r3, #4096
 315 0016 C2F8F030 		str	r3, [r2, #240]
 130:Core/Src/spi.c **** 
 316              		.loc 1 130 5 view .LVU100
 317 001a E021     		movs	r1, #224
 318 001c 0348     		ldr	r0, .L19+8
 319              	.LVL12:
 130:Core/Src/spi.c **** 
 320              		.loc 1 130 5 is_stmt 0 view .LVU101
 321 001e FFF7FEFF 		bl	HAL_GPIO_DeInit
 322              	.LVL13:
 323              		.loc 1 136 1 view .LVU102
 324 0022 F2E7     		b	.L15
 325              	.L20:
 326              		.align	2
 327              	.L19:
 328 0024 00300140 		.word	1073819648
 329 0028 00440258 		.word	1476543488
 330 002c 00000258 		.word	1476526080
 331              		.cfi_endproc
 332              	.LFE146:
 334              		.global	hspi1
 335              		.section	.bss.hspi1,"aw",%nobits
 336              		.align	2
 339              	hspi1:
 340 0000 00000000 		.space	136
 340      00000000 
 340      00000000 
 340      00000000 
 340      00000000 
 341              		.text
 342              	.Letext0:
 343              		.file 2 "C:\\Program Files\\STMicroelectronics\\STM32Cube\\STM32CubeCLT_1.20.0\\GNU-tools-for-STM3
 344              		.file 3 "C:\\Program Files\\STMicroelectronics\\STM32Cube\\STM32CubeCLT_1.20.0\\GNU-tools-for-STM3
 345              		.file 4 "Drivers/CMSIS/Device/ST/STM32H7xx/Include/stm32h743xx.h"
 346              		.file 5 "Drivers/STM32H7xx_HAL_Driver/Inc/stm32h7xx_hal_def.h"
 347              		.file 6 "Drivers/STM32H7xx_HAL_Driver/Inc/stm32h7xx_hal_rcc_ex.h"
ARM GAS  C:\Users\12491\AppData\Local\Temp\cc89u7zZ.s 			page 10


 348              		.file 7 "Drivers/STM32H7xx_HAL_Driver/Inc/stm32h7xx_hal_gpio.h"
 349              		.file 8 "Drivers/STM32H7xx_HAL_Driver/Inc/stm32h7xx_hal_dma.h"
 350              		.file 9 "Drivers/STM32H7xx_HAL_Driver/Inc/stm32h7xx_hal_spi.h"
 351              		.file 10 "Core/Inc/spi.h"
 352              		.file 11 "Core/Inc/main.h"
 353              		.file 12 "<built-in>"
ARM GAS  C:\Users\12491\AppData\Local\Temp\cc89u7zZ.s 			page 11


DEFINED SYMBOLS
                            *ABS*:00000000 spi.c
C:\Users\12491\AppData\Local\Temp\cc89u7zZ.s:20     .text.MX_SPI1_Init:00000000 $t
C:\Users\12491\AppData\Local\Temp\cc89u7zZ.s:26     .text.MX_SPI1_Init:00000000 MX_SPI1_Init
C:\Users\12491\AppData\Local\Temp\cc89u7zZ.s:129    .text.MX_SPI1_Init:00000054 $d
C:\Users\12491\AppData\Local\Temp\cc89u7zZ.s:339    .bss.hspi1:00000000 hspi1
C:\Users\12491\AppData\Local\Temp\cc89u7zZ.s:135    .text.HAL_SPI_MspInit:00000000 $t
C:\Users\12491\AppData\Local\Temp\cc89u7zZ.s:141    .text.HAL_SPI_MspInit:00000000 HAL_SPI_MspInit
C:\Users\12491\AppData\Local\Temp\cc89u7zZ.s:272    .text.HAL_SPI_MspInit:0000008c $d
C:\Users\12491\AppData\Local\Temp\cc89u7zZ.s:279    .text.HAL_SPI_MspDeInit:00000000 $t
C:\Users\12491\AppData\Local\Temp\cc89u7zZ.s:285    .text.HAL_SPI_MspDeInit:00000000 HAL_SPI_MspDeInit
C:\Users\12491\AppData\Local\Temp\cc89u7zZ.s:328    .text.HAL_SPI_MspDeInit:00000024 $d
C:\Users\12491\AppData\Local\Temp\cc89u7zZ.s:336    .bss.hspi1:00000000 $d

UNDEFINED SYMBOLS
HAL_SPI_Init
Error_Handler
memset
HAL_RCCEx_PeriphCLKConfig
HAL_GPIO_Init
HAL_GPIO_DeInit
