Archive member included to satisfy reference by file (symbol)

C:/Program Files/STMicroelectronics/STM32Cube/STM32CubeCLT_1.20.0/GNU-tools-for-STM32/bin/../lib/gcc/arm-none-eabi/13.3.1/../../../../arm-none-eabi/lib/thumb/v7e-m+dp/hard\libc_nano.a(libc_a-exit.o)
                              C:/Program Files/STMicroelectronics/STM32Cube/STM32CubeCLT_1.20.0/GNU-tools-for-STM32/bin/../lib/gcc/arm-none-eabi/13.3.1/../../../../arm-none-eabi/lib/thumb/v7e-m+dp/hard/crt0.o (exit)
C:/Program Files/STMicroelectronics/STM32Cube/STM32CubeCLT_1.20.0/GNU-tools-for-STM32/bin/../lib/gcc/arm-none-eabi/13.3.1/../../../../arm-none-eabi/lib/thumb/v7e-m+dp/hard\libc_nano.a(libc_a-findfp.o)
                              C:/Program Files/STMicroelectronics/STM32Cube/STM32CubeCLT_1.20.0/GNU-tools-for-STM32/bin/../lib/gcc/arm-none-eabi/13.3.1/../../../../arm-none-eabi/lib/thumb/v7e-m+dp/hard\libc_nano.a(libc_a-exit.o) (__stdio_exit_handler)
C:/Program Files/STMicroelectronics/STM32Cube/STM32CubeCLT_1.20.0/GNU-tools-for-STM32/bin/../lib/gcc/arm-none-eabi/13.3.1/../../../../arm-none-eabi/lib/thumb/v7e-m+dp/hard\libc_nano.a(libc_a-fwalk.o)
                              C:/Program Files/STMicroelectronics/STM32Cube/STM32CubeCLT_1.20.0/GNU-tools-for-STM32/bin/../lib/gcc/arm-none-eabi/13.3.1/../../../../arm-none-eabi/lib/thumb/v7e-m+dp/hard\libc_nano.a(libc_a-findfp.o) (_fwalk_sglue)
C:/Program Files/STMicroelectronics/STM32Cube/STM32CubeCLT_1.20.0/GNU-tools-for-STM32/bin/../lib/gcc/arm-none-eabi/13.3.1/../../../../arm-none-eabi/lib/thumb/v7e-m+dp/hard\libc_nano.a(libc_a-stdio.o)
                              C:/Program Files/STMicroelectronics/STM32Cube/STM32CubeCLT_1.20.0/GNU-tools-for-STM32/bin/../lib/gcc/arm-none-eabi/13.3.1/../../../../arm-none-eabi/lib/thumb/v7e-m+dp/hard\libc_nano.a(libc_a-findfp.o) (__sread)
C:/Program Files/STMicroelectronics/STM32Cube/STM32CubeCLT_1.20.0/GNU-tools-for-STM32/bin/../lib/gcc/arm-none-eabi/13.3.1/../../../../arm-none-eabi/lib/thumb/v7e-m+dp/hard\libc_nano.a(libc_a-memset.o)
                              C:/Program Files/STMicroelectronics/STM32Cube/STM32CubeCLT_1.20.0/GNU-tools-for-STM32/bin/../lib/gcc/arm-none-eabi/13.3.1/../../../../arm-none-eabi/lib/thumb/v7e-m+dp/hard/crt0.o (memset)
C:/Program Files/STMicroelectronics/STM32Cube/STM32CubeCLT_1.20.0/GNU-tools-for-STM32/bin/../lib/gcc/arm-none-eabi/13.3.1/../../../../arm-none-eabi/lib/thumb/v7e-m+dp/hard\libc_nano.a(libc_a-closer.o)
                              C:/Program Files/STMicroelectronics/STM32Cube/STM32CubeCLT_1.20.0/GNU-tools-for-STM32/bin/../lib/gcc/arm-none-eabi/13.3.1/../../../../arm-none-eabi/lib/thumb/v7e-m+dp/hard\libc_nano.a(libc_a-stdio.o) (_close_r)
C:/Program Files/STMicroelectronics/STM32Cube/STM32CubeCLT_1.20.0/GNU-tools-for-STM32/bin/../lib/gcc/arm-none-eabi/13.3.1/../../../../arm-none-eabi/lib/thumb/v7e-m+dp/hard\libc_nano.a(libc_a-reent.o)
                              C:/Program Files/STMicroelectronics/STM32Cube/STM32CubeCLT_1.20.0/GNU-tools-for-STM32/bin/../lib/gcc/arm-none-eabi/13.3.1/../../../../arm-none-eabi/lib/thumb/v7e-m+dp/hard\libc_nano.a(libc_a-closer.o) (errno)
C:/Program Files/STMicroelectronics/STM32Cube/STM32CubeCLT_1.20.0/GNU-tools-for-STM32/bin/../lib/gcc/arm-none-eabi/13.3.1/../../../../arm-none-eabi/lib/thumb/v7e-m+dp/hard\libc_nano.a(libc_a-impure.o)
                              C:/Program Files/STMicroelectronics/STM32Cube/STM32CubeCLT_1.20.0/GNU-tools-for-STM32/bin/../lib/gcc/arm-none-eabi/13.3.1/../../../../arm-none-eabi/lib/thumb/v7e-m+dp/hard\libc_nano.a(libc_a-reent.o) (_impure_ptr)
C:/Program Files/STMicroelectronics/STM32Cube/STM32CubeCLT_1.20.0/GNU-tools-for-STM32/bin/../lib/gcc/arm-none-eabi/13.3.1/../../../../arm-none-eabi/lib/thumb/v7e-m+dp/hard\libc_nano.a(libc_a-lseekr.o)
                              C:/Program Files/STMicroelectronics/STM32Cube/STM32CubeCLT_1.20.0/GNU-tools-for-STM32/bin/../lib/gcc/arm-none-eabi/13.3.1/../../../../arm-none-eabi/lib/thumb/v7e-m+dp/hard\libc_nano.a(libc_a-stdio.o) (_lseek_r)
C:/Program Files/STMicroelectronics/STM32Cube/STM32CubeCLT_1.20.0/GNU-tools-for-STM32/bin/../lib/gcc/arm-none-eabi/13.3.1/../../../../arm-none-eabi/lib/thumb/v7e-m+dp/hard\libc_nano.a(libc_a-readr.o)
                              C:/Program Files/STMicroelectronics/STM32Cube/STM32CubeCLT_1.20.0/GNU-tools-for-STM32/bin/../lib/gcc/arm-none-eabi/13.3.1/../../../../arm-none-eabi/lib/thumb/v7e-m+dp/hard\libc_nano.a(libc_a-stdio.o) (_read_r)
C:/Program Files/STMicroelectronics/STM32Cube/STM32CubeCLT_1.20.0/GNU-tools-for-STM32/bin/../lib/gcc/arm-none-eabi/13.3.1/../../../../arm-none-eabi/lib/thumb/v7e-m+dp/hard\libc_nano.a(libc_a-writer.o)
                              C:/Program Files/STMicroelectronics/STM32Cube/STM32CubeCLT_1.20.0/GNU-tools-for-STM32/bin/../lib/gcc/arm-none-eabi/13.3.1/../../../../arm-none-eabi/lib/thumb/v7e-m+dp/hard\libc_nano.a(libc_a-stdio.o) (_write_r)
[...]
Memory Configuration

Name             Origin             Length             Attributes
DTCMRAM          0x20000000         0x00020000         xrw
RAM              0x24000000         0x00080000         xrw
RAM_D2           0x30000000         0x00048000         xrw
RAM_D3           0x38000000         0x00010000         xrw
ITCMRAM          0x00000000         0x00010000         xrw
FLASH            0x08000000         0x00200000         xr
*default*        0x00000000         0xffffffff

Linker script and memory map

LOAD C:/Program Files/STMicroelectronics/STM32Cube/STM32CubeCLT_1.20.0/GNU-tools-for-STM32/bin/../lib/gcc/arm-none-eabi/13.3.1/thumb/v7e-m+dp/hard/crti.o
LOAD C:/Program Files/STMicroelectronics/STM32Cube/STM32CubeCLT_1.20.0/GNU-tools-for-STM32/bin/../lib/gcc/arm-none-eabi/13.3.1/thumb/v7e-m+dp/hard/crtbegin.o
LOAD C:/Program Files/STMicroelectronics/STM32Cube/STM32CubeCLT_1.20.0/GNU-tools-for-STM32/bin/../lib/gcc/arm-none-eabi/13.3.1/../../../../arm-none-eabi/lib/thumb/v7e-m+dp/hard/crt0.o
LOAD build/main.o
LOAD build/gpio.o
LOAD build/fmc.o
LOAD build/quadspi.o
LOAD build/spi.o
LOAD build/usart.o
LOAD build/stm32h7xx_it.o
LOAD build/stm32h7xx_hal_msp.o
LOAD build/stm32h7xx_hal_cortex.o
LOAD build/stm32h7xx_hal_rcc.o
LOAD build/stm32h7xx_hal_rcc_ex.o
LOAD build/stm32h7xx_hal_flash.o
LOAD build/stm32h7xx_hal_flash_ex.o
LOAD build/stm32h7xx_hal_gpio.o
LOAD build/stm32h7xx_hal_hsem.o
LOAD build/stm32h7xx_hal_dma.o
LOAD build/stm32h7xx_hal_dma_ex.o
LOAD build/stm32h7xx_hal_mdma.o
LOAD build/stm32h7xx_hal_pwr.o
LOAD build/stm32h7xx_hal_pwr_ex.o
LOAD build/stm32h7xx_hal.o
LOAD build/stm32h7xx_hal_i2c.o
LOAD build/stm32h7xx_hal_i2c_ex.o
LOAD build/stm32h7xx_hal_exti.o
LOAD build/stm32h7xx_ll_fmc.o
LOAD build/stm32h7xx_hal_nor.o
LOAD build/stm32h7xx_hal_sram.o
LOAD build/stm32h7xx_hal_nand.o
LOAD build/stm32h7xx_hal_sdram.o
LOAD build/stm32h7xx_hal_qspi.o
LOAD build/stm32h7xx_ll_delayblock.o
LOAD build/stm32h7xx_hal_spi.o
LOAD build/stm32h7xx_hal_spi_ex.o
LOAD build/stm32h7xx_hal_tim.o
LOAD build/stm32h7xx_hal_tim_ex.o
LOAD build/stm32h7xx_hal_uart.o
LOAD build/stm32h7xx_hal_uart_ex.o
LOAD build/system_stm32h7xx.o
LOAD build/sysmem.o
LOAD build/syscalls.o
LOAD build/freertos.o
LOAD build/ad7606.o
LOAD build/stm32h7xx_hal_timebase_tim.o
LOAD build/croutine.o
LOAD build/event_groups.o
LOAD build/list.o
LOAD build/queue.o
LOAD build/stream_buffer.o
LOAD build/tasks.o
LOAD build/timers.o
LOAD build/cmsis_os2.o
LOAD build/heap_4.o
LOAD build/port.o
LOAD build/startup_stm32h743xx.o
LOAD C:/Program Files/STMicroelectronics/STM32Cube/STM32CubeCLT_1.20.0/GNU-tools-for-STM32/bin/../lib/gcc/arm-none-eabi/13.3.1/../../../../arm-none-eabi/lib/thumb/v7e-m+dp/hard\libc_nano.a
LOAD C:/Program Files/STMicroelectronics/STM32Cube/STM32CubeCLT_1.20.0/GNU-tools-for-STM32/bin/../lib/gcc/arm-none-eabi/13.3.1/../../../../arm-none-eabi/lib/thumb/v7e-m+dp/hard\libm.a
LOAD C:/Program Files/STMicroelectronics/STM32Cube/STM32CubeCLT_1.20.0/GNU-tools-for-STM32/bin/../lib/gcc/arm-none-eabi/13.3.1/../../../../arm-none-eabi/lib/thumb/v7e-m+dp/hard\libnosys.a
START GROUP
LOAD C:/Program Files/STMicroelectronics/STM32Cube/STM32CubeCLT_1.20.0/GNU-tools-for-STM32/bin/../lib/gcc/arm-none-eabi/13.3.1/thumb/v7e-m+dp/hard\libgcc.a
LOAD C:/Program Files/STMicroelectronics/STM32Cube/STM32CubeCLT_1.20.0/GNU-tools-for-STM32/bin/../lib/gcc/arm-none-eabi/13.3.1/../../../../arm-none-eabi/lib/thumb/v7e-m+dp/hard\libc_nano.a
END GROUP
START GROUP
LOAD C:/Program Files/STMicroelectronics/STM32Cube/STM32CubeCLT_1.20.0/GNU-tools-for-STM32/bin/../lib/gcc/arm-none-eabi/13.3.1/thumb/v7e-m+dp/hard\libgcc.a
LOAD C:/Program Files/STMicroelectronics/STM32Cube/STM32CubeCLT_1.20.0/GNU-tools-for-STM32/bin/../lib/gcc/arm-none-eabi/13.3.1/../../../../arm-none-eabi/lib/thumb/v7e-m+dp/hard\libc_nano.a
END GROUP
LOAD C:/Program Files/STMicroelectronics/STM32Cube/STM32CubeCLT_1.20.0/GNU-tools-for-STM32/bin/../lib/gcc/arm-none-eabi/13.3.1/thumb/v7e-m+dp/hard/crtend.o
LOAD C:/Program Files/STMicroelectronics/STM32Cube/STM32CubeCLT_1.20.0/GNU-tools-for-STM32/bin/../lib/gcc/arm-none-eabi/13.3.1/thumb/v7e-m+dp/hard/crtn.o
                0x20020000                        _estack = (ORIGIN (DTCMRAM) + LENGTH (DTCMRAM))
                0x00000200                        _Min_Heap_Size = 0x200
                0x00000400                        _Min_Stack_Size = 0x400

.isr_vector     0x08000000      0x298
                0x08000000                        . = ALIGN (0x4)
 *(.isr_vector)
 .isr_vector    0x08000000      0x298 build/startup_stm32h743xx.o
                0x08000000                g_pfnVectors
                0x08000298                        . = ALIGN (0x4)

.text           0x080002a0     0x67a0
                0x080002a0                        . = ALIGN (0x4)
 *(.text)
 .text          0x080002a0       0x40 C:/Program Files/STMicroelectronics/STM32Cube/STM32CubeCLT_1.20.0/GNU-tools-for-STM32/bin/../lib/gcc/arm-none-eabi/13.3.1/thumb/v7e-m+dp/hard/crtbegin.o
 .text          0x080002e0       0x30 C:/Program Files/STMicroelectronics/STM32Cube/STM32CubeCLT_1.20.0/GNU-tools-for-STM32/bin/../lib/gcc/arm-none-eabi/13.3.1/thumb/v7e-m+dp/hard\libgcc.a(_aeabi_uldivmod.o)
                0x080002e0                __aeabi_uldivmod
 .text          0x08000310      0x2f8 C:/Program Files/STMicroelectronics/STM32Cube/STM32CubeCLT_1.20.0/GNU-tools-for-STM32/bin/../lib/gcc/arm-none-eabi/13.3.1/thumb/v7e-m+dp/hard\libgcc.a(_udivmoddi4.o)
                0x08000310                __udivmoddi4
 .text          0x08000608        0x4 C:/Program Files/STMicroelectronics/STM32Cube/STM32CubeCLT_1.20.0/GNU-tools-for-STM32/bin/../lib/gcc/arm-none-eabi/13.3.1/thumb/v7e-m+dp/hard\libgcc.a(_dvmd_tls.o)
                0x08000608                __aeabi_idiv0
                0x08000608                __aeabi_ldiv0
 *(.text*)
 .text.MPU_Config
                0x0800060c       0x52 build/main.o
 *fill*         0x0800065e        0x2 
 .text.HAL_TIM_PeriodElapsedCallback
                0x08000660       0x18 build/main.o
                0x08000660                HAL_TIM_PeriodElapsedCallback
 .text.Error_Handler
                0x08000678        0x4 build/main.o
                0x08000678                Error_Handler
 .text.SystemClock_Config
                0x0800067c       0xc4 build/main.o
                0x0800067c                SystemClock_Config
 .text.main     0x08000740       0x34 build/main.o
                0x08000740                main
 .text.MX_GPIO_Init
                0x08000774      0x19c build/gpio.o
                0x08000774                MX_GPIO_Init
 .text.HAL_FMC_MspInit
                0x08000910       0xd8 build/fmc.o
 .text.MX_FMC_Init
                0x080009e8       0x70 build/fmc.o
                0x080009e8                MX_FMC_Init
 .text.HAL_SRAM_MspInit
                0x08000a58        0x8 build/fmc.o
                0x08000a58                HAL_SRAM_MspInit
 .text.MX_QUADSPI_Init
                0x08000a60       0x3c build/quadspi.o
                0x08000a60                MX_QUADSPI_Init
 .text.HAL_QSPI_MspInit
                0x08000a9c      0x118 build/quadspi.o
                0x08000a9c                HAL_QSPI_MspInit
 .text.MX_SPI1_Init
                0x08000bb4       0x60 build/spi.o
                0x08000bb4                MX_SPI1_Init
 .text.MX_SPI6_Init
                0x08000c14       0x58 build/spi.o
                0x08000c14                MX_SPI6_Init
 .text.HAL_SPI_MspInit
                0x08000c6c      0x110 build/spi.o
                0x08000c6c                HAL_SPI_MspInit
 .text.MX_UART4_Init
                0x08000d7c       0x68 build/usart.o
                0x08000d7c                MX_UART4_Init
 .text.HAL_UART_MspInit
                0x08000de4       0x98 build/usart.o
                0x08000de4                HAL_UART_MspInit
 .text.NMI_Handler
                0x08000e7c        0x2 build/stm32h7xx_it.o
                0x08000e7c                NMI_Handler
 .text.HardFault_Handler
                0x08000e7e        0x2 build/stm32h7xx_it.o
                0x08000e7e                HardFault_Handler
 .text.MemManage_Handler
                0x08000e80        0x2 build/stm32h7xx_it.o
                0x08000e80                MemManage_Handler
 .text.BusFault_Handler
                0x08000e82        0x2 build/stm32h7xx_it.o
                0x08000e82                BusFault_Handler
 .text.UsageFault_Handler
                0x08000e84        0x2 build/stm32h7xx_it.o
                0x08000e84                UsageFault_Handler
 .text.DebugMon_Handler
                0x08000e86        0x2 build/stm32h7xx_it.o
                0x08000e86                DebugMon_Handler
 .text.EXTI0_IRQHandler
                0x08000e88        0xa build/stm32h7xx_it.o
                0x08000e88                EXTI0_IRQHandler
 *fill*         0x08000e92        0x2 
 .text.TIM6_DAC_IRQHandler
                0x08000e94       0x10 build/stm32h7xx_it.o
                0x08000e94                TIM6_DAC_IRQHandler
 .text.HAL_MspInit
                0x08000ea4       0x34 build/stm32h7xx_hal_msp.o
                0x08000ea4                HAL_MspInit
 .text.__NVIC_EnableIRQ
                0x08000ed8       0x1c build/stm32h7xx_hal_cortex.o
 .text.__NVIC_SetPriority
                0x08000ef4       0x24 build/stm32h7xx_hal_cortex.o
 .text.NVIC_EncodePriority
                0x08000f18       0x3e build/stm32h7xx_hal_cortex.o
 *fill*         0x08000f56        0x2 
 .text.HAL_NVIC_SetPriorityGrouping
                0x08000f58       0x24 build/stm32h7xx_hal_cortex.o
                0x08000f58                HAL_NVIC_SetPriorityGrouping
 .text.HAL_NVIC_SetPriority
                0x08000f7c       0x20 build/stm32h7xx_hal_cortex.o
                0x08000f7c                HAL_NVIC_SetPriority
 .text.HAL_NVIC_EnableIRQ
                0x08000f9c        0x8 build/stm32h7xx_hal_cortex.o
                0x08000f9c                HAL_NVIC_EnableIRQ
 .text.HAL_MPU_Disable
                0x08000fa4       0x1c build/stm32h7xx_hal_cortex.o
                0x08000fa4                HAL_MPU_Disable
 .text.HAL_MPU_Enable
                0x08000fc0       0x20 build/stm32h7xx_hal_cortex.o
                0x08000fc0                HAL_MPU_Enable
 .text.HAL_MPU_ConfigRegion
                0x08000fe0       0x58 build/stm32h7xx_hal_cortex.o
                0x08000fe0                HAL_MPU_ConfigRegion
 .text.HAL_RCC_OscConfig
                0x08001038      0x6b0 build/stm32h7xx_hal_rcc.o
                0x08001038                HAL_RCC_OscConfig
 .text.HAL_RCC_GetSysClockFreq
                0x080016e8      0x1f8 build/stm32h7xx_hal_rcc.o
                0x080016e8                HAL_RCC_GetSysClockFreq
 .text.HAL_RCC_ClockConfig
                0x080018e0      0x294 build/stm32h7xx_hal_rcc.o
                0x080018e0                HAL_RCC_ClockConfig
 .text.HAL_RCC_GetHCLKFreq
                0x08001b74       0x44 build/stm32h7xx_hal_rcc.o
                0x08001b74                HAL_RCC_GetHCLKFreq
 .text.HAL_RCC_GetPCLK1Freq
                0x08001bb8       0x24 build/stm32h7xx_hal_rcc.o
                0x08001bb8                HAL_RCC_GetPCLK1Freq
 .text.HAL_RCC_GetPCLK2Freq
                0x08001bdc       0x24 build/stm32h7xx_hal_rcc.o
                0x08001bdc                HAL_RCC_GetPCLK2Freq
 .text.HAL_RCC_GetClockConfig
                0x08001c00       0x54 build/stm32h7xx_hal_rcc.o
                0x08001c00                HAL_RCC_GetClockConfig
 .text.RCCEx_PLL2_Config
                0x08001c54      0x108 build/stm32h7xx_hal_rcc_ex.o
 .text.RCCEx_PLL3_Config
                0x08001d5c      0x108 build/stm32h7xx_hal_rcc_ex.o
 .text.HAL_RCCEx_PeriphCLKConfig
                0x08001e64      0xaac build/stm32h7xx_hal_rcc_ex.o
                0x08001e64                HAL_RCCEx_PeriphCLKConfig
 .text.HAL_RCCEx_GetD3PCLK1Freq
                0x08002910       0x24 build/stm32h7xx_hal_rcc_ex.o
                0x08002910                HAL_RCCEx_GetD3PCLK1Freq
 .text.HAL_RCCEx_GetPLL2ClockFreq
                0x08002934      0x200 build/stm32h7xx_hal_rcc_ex.o
                0x08002934                HAL_RCCEx_GetPLL2ClockFreq
 .text.HAL_RCCEx_GetPLL3ClockFreq
                0x08002b34      0x200 build/stm32h7xx_hal_rcc_ex.o
                0x08002b34                HAL_RCCEx_GetPLL3ClockFreq
 .text.HAL_GPIO_Init
                0x08002d34      0x220 build/stm32h7xx_hal_gpio.o
                0x08002d34                HAL_GPIO_Init
 .text.HAL_GPIO_WritePin
                0x08002f54        0xc build/stm32h7xx_hal_gpio.o
                0x08002f54                HAL_GPIO_WritePin
 .text.HAL_GPIO_EXTI_IRQHandler
                0x08002f60       0x1e build/stm32h7xx_hal_gpio.o
                0x08002f60                HAL_GPIO_EXTI_IRQHandler
 *fill*         0x08002f7e        0x2 
 .text.HAL_PWREx_ConfigSupply
                0x08002f80       0x54 build/stm32h7xx_hal_pwr_ex.o
                0x08002f80                HAL_PWREx_ConfigSupply
 .text.HAL_Init
                0x08002fd4       0x5c build/stm32h7xx_hal.o
                0x08002fd4                HAL_Init
 .text.HAL_IncTick
                0x08003030       0x18 build/stm32h7xx_hal.o
                0x08003030                HAL_IncTick
 .text.HAL_GetTick
                0x08003048        0xc build/stm32h7xx_hal.o
                0x08003048                HAL_GetTick
 .text.HAL_GetREVID
                0x08003054        0xc build/stm32h7xx_hal.o
                0x08003054                HAL_GetREVID
 .text.HAL_SYSCFG_AnalogSwitchConfig
                0x08003060       0x14 build/stm32h7xx_hal.o
                0x08003060                HAL_SYSCFG_AnalogSwitchConfig
 .text.FMC_NORSRAM_Init
                0x08003074       0x94 build/stm32h7xx_ll_fmc.o
                0x08003074                FMC_NORSRAM_Init
 .text.FMC_NORSRAM_Timing_Init
                0x08003108       0x5c build/stm32h7xx_ll_fmc.o
                0x08003108                FMC_NORSRAM_Timing_Init
 .text.FMC_NORSRAM_Extended_Timing_Init
                0x08003164       0x44 build/stm32h7xx_ll_fmc.o
                0x08003164                FMC_NORSRAM_Extended_Timing_Init
 .text.HAL_SRAM_Init
                0x080031a8       0x68 build/stm32h7xx_hal_sram.o
                0x080031a8                HAL_SRAM_Init
 .text.QSPI_WaitFlagStateUntilTimeout
                0x08003210       0x54 build/stm32h7xx_hal_qspi.o
 .text.HAL_QSPI_SetTimeout
                0x08003264        0x4 build/stm32h7xx_hal_qspi.o
                0x08003264                HAL_QSPI_SetTimeout
 .text.HAL_QSPI_Init
                0x08003268       0xa8 build/stm32h7xx_hal_qspi.o
                0x08003268                HAL_QSPI_Init
 .text.SPI_GetPacketSize
                0x08003310       0x10 build/stm32h7xx_hal_spi.o
 .text.HAL_SPI_Init
                0x08003320      0x190 build/stm32h7xx_hal_spi.o
                0x08003320                HAL_SPI_Init
 .text.HAL_TIM_Base_MspInit
                0x080034b0        0x2 build/stm32h7xx_hal_tim.o
                0x080034b0                HAL_TIM_Base_MspInit
 *fill*         0x080034b2        0x2 
 .text.HAL_TIM_Base_Start_IT
                0x080034b4       0x90 build/stm32h7xx_hal_tim.o
                0x080034b4                HAL_TIM_Base_Start_IT
 .text.HAL_TIM_OC_DelayElapsedCallback
                0x08003544        0x2 build/stm32h7xx_hal_tim.o
                0x08003544                HAL_TIM_OC_DelayElapsedCallback
 .text.HAL_TIM_IC_CaptureCallback
                0x08003546        0x2 build/stm32h7xx_hal_tim.o
                0x08003546                HAL_TIM_IC_CaptureCallback
 .text.HAL_TIM_PWM_PulseFinishedCallback
                0x08003548        0x2 build/stm32h7xx_hal_tim.o
                0x08003548                HAL_TIM_PWM_PulseFinishedCallback
 .text.HAL_TIM_TriggerCallback
                0x0800354a        0x2 build/stm32h7xx_hal_tim.o
                0x0800354a                HAL_TIM_TriggerCallback
 .text.HAL_TIM_IRQHandler
                0x0800354c      0x17a build/stm32h7xx_hal_tim.o
                0x0800354c                HAL_TIM_IRQHandler
 *fill*         0x080036c6        0x2 
 .text.TIM_Base_SetConfig
                0x080036c8      0x104 build/stm32h7xx_hal_tim.o
                0x080036c8                TIM_Base_SetConfig
 .text.HAL_TIM_Base_Init
                0x080037cc       0x60 build/stm32h7xx_hal_tim.o
                0x080037cc                HAL_TIM_Base_Init
 .text.HAL_TIMEx_CommutCallback
                0x0800382c        0x2 build/stm32h7xx_hal_tim_ex.o
                0x0800382c                HAL_TIMEx_CommutCallback
 .text.HAL_TIMEx_BreakCallback
                0x0800382e        0x2 build/stm32h7xx_hal_tim_ex.o
                0x0800382e                HAL_TIMEx_BreakCallback
 .text.HAL_TIMEx_Break2Callback
                0x08003830        0x2 build/stm32h7xx_hal_tim_ex.o
                0x08003830                HAL_TIMEx_Break2Callback
 *fill*         0x08003832        0x2 
 .text.UART_EndRxTransfer
                0x08003834       0x58 build/stm32h7xx_hal_uart.o
 .text.UART_SetConfig
                0x0800388c      0x5fc build/stm32h7xx_hal_uart.o
                0x0800388c                UART_SetConfig
 .text.UART_AdvFeatureConfig
                0x08003e88       0xca build/stm32h7xx_hal_uart.o
                0x08003e88                UART_AdvFeatureConfig
 .text.UART_WaitOnFlagUntilTimeout
                0x08003f52       0xa6 build/stm32h7xx_hal_uart.o
                0x08003f52                UART_WaitOnFlagUntilTimeout
 .text.UART_CheckIdleState
                0x08003ff8       0xca build/stm32h7xx_hal_uart.o
                0x08003ff8                UART_CheckIdleState
 .text.HAL_UART_Init
                0x080040c2       0x66 build/stm32h7xx_hal_uart.o
                0x080040c2                HAL_UART_Init
 .text.UARTEx_SetNbDataToProcess
                0x08004128       0x4c build/stm32h7xx_hal_uart_ex.o
 .text.HAL_UARTEx_DisableFifoMode
                0x08004174       0x3e build/stm32h7xx_hal_uart_ex.o
                0x08004174                HAL_UARTEx_DisableFifoMode
 .text.HAL_UARTEx_SetTxFifoThreshold
                0x080041b2       0x4a build/stm32h7xx_hal_uart_ex.o
                0x080041b2                HAL_UARTEx_SetTxFifoThreshold
 .text.HAL_UARTEx_SetRxFifoThreshold
                0x080041fc       0x4a build/stm32h7xx_hal_uart_ex.o
                0x080041fc                HAL_UARTEx_SetRxFifoThreshold
 *fill*         0x08004246        0x2 
 .text.SystemInit
                0x08004248       0xf0 build/system_stm32h7xx.o
                0x08004248                SystemInit
 .text.ExitRun0Mode
                0x08004338       0x1c build/system_stm32h7xx.o
                0x08004338                ExitRun0Mode
 .text.StartTask_DataProcess
                0x08004354       0x50 build/freertos.o
                0x08004354                StartTask_DataProcess
 .text.StartTask_Lcd
                0x080043a4        0xa build/freertos.o
                0x080043a4                StartTask_Lcd
 *fill*         0x080043ae        0x2 
 .text.MX_FREERTOS_Init
                0x080043b0       0x4c build/freertos.o
                0x080043b0                MX_FREERTOS_Init
 .text.AD7606_Init
                0x080043fc       0x7c build/ad7606.o
                0x080043fc                AD7606_Init
 .text.AD7606_StartConversion
                0x08004478       0x3c build/ad7606.o
                0x08004478                AD7606_StartConversion
 .text.AD7606_ReadChannels
                0x080044b4       0x16 build/ad7606.o
                0x080044b4                AD7606_ReadChannels
 *fill*         0x080044ca        0x2 
 .text.AD7606_ConvCompleteCallback
                0x080044cc       0x10 build/ad7606.o
                0x080044cc                AD7606_ConvCompleteCallback
 .text.HAL_GPIO_EXTI_Callback
                0x080044dc        0xe build/ad7606.o
                0x080044dc                HAL_GPIO_EXTI_Callback
 *fill*         0x080044ea        0x2 
 .text.HAL_InitTick
                0x080044ec       0x9c build/stm32h7xx_hal_timebase_tim.o
                0x080044ec                HAL_InitTick
 .text.vListInitialise
                0x08004588       0x16 build/list.o
                0x08004588                vListInitialise
 .text.vListInitialiseItem
                0x0800459e        0x6 build/list.o
                0x0800459e                vListInitialiseItem
 .text.vListInsertEnd
                0x080045a4       0x16 build/list.o
                0x080045a4                vListInsertEnd
 .text.vListInsert
                0x080045ba       0x32 build/list.o
                0x080045ba                vListInsert
 .text.uxListRemove
                0x080045ec       0x26 build/list.o
                0x080045ec                uxListRemove
 .text.prvGetDisinheritPriorityAfterTimeout
                0x08004612       0x10 build/queue.o
 .text.prvIsQueueFull
                0x08004622       0x1e build/queue.o
 .text.prvIsQueueEmpty
                0x08004640       0x1a build/queue.o
 .text.prvCopyDataToQueue
                0x0800465a       0x76 build/queue.o
 .text.prvCopyDataFromQueue
                0x080046d0       0x24 build/queue.o
 .text.prvUnlockQueue
                0x080046f4       0x6e build/queue.o
 .text.xQueueGenericReset
                0x08004762       0x84 build/queue.o
                0x08004762                xQueueGenericReset
 .text.prvInitialiseNewQueue
                0x080047e6       0x22 build/queue.o
 .text.xQueueGenericCreateStatic
                0x08004808       0xa6 build/queue.o
                0x08004808                xQueueGenericCreateStatic
 .text.xQueueGenericCreate
                0x080048ae       0x48 build/queue.o
                0x080048ae                xQueueGenericCreate
 .text.xQueueCreateCountingSemaphoreStatic
                0x080048f6       0x46 build/queue.o
                0x080048f6                xQueueCreateCountingSemaphoreStatic
 .text.xQueueCreateCountingSemaphore
                0x0800493c       0x3c build/queue.o
                0x0800493c                xQueueCreateCountingSemaphore
 .text.xQueueGenericSend
                0x08004978      0x188 build/queue.o
                0x08004978                xQueueGenericSend
 .text.xQueueGenericSendFromISR
                0x08004b00       0xce build/queue.o
                0x08004b00                xQueueGenericSendFromISR
 .text.xQueueGiveFromISR
                0x08004bce       0xb2 build/queue.o
                0x08004bce                xQueueGiveFromISR
 .text.xQueueReceive
                0x08004c80      0x15e build/queue.o
                0x08004c80                xQueueReceive
 .text.xQueueSemaphoreTake
                0x08004dde      0x1a6 build/queue.o
                0x08004dde                xQueueSemaphoreTake
 .text.xQueueReceiveFromISR
                0x08004f84       0xae build/queue.o
                0x08004f84                xQueueReceiveFromISR
 *fill*         0x08005032        0x2 
 .text.vQueueAddToRegistry
                0x08005034       0x28 build/queue.o
                0x08005034                vQueueAddToRegistry
 .text.vQueueUnregisterQueue
                0x0800505c       0x2c build/queue.o
                0x0800505c                vQueueUnregisterQueue
 .text.vQueueDelete
                0x08005088       0x2c build/queue.o
                0x08005088                vQueueDelete
 .text.vQueueWaitForMessageRestricted
                0x080050b4       0x52 build/queue.o
                0x080050b4                vQueueWaitForMessageRestricted
 *fill*         0x08005106        0x2 
 .text.prvResetNextTaskUnblockTime
                0x08005108       0x2c build/tasks.o
 .text.prvInitialiseNewTask
                0x08005134       0xa2 build/tasks.o
 *fill*         0x080051d6        0x2 
 .text.prvInitialiseTaskLists
                0x080051d8       0x68 build/tasks.o
 .text.prvAddNewTaskToReadyList
                0x08005240       0xac build/tasks.o
 .text.prvDeleteTCB
                0x080052ec       0x38 build/tasks.o
 .text.prvCheckTasksWaitingTermination
                0x08005324       0x4c build/tasks.o
 .text.prvIdleTask
                0x08005370       0x28 build/tasks.o
 .text.prvAddCurrentTaskToDelayedList
                0x08005398       0x84 build/tasks.o
 .text.xTaskCreateStatic
                0x0800541c       0x76 build/tasks.o
                0x0800541c                xTaskCreateStatic
 .text.xTaskCreate
                0x08005492       0x64 build/tasks.o
                0x08005492                xTaskCreate
 *fill*         0x080054f6        0x2 
 .text.vTaskStartScheduler
                0x080054f8       0x98 build/tasks.o
                0x080054f8                vTaskStartScheduler
 .text.vTaskSuspendAll
                0x08005590       0x10 build/tasks.o
                0x08005590                vTaskSuspendAll
 .text.xTaskGetTickCount
                0x080055a0        0xc build/tasks.o
                0x080055a0                xTaskGetTickCount
 .text.xTaskIncrementTick
                0x080055ac      0x118 build/tasks.o
                0x080055ac                xTaskIncrementTick
 .text.xTaskResumeAll
                0x080056c4       0xf8 build/tasks.o
                0x080056c4                xTaskResumeAll
 .text.vTaskDelay
                0x080057bc       0x4c build/tasks.o
                0x080057bc                vTaskDelay
 .text.vTaskSwitchContext
                0x08005808       0x98 build/tasks.o
                0x08005808                vTaskSwitchContext
 .text.vTaskPlaceOnEventList
                0x080058a0       0x30 build/tasks.o
                0x080058a0                vTaskPlaceOnEventList
 .text.vTaskPlaceOnEventListRestricted
                0x080058d0       0x38 build/tasks.o
                0x080058d0                vTaskPlaceOnEventListRestricted
 .text.xTaskRemoveFromEventList
                0x08005908       0x8c build/tasks.o
                0x08005908                xTaskRemoveFromEventList
 .text.vTaskInternalSetTimeOutState
                0x08005994       0x18 build/tasks.o
                0x08005994                vTaskInternalSetTimeOutState
 .text.xTaskCheckForTimeOut
                0x080059ac       0x84 build/tasks.o
                0x080059ac                xTaskCheckForTimeOut
 .text.vTaskMissedYield
                0x08005a30        0xc build/tasks.o
                0x08005a30                vTaskMissedYield
 .text.xTaskGetSchedulerState
                0x08005a3c       0x20 build/tasks.o
                0x08005a3c                xTaskGetSchedulerState
 .text.xTaskPriorityInherit
                0x08005a5c       0x98 build/tasks.o
                0x08005a5c                xTaskPriorityInherit
 .text.xTaskPriorityDisinherit
                0x08005af4       0x90 build/tasks.o
                0x08005af4                xTaskPriorityDisinherit
 .text.vTaskPriorityDisinheritAfterTimeout
                0x08005b84       0xa0 build/tasks.o
                0x08005b84                vTaskPriorityDisinheritAfterTimeout
 .text.pvTaskIncrementMutexHeldCount
                0x08005c24       0x1c build/tasks.o
                0x08005c24                pvTaskIncrementMutexHeldCount
 .text.prvGetNextExpireTime
                0x08005c40       0x20 build/timers.o
 .text.prvInsertTimerInActiveList
                0x08005c60       0x50 build/timers.o
 .text.prvCheckForValidListAndQueue
                0x08005cb0       0x70 build/timers.o
 .text.xTimerCreateTimerTask
                0x08005d20       0x64 build/timers.o
                0x08005d20                xTimerCreateTimerTask
 .text.xTimerGenericCommand
                0x08005d84       0x6c build/timers.o
                0x08005d84                xTimerGenericCommand
 .text.prvSwitchTimerLists
                0x08005df0       0x7c build/timers.o
 .text.prvSampleTimeNow
                0x08005e6c       0x2c build/timers.o
 .text.prvProcessExpiredTimer
                0x08005e98       0x6c build/timers.o
 .text.prvProcessTimerOrBlockTask
                0x08005f04       0x78 build/timers.o
 .text.prvProcessReceivedCommands
                0x08005f7c      0x10c build/timers.o
 .text.prvTimerTask
                0x08006088       0x16 build/timers.o
 .text.SysTick_Handler
                0x0800609e       0x18 build/cmsis_os2.o
                0x0800609e                SysTick_Handler
 *fill*         0x080060b6        0x2 
 .text.osKernelInitialize
                0x080060b8       0x24 build/cmsis_os2.o
                0x080060b8                osKernelInitialize
 .text.osKernelStart
                0x080060dc       0x38 build/cmsis_os2.o
                0x080060dc                osKernelStart
 .text.osThreadNew
                0x08006114       0xb4 build/cmsis_os2.o
                0x08006114                osThreadNew
 .text.osDelay  0x080061c8       0x1c build/cmsis_os2.o
                0x080061c8                osDelay
 .text.osSemaphoreNew
                0x080061e4       0xb8 build/cmsis_os2.o
                0x080061e4                osSemaphoreNew
 .text.osSemaphoreAcquire
                0x0800629c       0x68 build/cmsis_os2.o
                0x0800629c                osSemaphoreAcquire
 .text.osSemaphoreRelease
                0x08006304       0x5e build/cmsis_os2.o
                0x08006304                osSemaphoreRelease
 *fill*         0x08006362        0x2 
 .text.vApplicationGetIdleTaskMemory
                0x08006364       0x18 build/cmsis_os2.o
                0x08006364                vApplicationGetIdleTaskMemory
 .text.vApplicationGetTimerTaskMemory
                0x0800637c       0x18 build/cmsis_os2.o
                0x0800637c                vApplicationGetTimerTaskMemory
 .text.prvHeapInit
                0x08006394       0x64 build/heap_4.o
 .text.prvInsertBlockIntoFreeList
                0x080063f8       0x64 build/heap_4.o
 .text.pvPortMalloc
                0x0800645c      0x104 build/heap_4.o
                0x0800645c                pvPortMalloc
 .text.vPortFree
                0x08006560       0x7c build/heap_4.o
                0x08006560                vPortFree
 .text.prvTaskExitError
                0x080065dc       0x40 build/port.o
 .text.prvPortStartFirstTask
                0x0800661c       0x28 build/port.o
 .text.vPortEnableVFP
                0x08006644       0x14 build/port.o
 .text.pxPortInitialiseStack
                0x08006658       0x2c build/port.o
                0x08006658                pxPortInitialiseStack
 *fill*         0x08006684        0xc 
 .text.SVC_Handler
                0x08006690       0x24 build/port.o
                0x08006690                SVC_Handler
 .text.vPortEnterCritical
                0x080066b4       0x44 build/port.o
                0x080066b4                vPortEnterCritical
 .text.vPortExitCritical
                0x080066f8       0x2c build/port.o
                0x080066f8                vPortExitCritical
 *fill*         0x08006724        0xc 
 .text.PendSV_Handler
                0x08006730       0x64 build/port.o
                0x08006730                PendSV_Handler
 .text.xPortSysTickHandler
                0x08006794       0x2c build/port.o
                0x08006794                xPortSysTickHandler
 .text.vPortSetupTimerInterrupt
                0x080067c0       0x28 build/port.o
                0x080067c0                vPortSetupTimerInterrupt
 .text.xPortStartScheduler
                0x080067e8      0x118 build/port.o
                0x080067e8                xPortStartScheduler
 .text.vPortValidateInterruptPriority
                0x08006900       0x5c build/port.o
                0x08006900                vPortValidateInterruptPriority
 .text.Reset_Handler
                0x0800695c       0x54 build/startup_stm32h743xx.o
                0x0800695c                Reset_Handler
 .text.Default_Handler
                0x080069b0        0x2 build/startup_stm32h743xx.o
                0x080069b0                RTC_Alarm_IRQHandler
                0x080069b0                EXTI2_IRQHandler
                0x080069b0                TIM8_CC_IRQHandler
                0x080069b0                HRTIM1_Master_IRQHandler
                0x080069b0                UART8_IRQHandler
                0x080069b0                SPI4_IRQHandler
                0x080069b0                TIM1_CC_IRQHandler
                0x080069b0                BDMA_Channel6_IRQHandler
                0x080069b0                DMA2_Stream5_IRQHandler
                0x080069b0                HRTIM1_FLT_IRQHandler
                0x080069b0                JPEG_IRQHandler
                0x080069b0                DMA1_Stream5_IRQHandler
                0x080069b0                BDMA_Channel1_IRQHandler
                0x080069b0                HRTIM1_TIMD_IRQHandler
                0x080069b0                TAMP_STAMP_IRQHandler
                0x080069b0                EXTI3_IRQHandler
                0x080069b0                LPTIM4_IRQHandler
                0x080069b0                TIM8_TRG_COM_TIM14_IRQHandler
                0x080069b0                LPTIM2_IRQHandler
                0x080069b0                DFSDM1_FLT1_IRQHandler
                0x080069b0                DMAMUX2_OVR_IRQHandler
                0x080069b0                TIM8_UP_TIM13_IRQHandler
                0x080069b0                I2C3_ER_IRQHandler
                0x080069b0                DFSDM1_FLT2_IRQHandler
                0x080069b0                MDMA_IRQHandler
                0x080069b0                LPTIM3_IRQHandler
                0x080069b0                HSEM1_IRQHandler
                0x080069b0                I2C2_EV_IRQHandler
                0x080069b0                DMA1_Stream2_IRQHandler
                0x080069b0                FPU_IRQHandler
                0x080069b0                OTG_HS_WKUP_IRQHandler
                0x080069b0                FDCAN1_IT1_IRQHandler
                0x080069b0                LTDC_ER_IRQHandler
                0x080069b0                DMA2_Stream2_IRQHandler
                0x080069b0                HRTIM1_TIME_IRQHandler
                0x080069b0                SPI1_IRQHandler
                0x080069b0                DCMI_IRQHandler
                0x080069b0                HRTIM1_TIMC_IRQHandler
                0x080069b0                DMA2_Stream3_IRQHandler
                0x080069b0                SAI2_IRQHandler
                0x080069b0                DFSDM1_FLT3_IRQHandler
                0x080069b0                USART6_IRQHandler
                0x080069b0                TIM17_IRQHandler
                0x080069b0                USART3_IRQHandler
                0x080069b0                BDMA_Channel7_IRQHandler
                0x080069b0                LPTIM5_IRQHandler
                0x080069b0                UART5_IRQHandler
                0x080069b0                ADC3_IRQHandler
                0x080069b0                DMA2_Stream0_IRQHandler
                0x080069b0                TIM4_IRQHandler
                0x080069b0                BDMA_Channel2_IRQHandler
                0x080069b0                QUADSPI_IRQHandler
                0x080069b0                I2C1_EV_IRQHandler
                0x080069b0                DMA1_Stream6_IRQHandler
                0x080069b0                DMAMUX1_OVR_IRQHandler
                0x080069b0                DMA1_Stream1_IRQHandler
                0x080069b0                TIM16_IRQHandler
                0x080069b0                UART4_IRQHandler
                0x080069b0                BDMA_Channel5_IRQHandler
                0x080069b0                TIM3_IRQHandler
                0x080069b0                RCC_IRQHandler
                0x080069b0                TIM8_BRK_TIM12_IRQHandler
                0x080069b0                TIM1_TRG_COM_IRQHandler
                0x080069b0                Default_Handler
                0x080069b0                ECC_IRQHandler
                0x080069b0                CEC_IRQHandler
                0x080069b0                EXTI15_10_IRQHandler
                0x080069b0                BDMA_Channel0_IRQHandler
                0x080069b0                ADC_IRQHandler
                0x080069b0                DMA1_Stream7_IRQHandler
                0x080069b0                HRTIM1_TIMA_IRQHandler
                0x080069b0                SPI5_IRQHandler
                0x080069b0                TIM7_IRQHandler
                0x080069b0                SDMMC1_IRQHandler
                0x080069b0                TIM5_IRQHandler
                0x080069b0                DMA2_Stream7_IRQHandler
                0x080069b0                TIM15_IRQHandler
                0x080069b0                PVD_AVD_IRQHandler
                0x080069b0                I2C3_EV_IRQHandler
                0x080069b0                EXTI9_5_IRQHandler
                0x080069b0                RTC_WKUP_IRQHandler
                0x080069b0                LTDC_IRQHandler
                0x080069b0                SAI3_IRQHandler
                0x080069b0                ETH_WKUP_IRQHandler
                0x080069b0                SPDIF_RX_IRQHandler
                0x080069b0                SPI2_IRQHandler
                0x080069b0                OTG_HS_EP1_IN_IRQHandler
                0x080069b0                DMA1_Stream0_IRQHandler
                0x080069b0                CRS_IRQHandler
                0x080069b0                EXTI4_IRQHandler
                0x080069b0                RNG_IRQHandler
                0x080069b0                HRTIM1_TIMB_IRQHandler
                0x080069b0                FDCAN2_IT1_IRQHandler
                0x080069b0                ETH_IRQHandler
                0x080069b0                TIM1_UP_IRQHandler
                0x080069b0                BDMA_Channel4_IRQHandler
                0x080069b0                OTG_HS_EP1_OUT_IRQHandler
                0x080069b0                WWDG_IRQHandler
                0x080069b0                SPI6_IRQHandler
                0x080069b0                MDIOS_IRQHandler
                0x080069b0                I2C4_EV_IRQHandler
                0x080069b0                FDCAN2_IT0_IRQHandler
                0x080069b0                LPUART1_IRQHandler
                0x080069b0                FDCAN1_IT0_IRQHandler
                0x080069b0                TIM2_IRQHandler
                0x080069b0                OTG_FS_WKUP_IRQHandler
                0x080069b0                OTG_HS_IRQHandler
                0x080069b0                DMA2D_IRQHandler
                0x080069b0                TIM1_BRK_IRQHandler
                0x080069b0                EXTI1_IRQHandler
                0x080069b0                SDMMC2_IRQHandler
                0x080069b0                OTG_FS_EP1_OUT_IRQHandler
                0x080069b0                BDMA_Channel3_IRQHandler
                0x080069b0                UART7_IRQHandler
                0x080069b0                MDIOS_WKUP_IRQHandler
                0x080069b0                USART2_IRQHandler
                0x080069b0                DFSDM1_FLT0_IRQHandler
                0x080069b0                SAI4_IRQHandler
                0x080069b0                I2C2_ER_IRQHandler
                0x080069b0                DMA2_Stream1_IRQHandler
                0x080069b0                FLASH_IRQHandler
                0x080069b0                DMA2_Stream4_IRQHandler
                0x080069b0                USART1_IRQHandler
                0x080069b0                OTG_FS_IRQHandler
                0x080069b0                SPI3_IRQHandler
                0x080069b0                WAKEUP_PIN_IRQHandler
                0x080069b0                DMA1_Stream4_IRQHandler
                0x080069b0                OTG_FS_EP1_IN_IRQHandler
                0x080069b0                I2C1_ER_IRQHandler
                0x080069b0                FMC_IRQHandler
                0x080069b0                FDCAN_CAL_IRQHandler
                0x080069b0                SWPMI1_IRQHandler
                0x080069b0                COMP1_IRQHandler
                0x080069b0                LPTIM1_IRQHandler
                0x080069b0                I2C4_ER_IRQHandler
                0x080069b0                DMA2_Stream6_IRQHandler
                0x080069b0                SAI1_IRQHandler
                0x080069b0                DMA1_Stream3_IRQHandler
 .text.memset   0x080069b2       0x10 C:/Program Files/STMicroelectronics/STM32Cube/STM32CubeCLT_1.20.0/GNU-tools-for-STM32/bin/../lib/gcc/arm-none-eabi/13.3.1/../../../../arm-none-eabi/lib/thumb/v7e-m+dp/hard\libc_nano.a(libc_a-memset.o)
                0x080069b2                memset
 *fill*         0x080069c2        0x2 
 .text.__libc_init_array
                0x080069c4       0x48 C:/Program Files/STMicroelectronics/STM32Cube/STM32CubeCLT_1.20.0/GNU-tools-for-STM32/bin/../lib/gcc/arm-none-eabi/13.3.1/../../../../arm-none-eabi/lib/thumb/v7e-m+dp/hard\libc_nano.a(libc_a-init.o)
                0x080069c4                __libc_init_array
 .text.memcpy   0x08006a0c       0x1c C:/Program Files/STMicroelectronics/STM32Cube/STM32CubeCLT_1.20.0/GNU-tools-for-STM32/bin/../lib/gcc/arm-none-eabi/13.3.1/../../../../arm-none-eabi/lib/thumb/v7e-m+dp/hard\libc_nano.a(libc_a-memcpy-stub.o)
                0x08006a0c                memcpy
 *(.glue_7)
 .glue_7        0x08006a28        0x0 linker stubs
 *(.glue_7t)
 .glue_7t       0x08006a28        0x0 linker stubs
 *(.eh_frame)
 .eh_frame      0x08006a28        0x0 C:/Program Files/STMicroelectronics/STM32Cube/STM32CubeCLT_1.20.0/GNU-tools-for-STM32/bin/../lib/gcc/arm-none-eabi/13.3.1/thumb/v7e-m+dp/hard/crtbegin.o
 *(.init)
 .init          0x08006a28        0x4 C:/Program Files/STMicroelectronics/STM32Cube/STM32CubeCLT_1.20.0/GNU-tools-for-STM32/bin/../lib/gcc/arm-none-eabi/13.3.1/thumb/v7e-m+dp/hard/crti.o
                0x08006a28                _init
 .init          0x08006a2c        0x8 C:/Program Files/STMicroelectronics/STM32Cube/STM32CubeCLT_1.20.0/GNU-tools-for-STM32/bin/../lib/gcc/arm-none-eabi/13.3.1/thumb/v7e-m+dp/hard/crtn.o
 *(.fini)
 .fini          0x08006a34        0x4 C:/Program Files/STMicroelectronics/STM32Cube/STM32CubeCLT_1.20.0/GNU-tools-for-STM32/bin/../lib/gcc/arm-none-eabi/13.3.1/thumb/v7e-m+dp/hard/crti.o
                0x08006a34                _fini
 .fini          0x08006a38        0x8 C:/Program Files/STMicroelectronics/STM32Cube/STM32CubeCLT_1.20.0/GNU-tools-for-STM32/bin/../lib/gcc/arm-none-eabi/13.3.1/thumb/v7e-m+dp/hard/crtn.o
                0x08006a40                        . = ALIGN (0x4)
                0x08006a40                        _etext = .

.vfp11_veneer   0x08006a40        0x0
 .vfp11_veneer  0x08006a40        0x0 linker stubs

.v4_bx          0x08006a40        0x0
 .v4_bx         0x08006a40        0x0 linker stubs

.iplt           0x08006a40        0x0
 .iplt          0x08006a40        0x0 C:/Program Files/STMicroelectronics/STM32Cube/STM32CubeCLT_1.20.0/GNU-tools-for-STM32/bin/../lib/gcc/arm-none-eabi/13.3.1/thumb/v7e-m+dp/hard/crtbegin.o

.rodata         0x08006a40       0xb4
                0x08006a40                        . = ALIGN (0x4)
 *(.rodata)
 *(.rodata*)
 .rodata.UARTPrescTable
                0x08006a40       0x18 build/stm32h7xx_hal_uart.o
                0x08006a40                UARTPrescTable
 .rodata.denominator.0
                0x08006a58        0x8 build/stm32h7xx_hal_uart_ex.o
 .rodata.numerator.1
                0x08006a60        0x8 build/stm32h7xx_hal_uart_ex.o
 .rodata.D1CorePrescTable
                0x08006a68       0x10 build/system_stm32h7xx.o
                0x08006a68                D1CorePrescTable
 .rodata.str1.4
                0x08006a78       0x34 build/freertos.o
                                 0x1c (size before relaxing)
 .rodata.Task_Lcd_attributes
                0x08006aac       0x24 build/freertos.o
                0x08006aac                Task_Lcd_attributes
 .rodata.Task_DataProces_attributes
                0x08006ad0       0x24 build/freertos.o
                0x08006ad0                Task_DataProces_attributes
 .rodata.vTaskStartScheduler.str1.4
                0x08006af4        0x0 build/tasks.o
                                  0x5 (size before relaxing)
 .rodata.prvCheckForValidListAndQueue.str1.4
                0x08006af4        0x0 build/timers.o
                                  0x5 (size before relaxing)
 .rodata.xTimerCreateTimerTask.str1.4
                0x08006af4        0x0 build/timers.o
                                  0x8 (size before relaxing)
                0x08006af4                        . = ALIGN (0x4)

.ARM.extab      0x08006af4        0x0
                0x08006af4                        . = ALIGN (0x4)
 *(.ARM.extab* .gnu.linkonce.armextab.*)
                0x08006af4                        . = ALIGN (0x4)

.ARM            0x08006af4        0x8
                0x08006af4                        . = ALIGN (0x4)
                0x08006af4                        __exidx_start = .
 *(.ARM.exidx*)
 .ARM.exidx     0x08006af4        0x8 C:/Program Files/STMicroelectronics/STM32Cube/STM32CubeCLT_1.20.0/GNU-tools-for-STM32/bin/../lib/gcc/arm-none-eabi/13.3.1/thumb/v7e-m+dp/hard\libgcc.a(_udivmoddi4.o)
                0x08006afc                        __exidx_end = .
                0x08006afc                        . = ALIGN (0x4)

.preinit_array  0x08006afc        0x0
                0x08006afc                        . = ALIGN (0x4)
                0x08006afc                        PROVIDE (__preinit_array_start = .)
 *(.preinit_array*)
                0x08006afc                        PROVIDE (__preinit_array_end = .)
                0x08006afc                        . = ALIGN (0x4)

.init_array     0x08006afc        0x4
                0x08006afc                        . = ALIGN (0x4)
                0x08006afc                        PROVIDE (__init_array_start = .)
 *(SORT_BY_NAME(.init_array.*))
 *(.init_array*)
 .init_array    0x08006afc        0x4 C:/Program Files/STMicroelectronics/STM32Cube/STM32CubeCLT_1.20.0/GNU-tools-for-STM32/bin/../lib/gcc/arm-none-eabi/13.3.1/thumb/v7e-m+dp/hard/crtbegin.o
                0x08006b00                        PROVIDE (__init_array_end = .)
                0x08006b00                        . = ALIGN (0x4)

.fini_array     0x08006b00        0x4
                0x08006b00                        . = ALIGN (0x4)
                [!provide]                        PROVIDE (__fini_array_start = .)
 *(SORT_BY_NAME(.fini_array.*))
 *(.fini_array*)
 .fini_array    0x08006b00        0x4 C:/Program Files/STMicroelectronics/STM32Cube/STM32CubeCLT_1.20.0/GNU-tools-for-STM32/bin/../lib/gcc/arm-none-eabi/13.3.1/thumb/v7e-m+dp/hard/crtbegin.o
                [!provide]                        PROVIDE (__fini_array_end = .)
                0x08006b04                        . = ALIGN (0x4)
                0x08006b04                        _sidata = LOADADDR (.data)

.rel.dyn        0x08006b04        0x0
 .rel.iplt      0x08006b04        0x0 C:/Program Files/STMicroelectronics/STM32Cube/STM32CubeCLT_1.20.0/GNU-tools-for-STM32/bin/../lib/gcc/arm-none-eabi/13.3.1/thumb/v7e-m+dp/hard/crtbegin.o

.data           0x20000000       0x14 load address 0x08006b04
                0x20000000                        . = ALIGN (0x4)
                0x20000000                        _sdata = .
 *(.data)
 *(.data*)
 .data.uwTickFreq
                0x20000000        0x1 build/stm32h7xx_hal.o
                0x20000000                uwTickFreq
 *fill*         0x20000001        0x3 
 .data.uwTickPrio
                0x20000004        0x4 build/stm32h7xx_hal.o
                0x20000004                uwTickPrio
 .data.SystemD2Clock
                0x20000008        0x4 build/system_stm32h7xx.o
                0x20000008                SystemD2Clock
 .data.SystemCoreClock
                0x2000000c        0x4 build/system_stm32h7xx.o
                0x2000000c                SystemCoreClock
 .data.uxCriticalNesting
                0x20000010        0x4 build/port.o
 *(.RamFunc)
 *(.RamFunc*)
                0x20000014                        . = ALIGN (0x4)
                0x20000014                        _edata = .

.igot.plt       0x20000014        0x0 load address 0x08006b18
 .igot.plt      0x20000014        0x0 C:/Program Files/STMicroelectronics/STM32Cube/STM32CubeCLT_1.20.0/GNU-tools-for-STM32/bin/../lib/gcc/arm-none-eabi/13.3.1/thumb/v7e-m+dp/hard/crtbegin.o
                0x20000014                        . = ALIGN (0x4)

.bss            0x20000014     0x4c08 load address 0x08006b18
                0x20000014                        _sbss = .
                0x20000014                        __bss_start__ = _sbss
 *(.bss)
 .bss           0x20000014       0x1c C:/Program Files/STMicroelectronics/STM32Cube/STM32CubeCLT_1.20.0/GNU-tools-for-STM32/bin/../lib/gcc/arm-none-eabi/13.3.1/thumb/v7e-m+dp/hard/crtbegin.o
 *(.bss*)
 .bss.FMC_Initialized
                0x20000030        0x4 build/fmc.o
 .bss.hsram2    0x20000034       0x4c build/fmc.o
                0x20000034                hsram2
 .bss.hqspi     0x20000080       0x4c build/quadspi.o
                0x20000080                hqspi
 .bss.hspi6     0x200000cc       0x88 build/spi.o
                0x200000cc                hspi6
 .bss.hspi1     0x20000154       0x88 build/spi.o
                0x20000154                hspi1
 .bss.huart4    0x200001dc       0x94 build/usart.o
                0x200001dc                huart4
 .bss.uwTick    0x20000270        0x4 build/stm32h7xx_hal.o
                0x20000270                uwTick
 .bss.Task_LcdHandle
                0x20000274        0x4 build/freertos.o
                0x20000274                Task_LcdHandle
 .bss.Task_DataProcesHandle
                0x20000278        0x4 build/freertos.o
                0x20000278                Task_DataProcesHandle
 .bss.AdcSemaphoreHandle
                0x2000027c        0x4 build/freertos.o
                0x2000027c                AdcSemaphoreHandle
 .bss.htim6     0x20000280       0x4c build/stm32h7xx_hal_timebase_tim.o
                0x20000280                htim6
 .bss.xQueueRegistry
                0x200002cc       0x40 build/queue.o
                0x200002cc                xQueueRegistry
 .bss.uxSchedulerSuspended
                0x2000030c        0x4 build/tasks.o
 .bss.xIdleTaskHandle
                0x20000310        0x4 build/tasks.o
 .bss.xNextTaskUnblockTime
                0x20000314        0x4 build/tasks.o
 .bss.uxTaskNumber
                0x20000318        0x4 build/tasks.o
 .bss.xNumOfOverflows
                0x2000031c        0x4 build/tasks.o
 .bss.xYieldPending
                0x20000320        0x4 build/tasks.o
 .bss.xPendedTicks
                0x20000324        0x4 build/tasks.o
 .bss.xSchedulerRunning
                0x20000328        0x4 build/tasks.o
 .bss.uxTopReadyPriority
                0x2000032c        0x4 build/tasks.o
 .bss.xTickCount
                0x20000330        0x4 build/tasks.o
 .bss.uxCurrentNumberOfTasks
                0x20000334        0x4 build/tasks.o
 .bss.xSuspendedTaskList
                0x20000338       0x14 build/tasks.o
 .bss.uxDeletedTasksWaitingCleanUp
                0x2000034c        0x4 build/tasks.o
 .bss.xTasksWaitingTermination
                0x20000350       0x14 build/tasks.o
 .bss.xPendingReadyList
                0x20000364       0x14 build/tasks.o
 .bss.pxOverflowDelayedTaskList
                0x20000378        0x4 build/tasks.o
 .bss.pxDelayedTaskList
                0x2000037c        0x4 build/tasks.o
 .bss.xDelayedTaskList2
                0x20000380       0x14 build/tasks.o
 .bss.xDelayedTaskList1
                0x20000394       0x14 build/tasks.o
 .bss.pxReadyTasksLists
                0x200003a8      0x460 build/tasks.o
 .bss.pxCurrentTCB
                0x20000808        0x4 build/tasks.o
                0x20000808                pxCurrentTCB
 .bss.xStaticTimerQueue.0
                0x2000080c       0x50 build/timers.o
 .bss.ucStaticTimerQueueStorage.1
                0x2000085c       0xa0 build/timers.o
 .bss.xLastTime.2
                0x200008fc        0x4 build/timers.o
 .bss.xTimerTaskHandle
                0x20000900        0x4 build/timers.o
 .bss.xTimerQueue
                0x20000904        0x4 build/timers.o
 .bss.pxOverflowTimerList
                0x20000908        0x4 build/timers.o
 .bss.pxCurrentTimerList
                0x2000090c        0x4 build/timers.o
 .bss.xActiveTimerList2
                0x20000910       0x14 build/timers.o
 .bss.xActiveTimerList1
                0x20000924       0x14 build/timers.o
 .bss.Timer_Stack.0
                0x20000938      0x400 build/cmsis_os2.o
 .bss.Timer_TCB.1
                0x20000d38       0x5c build/cmsis_os2.o
 .bss.Idle_Stack.2
                0x20000d94      0x200 build/cmsis_os2.o
 .bss.Idle_TCB.3
                0x20000f94       0x5c build/cmsis_os2.o
 .bss.KernelState
                0x20000ff0        0x4 build/cmsis_os2.o
 .bss.xBlockAllocatedBit
                0x20000ff4        0x4 build/heap_4.o
 .bss.xNumberOfSuccessfulFrees
                0x20000ff8        0x4 build/heap_4.o
 .bss.xNumberOfSuccessfulAllocations
                0x20000ffc        0x4 build/heap_4.o
 .bss.xMinimumEverFreeBytesRemaining
                0x20001000        0x4 build/heap_4.o
 .bss.xFreeBytesRemaining
                0x20001004        0x4 build/heap_4.o
 .bss.pxEnd     0x20001008        0x4 build/heap_4.o
 .bss.xStart    0x2000100c        0x8 build/heap_4.o
 .bss.ucHeap    0x20001014     0x3c00 build/heap_4.o
 .bss.ulMaxPRIGROUPValue
                0x20004c14        0x4 build/port.o
 .bss.ucMaxSysCallPriority
                0x20004c18        0x1 build/port.o
 *(COMMON)
                0x20004c1c                        . = ALIGN (0x4)
 *fill*         0x20004c19        0x3 
                0x20004c1c                        _ebss = .
                0x20004c1c                        __bss_end__ = _ebss

._user_heap_stack
                0x20004c1c      0x604 load address 0x08006b18
                0x20004c20                        . = ALIGN (0x8)
 *fill*         0x20004c1c        0x4 
                [!provide]                        PROVIDE (end = .)
                0x20004c20                        PROVIDE (_end = .)
                0x20004e20                        . = (. + _Min_Heap_Size)
 *fill*         0x20004c20      0x200 
                0x20005220                        . = (. + _Min_Stack_Size)
 *fill*         0x20004e20      0x400 
                0x20005220                        . = ALIGN (0x8)

/DISCARD/
 libc.a(*)
 libm.a(*)
 libgcc.a(*)
OUTPUT(build/STM32H743.elf elf32-littlearm)
LOAD linker stubs
LOAD C:/Program Files/STMicroelectronics/STM32Cube/STM32CubeCLT_1.20.0/GNU-tools-for-STM32/bin/../lib/gcc/arm-none-eabi/13.3.1/../../../../arm-none-eabi/lib/thumb/v7e-m+dp/hard\libc.a
LOAD C:/Program Files/STMicroelectronics/STM32Cube/STM32CubeCLT_1.20.0/GNU-tools-for-STM32/bin/../lib/gcc/arm-none-eabi/13.3.1/../../../../arm-none-eabi/lib/thumb/v7e-m+dp/hard\libm.a
LOAD C:/Program Files/STMicroelectronics/STM32Cube/STM32CubeCLT_1.20.0/GNU-tools-for-STM32/bin/../lib/gcc/arm-none-eabi/13.3.1/thumb/v7e-m+dp/hard\libgcc.a

.ARM.attributes
                0x00000000       0x2e
 .ARM.attributes
                0x00000000       0x20 C:/Program Files/STMicroelectronics/STM32Cube/STM32CubeCLT_1.20.0/GNU-tools-for-STM32/bin/../lib/gcc/arm-none-eabi/13.3.1/thumb/v7e-m+dp/hard/crti.o
 .ARM.attributes
                0x00000020       0x32 C:/Program Files/STMicroelectronics/STM32Cube/STM32CubeCLT_1.20.0/GNU-tools-for-STM32/bin/../lib/gcc/arm-none-eabi/13.3.1/thumb/v7e-m+dp/hard/crtbegin.o
 .ARM.attributes
                0x00000052       0x32 build/main.o
 .ARM.attributes
                0x00000084       0x32 build/gpio.o
 .ARM.attributes
                0x000000b6       0x32 build/fmc.o
 .ARM.attributes
                0x000000e8       0x32 build/quadspi.o
 .ARM.attributes
                0x0000011a       0x32 build/spi.o
 .ARM.attributes
                0x0000014c       0x32 build/usart.o
 .ARM.attributes
                0x0000017e       0x32 build/stm32h7xx_it.o
 .ARM.attributes
                0x000001b0       0x32 build/stm32h7xx_hal_msp.o
 .ARM.attributes
                0x000001e2       0x32 build/stm32h7xx_hal_cortex.o
 .ARM.attributes
                0x00000214       0x32 build/stm32h7xx_hal_rcc.o
 .ARM.attributes
                0x00000246       0x32 build/stm32h7xx_hal_rcc_ex.o
 .ARM.attributes
                0x00000278       0x32 build/stm32h7xx_hal_gpio.o
 .ARM.attributes
                0x000002aa       0x32 build/stm32h7xx_hal_pwr_ex.o
 .ARM.attributes
                0x000002dc       0x32 build/stm32h7xx_hal.o
 .ARM.attributes
                0x0000030e       0x32 build/stm32h7xx_ll_fmc.o
 .ARM.attributes
                0x00000340       0x32 build/stm32h7xx_hal_sram.o
 .ARM.attributes
                0x00000372       0x32 build/stm32h7xx_hal_qspi.o
 .ARM.attributes
                0x000003a4       0x32 build/stm32h7xx_hal_spi.o
 .ARM.attributes
                0x000003d6       0x32 build/stm32h7xx_hal_tim.o
 .ARM.attributes
                0x00000408       0x32 build/stm32h7xx_hal_tim_ex.o
 .ARM.attributes
                0x0000043a       0x32 build/stm32h7xx_hal_uart.o
 .ARM.attributes
                0x0000046c       0x32 build/stm32h7xx_hal_uart_ex.o
 .ARM.attributes
                0x0000049e       0x32 build/system_stm32h7xx.o
 .ARM.attributes
                0x000004d0       0x32 build/freertos.o
 .ARM.attributes
                0x00000502       0x32 build/ad7606.o
 .ARM.attributes
                0x00000534       0x32 build/stm32h7xx_hal_timebase_tim.o
 .ARM.attributes
                0x00000566       0x32 build/list.o
 .ARM.attributes
                0x00000598       0x32 build/queue.o
 .ARM.attributes
                0x000005ca       0x32 build/tasks.o
 .ARM.attributes
                0x000005fc       0x32 build/timers.o
 .ARM.attributes
                0x0000062e       0x32 build/cmsis_os2.o
 .ARM.attributes
                0x00000660       0x32 build/heap_4.o
 .ARM.attributes
                0x00000692       0x32 build/port.o
 .ARM.attributes
                0x000006c4       0x21 build/startup_stm32h743xx.o
 .ARM.attributes
                0x000006e5       0x32 C:/Program Files/STMicroelectronics/STM32Cube/STM32CubeCLT_1.20.0/GNU-tools-for-STM32/bin/../lib/gcc/arm-none-eabi/13.3.1/../../../../arm-none-eabi/lib/thumb/v7e-m+dp/hard\libc_nano.a(libc_a-memset.o)
 .ARM.attributes
                0x00000717       0x32 C:/Program Files/STMicroelectronics/STM32Cube/STM32CubeCLT_1.20.0/GNU-tools-for-STM32/bin/../lib/gcc/arm-none-eabi/13.3.1/../../../../arm-none-eabi/lib/thumb/v7e-m+dp/hard\libc_nano.a(libc_a-init.o)
 .ARM.attributes
                0x00000749       0x32 C:/Program Files/STMicroelectronics/STM32Cube/STM32CubeCLT_1.20.0/GNU-tools-for-STM32/bin/../lib/gcc/arm-none-eabi/13.3.1/../../../../arm-none-eabi/lib/thumb/v7e-m+dp/hard\libc_nano.a(libc_a-memcpy-stub.o)
 .ARM.attributes
                0x0000077b       0x20 C:/Program Files/STMicroelectronics/STM32Cube/STM32CubeCLT_1.20.0/GNU-tools-for-STM32/bin/../lib/gcc/arm-none-eabi/13.3.1/thumb/v7e-m+dp/hard\libgcc.a(_aeabi_uldivmod.o)
 .ARM.attributes
                0x0000079b       0x32 C:/Program Files/STMicroelectronics/STM32Cube/STM32CubeCLT_1.20.0/GNU-tools-for-STM32/bin/../lib/gcc/arm-none-eabi/13.3.1/thumb/v7e-m+dp/hard\libgcc.a(_udivmoddi4.o)
 .ARM.attributes
                0x000007cd       0x20 C:/Program Files/STMicroelectronics/STM32Cube/STM32CubeCLT_1.20.0/GNU-tools-for-STM32/bin/../lib/gcc/arm-none-eabi/13.3.1/thumb/v7e-m+dp/hard\libgcc.a(_dvmd_tls.o)
 .ARM.attributes
                0x000007ed       0x20 C:/Program Files/STMicroelectronics/STM32Cube/STM32CubeCLT_1.20.0/GNU-tools-for-STM32/bin/../lib/gcc/arm-none-eabi/13.3.1/thumb/v7e-m+dp/hard/crtn.o

.comment        0x00000000       0x43
 .comment       0x00000000       0x43 build/main.o
                                 0x44 (size before relaxing)
 .comment       0x00000043        0x0 build/gpio.o
                                 0x44 (size before relaxing)
 .comment       0x00000043        0x0 build/fmc.o
                                 0x44 (size before relaxing)
 .comment       0x00000043        0x0 build/quadspi.o
                                 0x44 (size before relaxing)
 .comment       0x00000043        0x0 build/spi.o
                                 0x44 (size before relaxing)
 .comment       0x00000043        0x0 build/usart.o
                                 0x44 (size before relaxing)
 .comment       0x00000043        0x0 build/stm32h7xx_it.o
                                 0x44 (size before relaxing)
 .comment       0x00000043        0x0 build/stm32h7xx_hal_msp.o
                                 0x44 (size before relaxing)
 .comment       0x00000043        0x0 build/stm32h7xx_hal_cortex.o
                                 0x44 (size before relaxing)
 .comment       0x00000043        0x0 build/stm32h7xx_hal_rcc.o
                                 0x44 (size before relaxing)
 .comment       0x00000043        0x0 build/stm32h7xx_hal_rcc_ex.o
                                 0x44 (size before relaxing)
 .comment       0x00000043        0x0 build/stm32h7xx_hal_gpio.o
                                 0x44 (size before relaxing)
 .comment       0x00000043        0x0 build/stm32h7xx_hal_pwr_ex.o
                                 0x44 (size before relaxing)
 .comment       0x00000043        0x0 build/stm32h7xx_hal.o
                                 0x44 (size before relaxing)
 .comment       0x00000043        0x0 build/stm32h7xx_ll_fmc.o
                                 0x44 (size before relaxing)
 .comment       0x00000043        0x0 build/stm32h7xx_hal_sram.o
                                 0x44 (size before relaxing)
 .comment       0x00000043        0x0 build/stm32h7xx_hal_qspi.o
                                 0x44 (size before relaxing)
 .comment       0x00000043        0x0 build/stm32h7xx_hal_spi.o
                                 0x44 (size before relaxing)
 .comment       0x00000043        0x0 build/stm32h7xx_hal_tim.o
                                 0x44 (size before relaxing)
 .comment       0x00000043        0x0 build/stm32h7xx_hal_tim_ex.o
                                 0x44 (size before relaxing)
 .comment       0x00000043        0x0 build/stm32h7xx_hal_uart.o
                                 0x44 (size before relaxing)
 .comment       0x00000043        0x0 build/stm32h7xx_hal_uart_ex.o
                                 0x44 (size before relaxing)
 .comment       0x00000043        0x0 build/system_stm32h7xx.o
                                 0x44 (size before relaxing)
 .comment       0x00000043        0x0 build/freertos.o
                                 0x44 (size before relaxing)
 .comment       0x00000043        0x0 build/ad7606.o
                                 0x44 (size before relaxing)
 .comment       0x00000043        0x0 build/stm32h7xx_hal_timebase_tim.o
                                 0x44 (size before relaxing)
 .comment       0x00000043        0x0 build/list.o
                                 0x44 (size before relaxing)
 .comment       0x00000043        0x0 build/queue.o
                                 0x44 (size before relaxing)
 .comment       0x00000043        0x0 build/tasks.o
                                 0x44 (size before relaxing)
 .comment       0x00000043        0x0 build/timers.o
                                 0x44 (size before relaxing)
 .comment       0x00000043        0x0 build/cmsis_os2.o
                                 0x44 (size before relaxing)
 .comment       0x00000043        0x0 build/heap_4.o
                                 0x44 (size before relaxing)
 .comment       0x00000043        0x0 build/port.o
                                 0x44 (size before relaxing)

.debug_info     0x00000000    0x3524d
 .debug_info    0x00000000     0x11ee build/main.o
 .debug_info    0x000011ee      0xcfa build/gpio.o
 .debug_info    0x00001ee8     0x1411 build/fmc.o
 .debug_info    0x000032f9     0x13b2 build/quadspi.o
 .debug_info    0x000046ab     0x148b build/spi.o
 .debug_info    0x00005b36     0x143c build/usart.o
 .debug_info    0x00006f72      0x950 build/stm32h7xx_it.o
 .debug_info    0x000078c2      0x914 build/stm32h7xx_hal_msp.o
 .debug_info    0x000081d6     0x157c build/stm32h7xx_hal_cortex.o
 .debug_info    0x00009752     0x1411 build/stm32h7xx_hal_rcc.o
 .debug_info    0x0000ab63     0x1d05 build/stm32h7xx_hal_rcc_ex.o
 .debug_info    0x0000c868      0xef1 build/stm32h7xx_hal_gpio.o
 .debug_info    0x0000d759     0x13fb build/stm32h7xx_hal_pwr_ex.o
 .debug_info    0x0000eb54     0x190a build/stm32h7xx_hal.o
 .debug_info    0x0001045e      0xe4c build/stm32h7xx_ll_fmc.o
 .debug_info    0x000112aa     0x12ca build/stm32h7xx_hal_sram.o
 .debug_info    0x00012574     0x1b2e build/stm32h7xx_hal_qspi.o
 .debug_info    0x000140a2     0x1d1a build/stm32h7xx_hal_spi.o
 .debug_info    0x00015dbc     0x4390 build/stm32h7xx_hal_tim.o
 .debug_info    0x0001a14c     0x216a build/stm32h7xx_hal_tim_ex.o
 .debug_info    0x0001c2b6     0x6ae0 build/stm32h7xx_hal_uart.o
 .debug_info    0x00022d96     0x13fe build/stm32h7xx_hal_uart_ex.o
 .debug_info    0x00024194      0xf94 build/system_stm32h7xx.o
 .debug_info    0x00025128      0x72d build/freertos.o
 .debug_info    0x00025855      0x563 build/ad7606.o
 .debug_info    0x00025db8     0x1306 build/stm32h7xx_hal_timebase_tim.o
 .debug_info    0x000270be      0x30f build/list.o
 .debug_info    0x000273cd     0x2a3f build/queue.o
 .debug_info    0x00029e0c     0x33ae build/tasks.o
 .debug_info    0x0002d1ba     0x1d2b build/timers.o
 .debug_info    0x0002eee5     0x576a build/cmsis_os2.o
 .debug_info    0x0003464f      0x60c build/heap_4.o
 .debug_info    0x00034c5b      0x5c2 build/port.o
 .debug_info    0x0003521d       0x30 build/startup_stm32h743xx.o

.debug_abbrev   0x00000000     0x5664
 .debug_abbrev  0x00000000      0x2bc build/main.o
 .debug_abbrev  0x000002bc      0x194 build/gpio.o
 .debug_abbrev  0x00000450      0x25c build/fmc.o
 .debug_abbrev  0x000006ac      0x22b build/quadspi.o
 .debug_abbrev  0x000008d7      0x22b build/spi.o
 .debug_abbrev  0x00000b02      0x242 build/usart.o
 .debug_abbrev  0x00000d44      0x194 build/stm32h7xx_it.o
 .debug_abbrev  0x00000ed8      0x122 build/stm32h7xx_hal_msp.o
 .debug_abbrev  0x00000ffa      0x3e6 build/stm32h7xx_hal_cortex.o
 .debug_abbrev  0x000013e0      0x29b build/stm32h7xx_hal_rcc.o
 .debug_abbrev  0x0000167b      0x285 build/stm32h7xx_hal_rcc_ex.o
 .debug_abbrev  0x00001900      0x25a build/stm32h7xx_hal_gpio.o
 .debug_abbrev  0x00001b5a      0x2ca build/stm32h7xx_hal_pwr_ex.o
 .debug_abbrev  0x00001e24      0x2b1 build/stm32h7xx_hal.o
 .debug_abbrev  0x000020d5      0x1d5 build/stm32h7xx_ll_fmc.o
 .debug_abbrev  0x000022aa      0x22b build/stm32h7xx_hal_sram.o
 .debug_abbrev  0x000024d5      0x298 build/stm32h7xx_hal_qspi.o
 .debug_abbrev  0x0000276d      0x309 build/stm32h7xx_hal_spi.o
 .debug_abbrev  0x00002a76      0x2bd build/stm32h7xx_hal_tim.o
 .debug_abbrev  0x00002d33      0x2b7 build/stm32h7xx_hal_tim_ex.o
 .debug_abbrev  0x00002fea      0x391 build/stm32h7xx_hal_uart.o
 .debug_abbrev  0x0000337b      0x351 build/stm32h7xx_hal_uart_ex.o
 .debug_abbrev  0x000036cc      0x144 build/system_stm32h7xx.o
 .debug_abbrev  0x00003810      0x1f0 build/freertos.o
 .debug_abbrev  0x00003a00      0x1ef build/ad7606.o
 .debug_abbrev  0x00003bef      0x23c build/stm32h7xx_hal_timebase_tim.o
 .debug_abbrev  0x00003e2b      0x124 build/list.o
 .debug_abbrev  0x00003f4f      0x431 build/queue.o
 .debug_abbrev  0x00004380      0x400 build/tasks.o
 .debug_abbrev  0x00004780      0x3d4 build/timers.o
 .debug_abbrev  0x00004b54      0x5ca build/cmsis_os2.o
 .debug_abbrev  0x0000511e      0x27a build/heap_4.o
 .debug_abbrev  0x00005398      0x2af build/port.o
 .debug_abbrev  0x00005647       0x1d build/startup_stm32h743xx.o

.debug_loc      0x00000000    0x27a3f
 .debug_loc     0x00000000      0x10c build/main.o
 .debug_loc     0x0000010c       0x39 build/gpio.o
 .debug_loc     0x00000145      0x140 build/fmc.o
 .debug_loc     0x00000285      0x13c build/quadspi.o
 .debug_loc     0x000003c1      0x139 build/spi.o
 .debug_loc     0x000004fa       0xf6 build/usart.o
 .debug_loc     0x000005f0       0x40 build/stm32h7xx_it.o
 .debug_loc     0x00000630       0x38 build/stm32h7xx_hal_msp.o
 .debug_loc     0x00000668      0x898 build/stm32h7xx_hal_cortex.o
 .debug_loc     0x00000f00      0xb18 build/stm32h7xx_hal_rcc.o
 .debug_loc     0x00001a18     0x20ec build/stm32h7xx_hal_rcc_ex.o
 .debug_loc     0x00003b04      0x4b2 build/stm32h7xx_hal_gpio.o
 .debug_loc     0x00003fb6      0x6af build/stm32h7xx_hal_pwr_ex.o
 .debug_loc     0x00004665      0x59b build/stm32h7xx_hal.o
 .debug_loc     0x00004c00      0x9bc build/stm32h7xx_ll_fmc.o
 .debug_loc     0x000055bc     0x128e build/stm32h7xx_hal_sram.o
 .debug_loc     0x0000684a     0x19c9 build/stm32h7xx_hal_qspi.o
 .debug_loc     0x00008213     0x1ed0 build/stm32h7xx_hal_spi.o
 .debug_loc     0x0000a0e3     0x6674 build/stm32h7xx_hal_tim.o
 .debug_loc     0x00010757     0x2b15 build/stm32h7xx_hal_tim_ex.o
 .debug_loc     0x0001326c     0x65cf build/stm32h7xx_hal_uart.o
 .debug_loc     0x0001983b      0xe75 build/stm32h7xx_hal_uart_ex.o
 .debug_loc     0x0001a6b0      0x1d8 build/system_stm32h7xx.o
 .debug_loc     0x0001a888       0xe5 build/freertos.o
 .debug_loc     0x0001a96d      0x13e build/ad7606.o
 .debug_loc     0x0001aaab      0x100 build/stm32h7xx_hal_timebase_tim.o
 .debug_loc     0x0001abab       0xeb build/list.o
 .debug_loc     0x0001ac96     0x2098 build/queue.o
 .debug_loc     0x0001cd2e     0x2be2 build/tasks.o
 .debug_loc     0x0001f910     0x16c2 build/timers.o
 .debug_loc     0x00020fd2     0x638b build/cmsis_os2.o
 .debug_loc     0x0002735d      0x51c build/heap_4.o
 .debug_loc     0x00027879      0x1c6 build/port.o

.debug_aranges  0x00000000     0x1d38
 .debug_aranges
                0x00000000       0x40 build/main.o
 .debug_aranges
                0x00000040       0x20 build/gpio.o
 .debug_aranges
                0x00000060       0x40 build/fmc.o
 .debug_aranges
                0x000000a0       0x30 build/quadspi.o
 .debug_aranges
                0x000000d0       0x38 build/spi.o
 .debug_aranges
                0x00000108       0x30 build/usart.o
 .debug_aranges
                0x00000138       0x58 build/stm32h7xx_it.o
 .debug_aranges
                0x00000190       0x20 build/stm32h7xx_hal_msp.o
 .debug_aranges
                0x000001b0       0xf8 build/stm32h7xx_hal_cortex.o
 .debug_aranges
                0x000002a8       0x88 build/stm32h7xx_hal_rcc.o
 .debug_aranges
                0x00000330       0xf8 build/stm32h7xx_hal_rcc_ex.o
 .debug_aranges
                0x00000428       0x58 build/stm32h7xx_hal_gpio.o
 .debug_aranges
                0x00000480      0x158 build/stm32h7xx_hal_pwr_ex.o
 .debug_aranges
                0x000005d8      0x198 build/stm32h7xx_hal.o
 .debug_aranges
                0x00000770       0xc8 build/stm32h7xx_ll_fmc.o
 .debug_aranges
                0x00000838       0xb8 build/stm32h7xx_hal_sram.o
 .debug_aranges
                0x000008f0      0x148 build/stm32h7xx_hal_qspi.o
 .debug_aranges
                0x00000a38      0x1a8 build/stm32h7xx_hal_spi.o
 .debug_aranges
                0x00000be0      0x3e0 build/stm32h7xx_hal_tim.o
 .debug_aranges
                0x00000fc0      0x188 build/stm32h7xx_hal_tim_ex.o
 .debug_aranges
                0x00001148      0x248 build/stm32h7xx_hal_uart.o
 .debug_aranges
                0x00001390       0xa8 build/stm32h7xx_hal_uart_ex.o
 .debug_aranges
                0x00001438       0x30 build/system_stm32h7xx.o
 .debug_aranges
                0x00001468       0x30 build/freertos.o
 .debug_aranges
                0x00001498       0x40 build/ad7606.o
 .debug_aranges
                0x000014d8       0x30 build/stm32h7xx_hal_timebase_tim.o
 .debug_aranges
                0x00001508       0x40 build/list.o
 .debug_aranges
                0x00001548      0x158 build/queue.o
 .debug_aranges
                0x000016a0      0x208 build/tasks.o
 .debug_aranges
                0x000018a8       0xf0 build/timers.o
 .debug_aranges
                0x00001998      0x2a0 build/cmsis_os2.o
 .debug_aranges
                0x00001c38       0x58 build/heap_4.o
 .debug_aranges
                0x00001c90       0x80 build/port.o
 .debug_aranges
                0x00001d10       0x28 build/startup_stm32h743xx.o

.debug_ranges   0x00000000     0x1e30
 .debug_ranges  0x00000000       0x30 build/main.o
 .debug_ranges  0x00000030       0x10 build/gpio.o
 .debug_ranges  0x00000040       0x30 build/fmc.o
 .debug_ranges  0x00000070       0x20 build/quadspi.o
 .debug_ranges  0x00000090       0x28 build/spi.o
 .debug_ranges  0x000000b8       0x20 build/usart.o
 .debug_ranges  0x000000d8       0x48 build/stm32h7xx_it.o
 .debug_ranges  0x00000120       0x10 build/stm32h7xx_hal_msp.o
 .debug_ranges  0x00000130       0xe8 build/stm32h7xx_hal_cortex.o
 .debug_ranges  0x00000218       0xe8 build/stm32h7xx_hal_rcc.o
 .debug_ranges  0x00000300       0xe8 build/stm32h7xx_hal_rcc_ex.o
 .debug_ranges  0x000003e8       0x48 build/stm32h7xx_hal_gpio.o
 .debug_ranges  0x00000430      0x1a8 build/stm32h7xx_hal_pwr_ex.o
 .debug_ranges  0x000005d8      0x188 build/stm32h7xx_hal.o
 .debug_ranges  0x00000760       0xb8 build/stm32h7xx_ll_fmc.o
 .debug_ranges  0x00000818       0xa8 build/stm32h7xx_hal_sram.o
 .debug_ranges  0x000008c0      0x138 build/stm32h7xx_hal_qspi.o
 .debug_ranges  0x000009f8      0x198 build/stm32h7xx_hal_spi.o
 .debug_ranges  0x00000b90      0x3d0 build/stm32h7xx_hal_tim.o
 .debug_ranges  0x00000f60      0x178 build/stm32h7xx_hal_tim_ex.o
 .debug_ranges  0x000010d8      0x238 build/stm32h7xx_hal_uart.o
 .debug_ranges  0x00001310       0xb0 build/stm32h7xx_hal_uart_ex.o
 .debug_ranges  0x000013c0       0x20 build/system_stm32h7xx.o
 .debug_ranges  0x000013e0       0x38 build/freertos.o
 .debug_ranges  0x00001418       0x30 build/ad7606.o
 .debug_ranges  0x00001448       0x20 build/stm32h7xx_hal_timebase_tim.o
 .debug_ranges  0x00001468       0x30 build/list.o
 .debug_ranges  0x00001498      0x200 build/queue.o
 .debug_ranges  0x00001698      0x338 build/tasks.o
 .debug_ranges  0x000019d0       0xe0 build/timers.o
 .debug_ranges  0x00001ab0      0x290 build/cmsis_os2.o
 .debug_ranges  0x00001d40       0x48 build/heap_4.o
 .debug_ranges  0x00001d88       0x88 build/port.o
 .debug_ranges  0x00001e10       0x20 build/startup_stm32h743xx.o

.debug_line     0x00000000    0x23500
 .debug_line    0x00000000      0x569 build/main.o
 .debug_line    0x00000569      0x321 build/gpio.o
 .debug_line    0x0000088a      0x505 build/fmc.o
 .debug_line    0x00000d8f      0x461 build/quadspi.o
 .debug_line    0x000011f0      0x580 build/spi.o
 .debug_line    0x00001770      0x428 build/usart.o
 .debug_line    0x00001b98      0x31a build/stm32h7xx_it.o
 .debug_line    0x00001eb2      0x236 build/stm32h7xx_hal_msp.o
 .debug_line    0x000020e8      0x8d5 build/stm32h7xx_hal_cortex.o
 .debug_line    0x000029bd     0x14bc build/stm32h7xx_hal_rcc.o
 .debug_line    0x00003e79     0x20fb build/stm32h7xx_hal_rcc_ex.o
 .debug_line    0x00005f74      0x7b1 build/stm32h7xx_hal_gpio.o
 .debug_line    0x00006725      0xbbe build/stm32h7xx_hal_pwr_ex.o
 .debug_line    0x000072e3      0x987 build/stm32h7xx_hal.o
 .debug_line    0x00007c6a      0x7b1 build/stm32h7xx_ll_fmc.o
 .debug_line    0x0000841b      0x97d build/stm32h7xx_hal_sram.o
 .debug_line    0x00008d98     0x1530 build/stm32h7xx_hal_qspi.o
 .debug_line    0x0000a2c8     0x27cd build/stm32h7xx_hal_spi.o
 .debug_line    0x0000ca95     0x4b53 build/stm32h7xx_hal_tim.o
 .debug_line    0x000115e8     0x1d92 build/stm32h7xx_hal_tim_ex.o
 .debug_line    0x0001337a     0x51ee build/stm32h7xx_hal_uart.o
 .debug_line    0x00018568      0xb2b build/stm32h7xx_hal_uart_ex.o
 .debug_line    0x00019093      0x58b build/system_stm32h7xx.o
 .debug_line    0x0001961e      0x2f4 build/freertos.o
 .debug_line    0x00019912      0x339 build/ad7606.o
 .debug_line    0x00019c4b      0x384 build/stm32h7xx_hal_timebase_tim.o
 .debug_line    0x00019fcf      0x3ff build/list.o
 .debug_line    0x0001a3ce     0x1dfd build/queue.o
 .debug_line    0x0001c1cb     0x28d8 build/tasks.o
 .debug_line    0x0001eaa3      0xebd build/timers.o
 .debug_line    0x0001f960     0x2c86 build/cmsis_os2.o
 .debug_line    0x000225e6      0x7d9 build/heap_4.o
 .debug_line    0x00022dbf      0x6cd build/port.o
 .debug_line    0x0002348c       0x74 build/startup_stm32h743xx.o

.debug_str      0x00000000     0xa930
 .debug_str     0x00000000     0xa930 build/main.o
                                0xd07 (size before relaxing)
 .debug_str     0x0000a930        0x0 build/gpio.o
                                0xd0d (size before relaxing)
 .debug_str     0x0000a930        0x0 build/fmc.o
                                0xe4b (size before relaxing)
 .debug_str     0x0000a930        0x0 build/quadspi.o
                                0xdc9 (size before relaxing)
 .debug_str     0x0000a930        0x0 build/spi.o
                                0xe75 (size before relaxing)
 .debug_str     0x0000a930        0x0 build/usart.o
                                0xe69 (size before relaxing)
 .debug_str     0x0000a930        0x0 build/stm32h7xx_it.o
                                0x8b4 (size before relaxing)
 .debug_str     0x0000a930        0x0 build/stm32h7xx_hal_msp.o
                                0xc1d (size before relaxing)
 .debug_str     0x0000a930        0x0 build/stm32h7xx_hal_cortex.o
                               0x106f (size before relaxing)
 .debug_str     0x0000a930        0x0 build/stm32h7xx_hal_rcc.o
                                0xa09 (size before relaxing)
 .debug_str     0x0000a930        0x0 build/stm32h7xx_hal_rcc_ex.o
                                0xf14 (size before relaxing)
 .debug_str     0x0000a930        0x0 build/stm32h7xx_hal_gpio.o
                                0x6c3 (size before relaxing)
 .debug_str     0x0000a930        0x0 build/stm32h7xx_hal_pwr_ex.o
                                0xa38 (size before relaxing)
 .debug_str     0x0000a930        0x0 build/stm32h7xx_hal.o
                               0x14a9 (size before relaxing)
 .debug_str     0x0000a930        0x0 build/stm32h7xx_ll_fmc.o
                                0x8a8 (size before relaxing)
 .debug_str     0x0000a930        0x0 build/stm32h7xx_hal_sram.o
                                0xa44 (size before relaxing)
 .debug_str     0x0000a930        0x0 build/stm32h7xx_hal_qspi.o
                                0xc54 (size before relaxing)
 .debug_str     0x0000a930        0x0 build/stm32h7xx_hal_spi.o
                                0xdc3 (size before relaxing)
 .debug_str     0x0000a930        0x0 build/stm32h7xx_hal_tim.o
                               0x1858 (size before relaxing)
 .debug_str     0x0000a930        0x0 build/stm32h7xx_hal_tim_ex.o
                               0x1180 (size before relaxing)
 .debug_str     0x0000a930        0x0 build/stm32h7xx_hal_uart.o
                               0x14a2 (size before relaxing)
 .debug_str     0x0000a930        0x0 build/stm32h7xx_hal_uart_ex.o
                                0xb96 (size before relaxing)
 .debug_str     0x0000a930        0x0 build/system_stm32h7xx.o
                                0x75d (size before relaxing)
 .debug_str     0x0000a930        0x0 build/freertos.o
                                0x8aa (size before relaxing)
 .debug_str     0x0000a930        0x0 build/ad7606.o
                                0x3eb (size before relaxing)
 .debug_str     0x0000a930        0x0 build/stm32h7xx_hal_timebase_tim.o
                               0x13f9 (size before relaxing)
 .debug_str     0x0000a930        0x0 build/list.o
                                0x2ef (size before relaxing)
 .debug_str     0x0000a930        0x0 build/queue.o
                                0xd05 (size before relaxing)
 .debug_str     0x0000a930        0x0 build/tasks.o
                               0x12d4 (size before relaxing)
 .debug_str     0x0000a930        0x0 build/timers.o
                                0xc35 (size before relaxing)
 .debug_str     0x0000a930        0x0 build/cmsis_os2.o
                               0x25ba (size before relaxing)
 .debug_str     0x0000a930        0x0 build/heap_4.o
                                0x508 (size before relaxing)
 .debug_str     0x0000a930        0x0 build/port.o
                                0x46f (size before relaxing)
 .debug_str     0x0000a930        0x0 build/startup_stm32h743xx.o
                                 0x6f (size before relaxing)

.debug_frame    0x00000000     0x5118
 .debug_frame   0x00000000       0x90 build/main.o
 .debug_frame   0x00000090       0x38 build/gpio.o
 .debug_frame   0x000000c8       0xa0 build/fmc.o
 .debug_frame   0x00000168       0x68 build/quadspi.o
 .debug_frame   0x000001d0       0x7c build/spi.o
 .debug_frame   0x0000024c       0x64 build/usart.o
 .debug_frame   0x000002b0       0xa0 build/stm32h7xx_it.o
 .debug_frame   0x00000350       0x2c build/stm32h7xx_hal_msp.o
 .debug_frame   0x0000037c      0x214 build/stm32h7xx_hal_cortex.o
 .debug_frame   0x00000590      0x18c build/stm32h7xx_hal_rcc.o
 .debug_frame   0x0000071c      0x284 build/stm32h7xx_hal_rcc_ex.o
 .debug_frame   0x000009a0       0xd4 build/stm32h7xx_hal_gpio.o
 .debug_frame   0x00000a74      0x2f4 build/stm32h7xx_hal_pwr_ex.o
 .debug_frame   0x00000d68      0x360 build/stm32h7xx_hal.o
 .debug_frame   0x000010c8      0x1d8 build/stm32h7xx_ll_fmc.o
 .debug_frame   0x000012a0      0x20c build/stm32h7xx_hal_sram.o
 .debug_frame   0x000014ac      0x3dc build/stm32h7xx_hal_qspi.o
 .debug_frame   0x00001888      0x4b0 build/stm32h7xx_hal_spi.o
 .debug_frame   0x00001d38      0xb74 build/stm32h7xx_hal_tim.o
 .debug_frame   0x000028ac      0x494 build/stm32h7xx_hal_tim_ex.o
 .debug_frame   0x00002d40      0x680 build/stm32h7xx_hal_uart.o
 .debug_frame   0x000033c0      0x1c8 build/stm32h7xx_hal_uart_ex.o
 .debug_frame   0x00003588       0x4c build/system_stm32h7xx.o
 .debug_frame   0x000035d4       0x58 build/freertos.o
 .debug_frame   0x0000362c       0x84 build/ad7606.o
 .debug_frame   0x000036b0       0x50 build/stm32h7xx_hal_timebase_tim.o
 .debug_frame   0x00003700       0x70 build/list.o
 .debug_frame   0x00003770      0x458 build/queue.o
 .debug_frame   0x00003bc8      0x684 build/tasks.o
 .debug_frame   0x0000424c      0x30c build/timers.o
 .debug_frame   0x00004558      0x90c build/cmsis_os2.o
 .debug_frame   0x00004e64       0xd0 build/heap_4.o
 .debug_frame   0x00004f34      0x110 build/port.o
 .debug_frame   0x00005044       0x20 C:/Program Files/STMicroelectronics/STM32Cube/STM32CubeCLT_1.20.0/GNU-tools-for-STM32/bin/../lib/gcc/arm-none-eabi/13.3.1/../../../../arm-none-eabi/lib/thumb/v7e-m+dp/hard\libc_nano.a(libc_a-memset.o)
 .debug_frame   0x00005064       0x2c C:/Program Files/STMicroelectronics/STM32Cube/STM32CubeCLT_1.20.0/GNU-tools-for-STM32/bin/../lib/gcc/arm-none-eabi/13.3.1/../../../../arm-none-eabi/lib/thumb/v7e-m+dp/hard\libc_nano.a(libc_a-init.o)
 .debug_frame   0x00005090       0x28 C:/Program Files/STMicroelectronics/STM32Cube/STM32CubeCLT_1.20.0/GNU-tools-for-STM32/bin/../lib/gcc/arm-none-eabi/13.3.1/../../../../arm-none-eabi/lib/thumb/v7e-m+dp/hard\libc_nano.a(libc_a-memcpy-stub.o)
 .debug_frame   0x000050b8       0x2c C:/Program Files/STMicroelectronics/STM32Cube/STM32CubeCLT_1.20.0/GNU-tools-for-STM32/bin/../lib/gcc/arm-none-eabi/13.3.1/thumb/v7e-m+dp/hard\libgcc.a(_aeabi_uldivmod.o)
 .debug_frame   0x000050e4       0x34 C:/Program Files/STMicroelectronics/STM32Cube/STM32CubeCLT_1.20.0/GNU-tools-for-STM32/bin/../lib/gcc/arm-none-eabi/13.3.1/thumb/v7e-m+dp/hard\libgcc.a(_udivmoddi4.o)

Cross Reference Table

Symbol                                            File
AD7606_ConvCompleteCallback                       build/ad7606.o
AD7606_Init                                       build/ad7606.o
                                                  build/freertos.o
AD7606_ReadChannels                               build/ad7606.o
                                                  build/freertos.o
AD7606_StartConversion                            build/ad7606.o
                                                  build/freertos.o
ADC3_IRQHandler                                   build/startup_stm32h743xx.o
ADC_IRQHandler                                    build/startup_stm32h743xx.o
AdcSemaphoreHandle                                build/freertos.o
                                                  build/ad7606.o
BDMA_Channel0_IRQHandler                          build/startup_stm32h743xx.o
BDMA_Channel1_IRQHandler                          build/startup_stm32h743xx.o
BDMA_Channel2_IRQHandler                          build/startup_stm32h743xx.o
BDMA_Channel3_IRQHandler                          build/startup_stm32h743xx.o
BDMA_Channel4_IRQHandler                          build/startup_stm32h743xx.o
BDMA_Channel5_IRQHandler                          build/startup_stm32h743xx.o
BDMA_Channel6_IRQHandler                          build/startup_stm32h743xx.o
BDMA_Channel7_IRQHandler                          build/startup_stm32h743xx.o
BusFault_Handler                                  build/stm32h7xx_it.o
CEC_IRQHandler                                    build/startup_stm32h743xx.o
COMP1_IRQHandler                                  build/startup_stm32h743xx.o
CRS_IRQHandler                                    build/startup_stm32h743xx.o
D1CorePrescTable                                  build/system_stm32h7xx.o
                                                  build/stm32h7xx_hal.o
                                                  build/stm32h7xx_hal_rcc_ex.o
                                                  build/stm32h7xx_hal_rcc.o
DCMI_IRQHandler                                   build/startup_stm32h743xx.o
DFSDM1_FLT0_IRQHandler                            build/startup_stm32h743xx.o
DFSDM1_FLT1_IRQHandler                            build/startup_stm32h743xx.o
DFSDM1_FLT2_IRQHandler                            build/startup_stm32h743xx.o
DFSDM1_FLT3_IRQHandler                            build/startup_stm32h743xx.o
DMA1_Stream0_IRQHandler                           build/startup_stm32h743xx.o
DMA1_Stream1_IRQHandler                           build/startup_stm32h743xx.o
DMA1_Stream2_IRQHandler                           build/startup_stm32h743xx.o
DMA1_Stream3_IRQHandler                           build/startup_stm32h743xx.o
DMA1_Stream4_IRQHandler                           build/startup_stm32h743xx.o
DMA1_Stream5_IRQHandler                           build/startup_stm32h743xx.o
DMA1_Stream6_IRQHandler                           build/startup_stm32h743xx.o
DMA1_Stream7_IRQHandler                           build/startup_stm32h743xx.o
DMA2D_IRQHandler                                  build/startup_stm32h743xx.o
DMA2_Stream0_IRQHandler                           build/startup_stm32h743xx.o
DMA2_Stream1_IRQHandler                           build/startup_stm32h743xx.o
DMA2_Stream2_IRQHandler                           build/startup_stm32h743xx.o
DMA2_Stream3_IRQHandler                           build/startup_stm32h743xx.o
DMA2_Stream4_IRQHandler                           build/startup_stm32h743xx.o
DMA2_Stream5_IRQHandler                           build/startup_stm32h743xx.o
DMA2_Stream6_IRQHandler                           build/startup_stm32h743xx.o
DMA2_Stream7_IRQHandler                           build/startup_stm32h743xx.o
DMAMUX1_OVR_IRQHandler                            build/startup_stm32h743xx.o
DMAMUX2_OVR_IRQHandler                            build/startup_stm32h743xx.o
DebugMon_Handler                                  build/stm32h7xx_it.o
Default_Handler                                   build/startup_stm32h743xx.o
DelayBlock_Configure                              build/stm32h7xx_ll_delayblock.o
DelayBlock_Disable                                build/stm32h7xx_ll_delayblock.o
DelayBlock_Enable                                 build/stm32h7xx_ll_delayblock.o
ECC_IRQHandler                                    build/startup_stm32h743xx.o
ETH_IRQHandler                                    build/startup_stm32h743xx.o
ETH_WKUP_IRQHandler                               build/startup_stm32h743xx.o
EXTI0_IRQHandler                                  build/stm32h7xx_it.o
EXTI15_10_IRQHandler                              build/startup_stm32h743xx.o
EXTI1_IRQHandler                                  build/startup_stm32h743xx.o
EXTI2_IRQHandler                                  build/startup_stm32h743xx.o
EXTI3_IRQHandler                                  build/startup_stm32h743xx.o
EXTI4_IRQHandler                                  build/startup_stm32h743xx.o
EXTI9_5_IRQHandler                                build/startup_stm32h743xx.o
Error_Handler                                     build/main.o
                                                  build/usart.o
                                                  build/spi.o
                                                  build/quadspi.o
                                                  build/fmc.o
ExitRun0Mode                                      build/system_stm32h7xx.o
                                                  build/startup_stm32h743xx.o
FDCAN1_IT0_IRQHandler                             build/startup_stm32h743xx.o
FDCAN1_IT1_IRQHandler                             build/startup_stm32h743xx.o
FDCAN2_IT0_IRQHandler                             build/startup_stm32h743xx.o
FDCAN2_IT1_IRQHandler                             build/startup_stm32h743xx.o
FDCAN_CAL_IRQHandler                              build/startup_stm32h743xx.o
FLASH_CRC_WaitForLastOperation                    build/stm32h7xx_hal_flash.o
                                                  build/stm32h7xx_hal_flash_ex.o
FLASH_Erase_Sector                                build/stm32h7xx_hal_flash_ex.o
                                                  build/stm32h7xx_hal_flash.o
FLASH_IRQHandler                                  build/startup_stm32h743xx.o
FLASH_OB_WaitForLastOperation                     build/stm32h7xx_hal_flash.o
                                                  build/stm32h7xx_hal_flash_ex.o
FLASH_WaitForLastOperation                        build/stm32h7xx_hal_flash.o
                                                  build/stm32h7xx_hal_flash_ex.o
FMC_IRQHandler                                    build/startup_stm32h743xx.o
FMC_NAND_AttributeSpace_Timing_Init               build/stm32h7xx_ll_fmc.o
FMC_NAND_CommonSpace_Timing_Init                  build/stm32h7xx_ll_fmc.o
FMC_NAND_DeInit                                   build/stm32h7xx_ll_fmc.o
FMC_NAND_ECC_Disable                              build/stm32h7xx_ll_fmc.o
FMC_NAND_ECC_Enable                               build/stm32h7xx_ll_fmc.o
FMC_NAND_GetECC                                   build/stm32h7xx_ll_fmc.o
FMC_NAND_Init                                     build/stm32h7xx_ll_fmc.o
FMC_NORSRAM_DeInit                                build/stm32h7xx_ll_fmc.o
                                                  build/stm32h7xx_hal_sram.o
FMC_NORSRAM_Extended_Timing_Init                  build/stm32h7xx_ll_fmc.o
                                                  build/stm32h7xx_hal_sram.o
FMC_NORSRAM_Init                                  build/stm32h7xx_ll_fmc.o
                                                  build/stm32h7xx_hal_sram.o
FMC_NORSRAM_Timing_Init                           build/stm32h7xx_ll_fmc.o
                                                  build/stm32h7xx_hal_sram.o
FMC_NORSRAM_WriteOperation_Disable                build/stm32h7xx_ll_fmc.o
                                                  build/stm32h7xx_hal_sram.o
FMC_NORSRAM_WriteOperation_Enable                 build/stm32h7xx_ll_fmc.o
                                                  build/stm32h7xx_hal_sram.o
FMC_SDRAM_DeInit                                  build/stm32h7xx_ll_fmc.o
FMC_SDRAM_GetModeStatus                           build/stm32h7xx_ll_fmc.o
FMC_SDRAM_Init                                    build/stm32h7xx_ll_fmc.o
FMC_SDRAM_ProgramRefreshRate                      build/stm32h7xx_ll_fmc.o
FMC_SDRAM_SendCommand                             build/stm32h7xx_ll_fmc.o
FMC_SDRAM_SetAutoRefreshNumber                    build/stm32h7xx_ll_fmc.o
FMC_SDRAM_Timing_Init                             build/stm32h7xx_ll_fmc.o
FMC_SDRAM_WriteProtection_Disable                 build/stm32h7xx_ll_fmc.o
FMC_SDRAM_WriteProtection_Enable                  build/stm32h7xx_ll_fmc.o
FPU_IRQHandler                                    build/startup_stm32h743xx.o
HAL_DBGMCU_DisableDBGSleepMode                    build/stm32h7xx_hal.o
HAL_DBGMCU_DisableDBGStandbyMode                  build/stm32h7xx_hal.o
HAL_DBGMCU_DisableDBGStopMode                     build/stm32h7xx_hal.o
HAL_DBGMCU_EnableDBGSleepMode                     build/stm32h7xx_hal.o
HAL_DBGMCU_EnableDBGStandbyMode                   build/stm32h7xx_hal.o
HAL_DBGMCU_EnableDBGStopMode                      build/stm32h7xx_hal.o
HAL_DMAEx_ChangeMemory                            build/stm32h7xx_hal_dma_ex.o
HAL_DMAEx_ConfigMuxRequestGenerator               build/stm32h7xx_hal_dma_ex.o
HAL_DMAEx_ConfigMuxSync                           build/stm32h7xx_hal_dma_ex.o
HAL_DMAEx_DisableMuxRequestGenerator              build/stm32h7xx_hal_dma_ex.o
HAL_DMAEx_EnableMuxRequestGenerator               build/stm32h7xx_hal_dma_ex.o
HAL_DMAEx_MUX_IRQHandler                          build/stm32h7xx_hal_dma_ex.o
HAL_DMAEx_MultiBufferStart                        build/stm32h7xx_hal_dma_ex.o
HAL_DMAEx_MultiBufferStart_IT                     build/stm32h7xx_hal_dma_ex.o
HAL_DMA_Abort                                     build/stm32h7xx_hal_dma.o
                                                  build/stm32h7xx_hal_uart.o
                                                  build/stm32h7xx_hal_spi.o
HAL_DMA_Abort_IT                                  build/stm32h7xx_hal_dma.o
                                                  build/stm32h7xx_hal_uart.o
                                                  build/stm32h7xx_hal_tim_ex.o
                                                  build/stm32h7xx_hal_tim.o
                                                  build/stm32h7xx_hal_spi.o
                                                  build/stm32h7xx_hal_i2c.o