Archive member included to satisfy reference by file (symbol)

C:/Program Files/STMicroelectronics/STM32Cube/STM32CubeCLT_1.20.0/GNU-tools-for-STM32/bin/../lib/gcc/arm-none-eabi/13.3.1/../../../../arm-none-eabi/lib/thumb/v7e-m+dp/hard\libc_nano.a(libc_a-exit.o)
                              C:/Program Files/STMicroelectronics/STM32Cube/STM32CubeCLT_1.20.0/GNU-tools-for-STM32/bin/../lib/gcc/arm-none-eabi/13.3.1/../../../../arm-none-eabi/lib/thumb/v7e-m+dp/hard/crt0.o (exit)
C:/Program Files/STMicroelectronics/STM32Cube/STM32CubeCLT_1.20.0/GNU-tools-for-STM32/bin/../lib/gcc/arm-none-eabi/13.3.1/../../../../arm-none-eabi/lib/thumb/v7e-m+dp/hard\libc_nano.a(libc_a-findfp.o)
                              C:/Program Files/STMicroelectronics/STM32Cube/STM32CubeCLT_1.20.0/GNU-tools-for-STM32/bin/../lib/gcc/arm-none-eabi/13.3.1/../../../../arm-none-eabi/lib/thumb/v7e-m+dp/hard\libc_nano.a(libc_a-exit.o) (__stdio_exit_handler)
C:/Program Files/STMicroelectronics/STM32Cube/STM32CubeCLT_1.20.0/GNU-tools-for-STM32/bin/../lib/gcc/arm-none-eabi/13.3.1/../../../../arm-none-eabi/lib/thumb/v7e-m+dp/hard\libc_nano.a(libc_a-fwalk.o)
                              C:/Program Files/STMicroelectronics/STM32Cube/STM32CubeCLT_1.20.0/GNU-tools-for-STM32/bin/../lib/gcc/arm-none-eabi/13.3.1/../../../../arm-none-eabi/lib/thumb/v7e-m+dp/hard\libc_nano.a(libc_a-findfp.o) (_fwalk_sglue)
C:/Program Files/STMicroelectronics/STM32Cube/STM32CubeCLT_1.20.0/GNU-tools-for-STM32/bin/../lib/gcc/arm-none-eabi/13.3.1/../../../../arm-none-eabi/lib/thumb/v7e-m+dp/hard\libc_nano.a(libc_a-stdio.o)
                              C:/Program Files/STMicroelectronics/STM32Cube/STM32CubeCLT_1.20.0/GNU-tools-for-STM32/bin/../lib/gcc/arm-none-eabi/13.3.1/../../../../arm-none-eabi/lib/thumb/v7e-m+dp/hard\libc_nano.a(libc_a-findfp.o) (__sread)
C:/Program Files/STMicroelectronics/STM32Cube/STM32CubeCLT_1.20.0/GNU-tools-for-STM32/bin/../lib/gcc/arm-none-eabi/13.3.1/../../../../arm-none-eabi/lib/thumb/v7e-m+dp/hard\libc_nano.a(libc_a-memset.o)
                              C:/Program Files/STMicroelectronics/STM32Cube/STM32CubeCLT_1.20.0/GNU-tools-for-STM32/bin/../lib/gcc/arm-none-eabi/13.3.1/../../../../arm-none-eabi/lib/thumb/v7e-m+dp/hard/crt0.o (memset)
C:/Program Files/STMicroelectronics/STM32Cube/STM32CubeCLT_1.20.0/GNU-tools-for-STM32/bin/../lib/gcc/arm-none-eabi/13.3.1/../../../../arm-none-eabi/lib/thumb/v7e-m+dp/hard\libc_nano.a(libc_a-closer.o)
                              C:/Program Files/STMicroelectronics/STM32Cube/STM32CubeCLT_1.20.0/GNU-tools-for-STM32/bin/../lib/gcc/arm-none-eabi/13.3.1/../../../../arm-none-eabi/lib/thumb/v7e-m+dp/hard\libc_nano.a(libc_a-stdio.o) (_close_r)
C:/Program Files/STMicroelectronics/STM32Cube/STM32CubeCLT_1.20.0/GNU-tools-for-STM32/bin/../lib/gcc/arm-none-eabi/13.3.1/../../../../arm-none-eabi/lib/thumb/v7e-m+dp/hard\libc_nano.a(libc_a-reent.o)
                              C:/Program Files/STMicroelectronics/STM32Cube/STM32CubeCLT_1.20.0/GNU-tools-for-STM32/bin/../lib/gcc/arm-none-eabi/13.3.1/../../../../arm-none-eabi/lib/thumb/v7e-m+dp/hard\libc_nano.a(libc_a-closer.o) (errno)
C:/Program Files/STMicroelectronics/STM32Cube/STM32CubeCLT_1.20.0/GNU-tools-for-STM32/bin/../lib/gcc/arm-none-eabi/13.3.1/../../../../arm-none-eabi/lib/thumb/v7e-m+dp/hard\libc_nano.a(libc_a-impure.o)
                              C:/Program Files/STMicroelectronics/STM32Cube/STM32CubeCLT_1.20.0/GNU-tools-for-STM32/bin/../lib/gcc/arm-none-eabi/13.3.1/../../../../arm-none-eabi/lib/thumb/v7e-m+dp/hard\libc_nano.a(libc_a-reent.o) (_impure_ptr)
C:/Program Files/STMicroelectronics/STM32Cube/STM32CubeCLT_1.20.0/GNU-tools-for-STM32/bin/../lib/gcc/arm-none-eabi/13.3.1/../../../../arm-none-eabi/lib/thumb/v7e-m+dp/hard\libc_nano.a(libc_a-lseekr.o)
                              C:/Program Files/STMicroelectronics/STM32Cube/STM32CubeCLT_1.20.0/GNU-tools-for-STM32/bin/../lib/gcc/arm-none-eabi/13.3.1/../../../../arm-none-eabi/lib/thumb/v7e-m+dp/hard\libc_nano.a(libc_a-stdio.o) (_lseek_r)
C:/Program Files/STMicroelectronics/STM32Cube/STM32CubeCLT_1.20.0/GNU-tools-for-STM32/bin/../lib/gcc/arm-none-eabi/13.3.1/../../../../arm-none-eabi/lib/thumb/v7e-m+dp/hard\libc_nano.a(libc_a-readr.o)
                              C:/Program Files/STMicroelectronics/STM32Cube/STM32CubeCLT_1.20.0/GNU-tools-for-STM32/bin/../lib/gcc/arm-none-eabi/13.3.1/../../../../arm-none-eabi/lib/thumb/v7e-m+dp/hard\libc_nano.a(libc_a-stdio.o) (_read_r)
C:/Program Files/STMicroelectronics/STM32Cube/STM32CubeCLT_1.20.0/GNU-tools-for-STM32/bin/../lib/gcc/arm-none-eabi/13.3.1/../../../../arm-none-eabi/lib/thumb/v7e-m+dp/hard\libc_nano.a(libc_a-writer.o)
                              C:/Program Files/STMicroelectronics/STM32Cube/STM32CubeCLT_1.20.0/GNU-tools-for-STM32/bin/../lib/gcc/arm-none-eabi/13.3.1/../../../../arm-none-eabi/lib/thumb/v7e-m+dp/hard\libc_nano.a(libc_a-stdio.o) (_write_r)
[...]
Memory Configuration

Name             Origin             Length             Attributes
DTCMRAM          0x20000000         0x00020000         xrw
RAM              0x24000000         0x00080000         xrw
RAM_D2           0x30000000         0x00048000         xrw
RAM_D3           0x38000000         0x00010000         xrw
ITCMRAM          0x00000000         0x00010000         xrw
FLASH            0x08000000         0x00200000         xr
*default*        0x00000000         0xffffffff

Linker script and memory map

LOAD C:/Program Files/STMicroelectronics/STM32Cube/STM32CubeCLT_1.20.0/GNU-tools-for-STM32/bin/../lib/gcc/arm-none-eabi/13.3.1/thumb/v7e-m+dp/hard/crti.o
LOAD C:/Program Files/STMicroelectronics/STM32Cube/STM32CubeCLT_1.20.0/GNU-tools-for-STM32/bin/../lib/gcc/arm-none-eabi/13.3.1/thumb/v7e-m+dp/hard/crtbegin.o
LOAD C:/Program Files/STMicroelectronics/STM32Cube/STM32CubeCLT_1.20.0/GNU-tools-for-STM32/bin/../lib/gcc/arm-none-eabi/13.3.1/../../../../arm-none-eabi/lib/thumb/v7e-m+dp/hard/crt0.o
LOAD build/main.o
LOAD build/gpio.o
LOAD build/fmc.o
LOAD build/quadspi.o
LOAD build/spi.o
LOAD build/usart.o
LOAD build/stm32h7xx_it.o
LOAD build/stm32h7xx_hal_msp.o
LOAD build/stm32h7xx_hal_cortex.o
LOAD build/stm32h7xx_hal_rcc.o
LOAD build/stm32h7xx_hal_rcc_ex.o
LOAD build/stm32h7xx_hal_flash.o
LOAD build/stm32h7xx_hal_flash_ex.o
LOAD build/stm32h7xx_hal_gpio.o
LOAD build/stm32h7xx_hal_hsem.o
LOAD build/stm32h7xx_hal_dma.o
LOAD build/stm32h7xx_hal_dma_ex.o
LOAD build/stm32h7xx_hal_mdma.o
LOAD build/stm32h7xx_hal_pwr.o
LOAD build/stm32h7xx_hal_pwr_ex.o
LOAD build/stm32h7xx_hal.o
LOAD build/stm32h7xx_hal_i2c.o
LOAD build/stm32h7xx_hal_i2c_ex.o
LOAD build/stm32h7xx_hal_exti.o
LOAD build/stm32h7xx_ll_fmc.o
LOAD build/stm32h7xx_hal_nor.o
LOAD build/stm32h7xx_hal_sram.o
LOAD build/stm32h7xx_hal_nand.o
LOAD build/stm32h7xx_hal_sdram.o
LOAD build/stm32h7xx_hal_qspi.o
LOAD build/stm32h7xx_ll_delayblock.o
LOAD build/stm32h7xx_hal_spi.o
LOAD build/stm32h7xx_hal_spi_ex.o
LOAD build/stm32h7xx_hal_tim.o
LOAD build/stm32h7xx_hal_tim_ex.o
LOAD build/stm32h7xx_hal_uart.o
LOAD build/stm32h7xx_hal_uart_ex.o
LOAD build/system_stm32h7xx.o
LOAD build/sysmem.o
LOAD build/syscalls.o
LOAD build/startup_stm32h743xx.o
LOAD C:/Program Files/STMicroelectronics/STM32Cube/STM32CubeCLT_1.20.0/GNU-tools-for-STM32/bin/../lib/gcc/arm-none-eabi/13.3.1/../../../../arm-none-eabi/lib/thumb/v7e-m+dp/hard\libc_nano.a
LOAD C:/Program Files/STMicroelectronics/STM32Cube/STM32CubeCLT_1.20.0/GNU-tools-for-STM32/bin/../lib/gcc/arm-none-eabi/13.3.1/../../../../arm-none-eabi/lib/thumb/v7e-m+dp/hard\libm.a
LOAD C:/Program Files/STMicroelectronics/STM32Cube/STM32CubeCLT_1.20.0/GNU-tools-for-STM32/bin/../lib/gcc/arm-none-eabi/13.3.1/../../../../arm-none-eabi/lib/thumb/v7e-m+dp/hard\libnosys.a
START GROUP
LOAD C:/Program Files/STMicroelectronics/STM32Cube/STM32CubeCLT_1.20.0/GNU-tools-for-STM32/bin/../lib/gcc/arm-none-eabi/13.3.1/thumb/v7e-m+dp/hard\libgcc.a
LOAD C:/Program Files/STMicroelectronics/STM32Cube/STM32CubeCLT_1.20.0/GNU-tools-for-STM32/bin/../lib/gcc/arm-none-eabi/13.3.1/../../../../arm-none-eabi/lib/thumb/v7e-m+dp/hard\libc_nano.a
END GROUP
START GROUP
LOAD C:/Program Files/STMicroelectronics/STM32Cube/STM32CubeCLT_1.20.0/GNU-tools-for-STM32/bin/../lib/gcc/arm-none-eabi/13.3.1/thumb/v7e-m+dp/hard\libgcc.a
LOAD C:/Program Files/STMicroelectronics/STM32Cube/STM32CubeCLT_1.20.0/GNU-tools-for-STM32/bin/../lib/gcc/arm-none-eabi/13.3.1/../../../../arm-none-eabi/lib/thumb/v7e-m+dp/hard\libc_nano.a
END GROUP
LOAD C:/Program Files/STMicroelectronics/STM32Cube/STM32CubeCLT_1.20.0/GNU-tools-for-STM32/bin/../lib/gcc/arm-none-eabi/13.3.1/thumb/v7e-m+dp/hard/crtend.o
LOAD C:/Program Files/STMicroelectronics/STM32Cube/STM32CubeCLT_1.20.0/GNU-tools-for-STM32/bin/../lib/gcc/arm-none-eabi/13.3.1/thumb/v7e-m+dp/hard/crtn.o
                0x20020000                        _estack = (ORIGIN (DTCMRAM) + LENGTH (DTCMRAM))
                0x00000200                        _Min_Heap_Size = 0x200
                0x00000400                        _Min_Stack_Size = 0x400

.isr_vector     0x08000000      0x298
                0x08000000                        . = ALIGN (0x4)
 *(.isr_vector)
 .isr_vector    0x08000000      0x298 build/startup_stm32h743xx.o
                0x08000000                g_pfnVectors
                0x08000298                        . = ALIGN (0x4)

.text           0x08000298     0x3d3c
                0x08000298                        . = ALIGN (0x4)
 *(.text)
 .text          0x08000298       0x40 C:/Program Files/STMicroelectronics/STM32Cube/STM32CubeCLT_1.20.0/GNU-tools-for-STM32/bin/../lib/gcc/arm-none-eabi/13.3.1/thumb/v7e-m+dp/hard/crtbegin.o
 .text          0x080002d8       0x30 C:/Program Files/STMicroelectronics/STM32Cube/STM32CubeCLT_1.20.0/GNU-tools-for-STM32/bin/../lib/gcc/arm-none-eabi/13.3.1/thumb/v7e-m+dp/hard\libgcc.a(_aeabi_uldivmod.o)
                0x080002d8                __aeabi_uldivmod
 .text          0x08000308      0x2f8 C:/Program Files/STMicroelectronics/STM32Cube/STM32CubeCLT_1.20.0/GNU-tools-for-STM32/bin/../lib/gcc/arm-none-eabi/13.3.1/thumb/v7e-m+dp/hard\libgcc.a(_udivmoddi4.o)
                0x08000308                __udivmoddi4
 .text          0x08000600        0x4 C:/Program Files/STMicroelectronics/STM32Cube/STM32CubeCLT_1.20.0/GNU-tools-for-STM32/bin/../lib/gcc/arm-none-eabi/13.3.1/thumb/v7e-m+dp/hard\libgcc.a(_dvmd_tls.o)
                0x08000600                __aeabi_idiv0
                0x08000600                __aeabi_ldiv0
 *(.text*)
 .text.MPU_Config
                0x08000604       0x52 build/main.o
 .text.Error_Handler
                0x08000656        0x4 build/main.o
                0x08000656                Error_Handler
 *fill*         0x0800065a        0x2 
 .text.SystemClock_Config
                0x0800065c       0xbc build/main.o
                0x0800065c                SystemClock_Config
 .text.main     0x08000718       0x5c build/main.o
                0x08000718                main
 .text.MX_GPIO_Init
                0x08000774      0x114 build/gpio.o
                0x08000774                MX_GPIO_Init
 .text.HAL_FMC_MspInit
                0x08000888       0xf4 build/fmc.o
 .text.MX_FMC_Init
                0x0800097c       0xf0 build/fmc.o
                0x0800097c                MX_FMC_Init
 .text.HAL_SRAM_MspInit
                0x08000a6c        0x8 build/fmc.o
                0x08000a6c                HAL_SRAM_MspInit
 .text.MX_QUADSPI_Init
                0x08000a74       0x3c build/quadspi.o
                0x08000a74                MX_QUADSPI_Init
 .text.HAL_QSPI_MspInit
                0x08000ab0      0x118 build/quadspi.o
                0x08000ab0                HAL_QSPI_MspInit
 .text.MX_SPI1_Init
                0x08000bc8       0x5c build/spi.o
                0x08000bc8                MX_SPI1_Init
 .text.HAL_SPI_MspInit
                0x08000c24       0x98 build/spi.o
                0x08000c24                HAL_SPI_MspInit
 .text.MX_UART4_Init
                0x08000cbc       0x68 build/usart.o
                0x08000cbc                MX_UART4_Init
 .text.HAL_UART_MspInit
                0x08000d24       0x98 build/usart.o
                0x08000d24                HAL_UART_MspInit
 .text.NMI_Handler
                0x08000dbc        0x2 build/stm32h7xx_it.o
                0x08000dbc                NMI_Handler
 .text.HardFault_Handler
                0x08000dbe        0x2 build/stm32h7xx_it.o
                0x08000dbe                HardFault_Handler
 .text.MemManage_Handler
                0x08000dc0        0x2 build/stm32h7xx_it.o
                0x08000dc0                MemManage_Handler
 .text.BusFault_Handler
                0x08000dc2        0x2 build/stm32h7xx_it.o
                0x08000dc2                BusFault_Handler
 .text.UsageFault_Handler
                0x08000dc4        0x2 build/stm32h7xx_it.o
                0x08000dc4                UsageFault_Handler
 .text.SVC_Handler
                0x08000dc6        0x2 build/stm32h7xx_it.o
                0x08000dc6                SVC_Handler
 .text.DebugMon_Handler
                0x08000dc8        0x2 build/stm32h7xx_it.o
                0x08000dc8                DebugMon_Handler
 .text.PendSV_Handler
                0x08000dca        0x2 build/stm32h7xx_it.o
                0x08000dca                PendSV_Handler
 .text.SysTick_Handler
                0x08000dcc        0x8 build/stm32h7xx_it.o
                0x08000dcc                SysTick_Handler
 .text.HAL_MspInit
                0x08000dd4       0x24 build/stm32h7xx_hal_msp.o
                0x08000dd4                HAL_MspInit
 .text.__NVIC_SetPriority
                0x08000df8       0x24 build/stm32h7xx_hal_cortex.o
 .text.NVIC_EncodePriority
                0x08000e1c       0x3e build/stm32h7xx_hal_cortex.o
 *fill*         0x08000e5a        0x2 
 .text.HAL_NVIC_SetPriorityGrouping
                0x08000e5c       0x24 build/stm32h7xx_hal_cortex.o
                0x08000e5c                HAL_NVIC_SetPriorityGrouping
 .text.HAL_NVIC_SetPriority
                0x08000e80       0x20 build/stm32h7xx_hal_cortex.o
                0x08000e80                HAL_NVIC_SetPriority
 .text.HAL_SYSTICK_Config
                0x08000ea0       0x28 build/stm32h7xx_hal_cortex.o
                0x08000ea0                HAL_SYSTICK_Config
 .text.HAL_MPU_Disable
                0x08000ec8       0x1c build/stm32h7xx_hal_cortex.o
                0x08000ec8                HAL_MPU_Disable
 .text.HAL_MPU_Enable
                0x08000ee4       0x20 build/stm32h7xx_hal_cortex.o
                0x08000ee4                HAL_MPU_Enable
 .text.HAL_MPU_ConfigRegion
                0x08000f04       0x58 build/stm32h7xx_hal_cortex.o
                0x08000f04                HAL_MPU_ConfigRegion
 .text.HAL_RCC_OscConfig
                0x08000f5c      0x6b0 build/stm32h7xx_hal_rcc.o
                0x08000f5c                HAL_RCC_OscConfig
 .text.HAL_RCC_GetSysClockFreq
                0x0800160c      0x1f8 build/stm32h7xx_hal_rcc.o
                0x0800160c                HAL_RCC_GetSysClockFreq
 .text.HAL_RCC_ClockConfig
                0x08001804      0x294 build/stm32h7xx_hal_rcc.o
                0x08001804                HAL_RCC_ClockConfig
 .text.HAL_RCC_GetHCLKFreq
                0x08001a98       0x44 build/stm32h7xx_hal_rcc.o
                0x08001a98                HAL_RCC_GetHCLKFreq
 .text.HAL_RCC_GetPCLK1Freq
                0x08001adc       0x24 build/stm32h7xx_hal_rcc.o
                0x08001adc                HAL_RCC_GetPCLK1Freq
 .text.HAL_RCC_GetPCLK2Freq
                0x08001b00       0x24 build/stm32h7xx_hal_rcc.o
                0x08001b00                HAL_RCC_GetPCLK2Freq
 .text.RCCEx_PLL2_Config
                0x08001b24      0x108 build/stm32h7xx_hal_rcc_ex.o
 .text.RCCEx_PLL3_Config
                0x08001c2c      0x108 build/stm32h7xx_hal_rcc_ex.o
 .text.HAL_RCCEx_PeriphCLKConfig
                0x08001d34      0xaac build/stm32h7xx_hal_rcc_ex.o
                0x08001d34                HAL_RCCEx_PeriphCLKConfig
 .text.HAL_RCCEx_GetD3PCLK1Freq
                0x080027e0       0x24 build/stm32h7xx_hal_rcc_ex.o
                0x080027e0                HAL_RCCEx_GetD3PCLK1Freq
 .text.HAL_RCCEx_GetPLL2ClockFreq
                0x08002804      0x200 build/stm32h7xx_hal_rcc_ex.o
                0x08002804                HAL_RCCEx_GetPLL2ClockFreq
 .text.HAL_RCCEx_GetPLL3ClockFreq
                0x08002a04      0x200 build/stm32h7xx_hal_rcc_ex.o
                0x08002a04                HAL_RCCEx_GetPLL3ClockFreq
 .text.HAL_GPIO_Init
                0x08002c04      0x220 build/stm32h7xx_hal_gpio.o
                0x08002c04                HAL_GPIO_Init
 .text.HAL_GPIO_WritePin
                0x08002e24        0xc build/stm32h7xx_hal_gpio.o
                0x08002e24                HAL_GPIO_WritePin
 .text.HAL_GPIO_TogglePin
                0x08002e30       0x12 build/stm32h7xx_hal_gpio.o
                0x08002e30                HAL_GPIO_TogglePin
 *fill*         0x08002e42        0x2 
 .text.HAL_PWREx_ConfigSupply
                0x08002e44       0x54 build/stm32h7xx_hal_pwr_ex.o
                0x08002e44                HAL_PWREx_ConfigSupply
 .text.HAL_InitTick
                0x08002e98       0x50 build/stm32h7xx_hal.o
                0x08002e98                HAL_InitTick
 .text.HAL_Init
                0x08002ee8       0x5c build/stm32h7xx_hal.o
                0x08002ee8                HAL_Init
 .text.HAL_IncTick
                0x08002f44       0x18 build/stm32h7xx_hal.o
                0x08002f44                HAL_IncTick
 .text.HAL_GetTick
                0x08002f5c        0xc build/stm32h7xx_hal.o
                0x08002f5c                HAL_GetTick
 .text.HAL_Delay
                0x08002f68       0x28 build/stm32h7xx_hal.o
                0x08002f68                HAL_Delay
 .text.HAL_GetREVID
                0x08002f90        0xc build/stm32h7xx_hal.o
                0x08002f90                HAL_GetREVID
 .text.HAL_SYSCFG_AnalogSwitchConfig
                0x08002f9c       0x14 build/stm32h7xx_hal.o
                0x08002f9c                HAL_SYSCFG_AnalogSwitchConfig
 .text.FMC_NORSRAM_Init
                0x08002fb0       0x94 build/stm32h7xx_ll_fmc.o
                0x08002fb0                FMC_NORSRAM_Init
 .text.FMC_NORSRAM_Timing_Init
                0x08003044       0x5c build/stm32h7xx_ll_fmc.o
                0x08003044                FMC_NORSRAM_Timing_Init
 .text.FMC_NORSRAM_Extended_Timing_Init
                0x080030a0       0x44 build/stm32h7xx_ll_fmc.o
                0x080030a0                FMC_NORSRAM_Extended_Timing_Init
 .text.HAL_SRAM_Init
                0x080030e4       0x68 build/stm32h7xx_hal_sram.o
                0x080030e4                HAL_SRAM_Init
 .text.QSPI_WaitFlagStateUntilTimeout
                0x0800314c       0x54 build/stm32h7xx_hal_qspi.o
 .text.HAL_QSPI_SetTimeout
                0x080031a0        0x4 build/stm32h7xx_hal_qspi.o
                0x080031a0                HAL_QSPI_SetTimeout
 .text.HAL_QSPI_Init
                0x080031a4       0xa8 build/stm32h7xx_hal_qspi.o
                0x080031a4                HAL_QSPI_Init
 .text.SPI_GetPacketSize
                0x0800324c       0x10 build/stm32h7xx_hal_spi.o
 .text.HAL_SPI_Init
                0x0800325c      0x190 build/stm32h7xx_hal_spi.o
                0x0800325c                HAL_SPI_Init
 .text.UART_EndRxTransfer
                0x080033ec       0x58 build/stm32h7xx_hal_uart.o
 .text.UART_SetConfig
                0x08003444      0x5fc build/stm32h7xx_hal_uart.o
                0x08003444                UART_SetConfig
 .text.UART_AdvFeatureConfig
                0x08003a40       0xca build/stm32h7xx_hal_uart.o
                0x08003a40                UART_AdvFeatureConfig
 .text.UART_WaitOnFlagUntilTimeout
                0x08003b0a       0xa6 build/stm32h7xx_hal_uart.o
                0x08003b0a                UART_WaitOnFlagUntilTimeout
 .text.UART_CheckIdleState
                0x08003bb0       0xca build/stm32h7xx_hal_uart.o
                0x08003bb0                UART_CheckIdleState
 .text.HAL_UART_Init
                0x08003c7a       0x66 build/stm32h7xx_hal_uart.o
                0x08003c7a                HAL_UART_Init
 .text.UARTEx_SetNbDataToProcess
                0x08003ce0       0x4c build/stm32h7xx_hal_uart_ex.o
 .text.HAL_UARTEx_DisableFifoMode
                0x08003d2c       0x3e build/stm32h7xx_hal_uart_ex.o
                0x08003d2c                HAL_UARTEx_DisableFifoMode
 .text.HAL_UARTEx_SetTxFifoThreshold
                0x08003d6a       0x4a build/stm32h7xx_hal_uart_ex.o
                0x08003d6a                HAL_UARTEx_SetTxFifoThreshold
 .text.HAL_UARTEx_SetRxFifoThreshold
                0x08003db4       0x4a build/stm32h7xx_hal_uart_ex.o
                0x08003db4                HAL_UARTEx_SetRxFifoThreshold
 *fill*         0x08003dfe        0x2 
 .text.SystemInit
                0x08003e00       0xf0 build/system_stm32h7xx.o
                0x08003e00                SystemInit
 .text.ExitRun0Mode
                0x08003ef0       0x1c build/system_stm32h7xx.o
                0x08003ef0                ExitRun0Mode
 .text.Reset_Handler
                0x08003f0c       0x54 build/startup_stm32h743xx.o
                0x08003f0c                Reset_Handler
 .text.Default_Handler
                0x08003f60        0x2 build/startup_stm32h743xx.o
                0x08003f60                RTC_Alarm_IRQHandler
                0x08003f60                EXTI2_IRQHandler
                0x08003f60                TIM8_CC_IRQHandler
                0x08003f60                HRTIM1_Master_IRQHandler
                0x08003f60                UART8_IRQHandler
                0x08003f60                SPI4_IRQHandler
                0x08003f60                TIM1_CC_IRQHandler
                0x08003f60                BDMA_Channel6_IRQHandler
                0x08003f60                DMA2_Stream5_IRQHandler
                0x08003f60                HRTIM1_FLT_IRQHandler
                0x08003f60                JPEG_IRQHandler
                0x08003f60                DMA1_Stream5_IRQHandler
                0x08003f60                BDMA_Channel1_IRQHandler
                0x08003f60                HRTIM1_TIMD_IRQHandler
                0x08003f60                TAMP_STAMP_IRQHandler
                0x08003f60                EXTI3_IRQHandler
                0x08003f60                LPTIM4_IRQHandler
                0x08003f60                TIM8_TRG_COM_TIM14_IRQHandler
                0x08003f60                LPTIM2_IRQHandler
                0x08003f60                DFSDM1_FLT1_IRQHandler
                0x08003f60                DMAMUX2_OVR_IRQHandler
                0x08003f60                TIM8_UP_TIM13_IRQHandler
                0x08003f60                I2C3_ER_IRQHandler
                0x08003f60                DFSDM1_FLT2_IRQHandler
                0x08003f60                MDMA_IRQHandler
                0x08003f60                LPTIM3_IRQHandler
                0x08003f60                HSEM1_IRQHandler
                0x08003f60                EXTI0_IRQHandler
                0x08003f60                I2C2_EV_IRQHandler
                0x08003f60                DMA1_Stream2_IRQHandler
                0x08003f60                FPU_IRQHandler
                0x08003f60                OTG_HS_WKUP_IRQHandler
                0x08003f60                FDCAN1_IT1_IRQHandler
                0x08003f60                LTDC_ER_IRQHandler
                0x08003f60                DMA2_Stream2_IRQHandler
                0x08003f60                HRTIM1_TIME_IRQHandler
                0x08003f60                SPI1_IRQHandler
                0x08003f60                TIM6_DAC_IRQHandler
                0x08003f60                DCMI_IRQHandler
                0x08003f60                HRTIM1_TIMC_IRQHandler
                0x08003f60                DMA2_Stream3_IRQHandler
                0x08003f60                SAI2_IRQHandler
                0x08003f60                DFSDM1_FLT3_IRQHandler
                0x08003f60                USART6_IRQHandler
                0x08003f60                TIM17_IRQHandler
                0x08003f60                USART3_IRQHandler
                0x08003f60                BDMA_Channel7_IRQHandler
                0x08003f60                LPTIM5_IRQHandler
                0x08003f60                UART5_IRQHandler
                0x08003f60                ADC3_IRQHandler
                0x08003f60                DMA2_Stream0_IRQHandler
                0x08003f60                TIM4_IRQHandler
                0x08003f60                BDMA_Channel2_IRQHandler
                0x08003f60                QUADSPI_IRQHandler
                0x08003f60                I2C1_EV_IRQHandler
                0x08003f60                DMA1_Stream6_IRQHandler
                0x08003f60                DMAMUX1_OVR_IRQHandler
                0x08003f60                DMA1_Stream1_IRQHandler
                0x08003f60                TIM16_IRQHandler
                0x08003f60                UART4_IRQHandler
                0x08003f60                BDMA_Channel5_IRQHandler
                0x08003f60                TIM3_IRQHandler
                0x08003f60                RCC_IRQHandler
                0x08003f60                TIM8_BRK_TIM12_IRQHandler
                0x08003f60                TIM1_TRG_COM_IRQHandler
                0x08003f60                Default_Handler
                0x08003f60                ECC_IRQHandler
                0x08003f60                CEC_IRQHandler
                0x08003f60                EXTI15_10_IRQHandler
                0x08003f60                BDMA_Channel0_IRQHandler
                0x08003f60                ADC_IRQHandler
                0x08003f60                DMA1_Stream7_IRQHandler
                0x08003f60                HRTIM1_TIMA_IRQHandler
                0x08003f60                SPI5_IRQHandler
                0x08003f60                TIM7_IRQHandler
                0x08003f60                SDMMC1_IRQHandler
                0x08003f60                TIM5_IRQHandler
                0x08003f60                DMA2_Stream7_IRQHandler
                0x08003f60                TIM15_IRQHandler
                0x08003f60                PVD_AVD_IRQHandler
                0x08003f60                I2C3_EV_IRQHandler
                0x08003f60                EXTI9_5_IRQHandler
                0x08003f60                RTC_WKUP_IRQHandler
                0x08003f60                LTDC_IRQHandler
                0x08003f60                SAI3_IRQHandler
                0x08003f60                ETH_WKUP_IRQHandler
                0x08003f60                SPDIF_RX_IRQHandler
                0x08003f60                SPI2_IRQHandler
                0x08003f60                OTG_HS_EP1_IN_IRQHandler
                0x08003f60                DMA1_Stream0_IRQHandler
                0x08003f60                CRS_IRQHandler
                0x08003f60                EXTI4_IRQHandler
                0x08003f60                RNG_IRQHandler
                0x08003f60                HRTIM1_TIMB_IRQHandler
                0x08003f60                FDCAN2_IT1_IRQHandler
                0x08003f60                ETH_IRQHandler
                0x08003f60                TIM1_UP_IRQHandler
                0x08003f60                BDMA_Channel4_IRQHandler
                0x08003f60                OTG_HS_EP1_OUT_IRQHandler
                0x08003f60                WWDG_IRQHandler
                0x08003f60                SPI6_IRQHandler
                0x08003f60                MDIOS_IRQHandler
                0x08003f60                I2C4_EV_IRQHandler
                0x08003f60                FDCAN2_IT0_IRQHandler
                0x08003f60                LPUART1_IRQHandler
                0x08003f60                FDCAN1_IT0_IRQHandler
                0x08003f60                TIM2_IRQHandler
                0x08003f60                OTG_FS_WKUP_IRQHandler
                0x08003f60                OTG_HS_IRQHandler
                0x08003f60                DMA2D_IRQHandler
                0x08003f60                TIM1_BRK_IRQHandler
                0x08003f60                EXTI1_IRQHandler
                0x08003f60                SDMMC2_IRQHandler
                0x08003f60                OTG_FS_EP1_OUT_IRQHandler
                0x08003f60                BDMA_Channel3_IRQHandler
                0x08003f60                UART7_IRQHandler
                0x08003f60                MDIOS_WKUP_IRQHandler
                0x08003f60                USART2_IRQHandler
                0x08003f60                DFSDM1_FLT0_IRQHandler
                0x08003f60                SAI4_IRQHandler
                0x08003f60                I2C2_ER_IRQHandler
                0x08003f60                DMA2_Stream1_IRQHandler
                0x08003f60                FLASH_IRQHandler
                0x08003f60                DMA2_Stream4_IRQHandler
                0x08003f60                USART1_IRQHandler
                0x08003f60                OTG_FS_IRQHandler
                0x08003f60                SPI3_IRQHandler
                0x08003f60                WAKEUP_PIN_IRQHandler
                0x08003f60                DMA1_Stream4_IRQHandler
                0x08003f60                OTG_FS_EP1_IN_IRQHandler
                0x08003f60                I2C1_ER_IRQHandler
                0x08003f60                FMC_IRQHandler
                0x08003f60                FDCAN_CAL_IRQHandler
                0x08003f60                SWPMI1_IRQHandler
                0x08003f60                COMP1_IRQHandler
                0x08003f60                LPTIM1_IRQHandler
                0x08003f60                I2C4_ER_IRQHandler
                0x08003f60                DMA2_Stream6_IRQHandler
                0x08003f60                SAI1_IRQHandler
                0x08003f60                DMA1_Stream3_IRQHandler
 .text.memset   0x08003f62       0x10 C:/Program Files/STMicroelectronics/STM32Cube/STM32CubeCLT_1.20.0/GNU-tools-for-STM32/bin/../lib/gcc/arm-none-eabi/13.3.1/../../../../arm-none-eabi/lib/thumb/v7e-m+dp/hard\libc_nano.a(libc_a-memset.o)
                0x08003f62                memset
 *fill*         0x08003f72        0x2 
 .text.__libc_init_array
                0x08003f74       0x48 C:/Program Files/STMicroelectronics/STM32Cube/STM32CubeCLT_1.20.0/GNU-tools-for-STM32/bin/../lib/gcc/arm-none-eabi/13.3.1/../../../../arm-none-eabi/lib/thumb/v7e-m+dp/hard\libc_nano.a(libc_a-init.o)
                0x08003f74                __libc_init_array
 *(.glue_7)
 .glue_7        0x08003fbc        0x0 linker stubs
 *(.glue_7t)
 .glue_7t       0x08003fbc        0x0 linker stubs
 *(.eh_frame)
 .eh_frame      0x08003fbc        0x0 C:/Program Files/STMicroelectronics/STM32Cube/STM32CubeCLT_1.20.0/GNU-tools-for-STM32/bin/../lib/gcc/arm-none-eabi/13.3.1/thumb/v7e-m+dp/hard/crtbegin.o
 *(.init)
 .init          0x08003fbc        0x4 C:/Program Files/STMicroelectronics/STM32Cube/STM32CubeCLT_1.20.0/GNU-tools-for-STM32/bin/../lib/gcc/arm-none-eabi/13.3.1/thumb/v7e-m+dp/hard/crti.o
                0x08003fbc                _init
 .init          0x08003fc0        0x8 C:/Program Files/STMicroelectronics/STM32Cube/STM32CubeCLT_1.20.0/GNU-tools-for-STM32/bin/../lib/gcc/arm-none-eabi/13.3.1/thumb/v7e-m+dp/hard/crtn.o
 *(.fini)
 .fini          0x08003fc8        0x4 C:/Program Files/STMicroelectronics/STM32Cube/STM32CubeCLT_1.20.0/GNU-tools-for-STM32/bin/../lib/gcc/arm-none-eabi/13.3.1/thumb/v7e-m+dp/hard/crti.o
                0x08003fc8                _fini
 .fini          0x08003fcc        0x8 C:/Program Files/STMicroelectronics/STM32Cube/STM32CubeCLT_1.20.0/GNU-tools-for-STM32/bin/../lib/gcc/arm-none-eabi/13.3.1/thumb/v7e-m+dp/hard/crtn.o
                0x08003fd4                        . = ALIGN (0x4)
                0x08003fd4                        _etext = .

.vfp11_veneer   0x08003fd4        0x0
 .vfp11_veneer  0x08003fd4        0x0 linker stubs

.v4_bx          0x08003fd4        0x0
 .v4_bx         0x08003fd4        0x0 linker stubs

.iplt           0x08003fd4        0x0
 .iplt          0x08003fd4        0x0 C:/Program Files/STMicroelectronics/STM32Cube/STM32CubeCLT_1.20.0/GNU-tools-for-STM32/bin/../lib/gcc/arm-none-eabi/13.3.1/thumb/v7e-m+dp/hard/crtbegin.o

.rodata         0x08003fd4       0x38
                0x08003fd4                        . = ALIGN (0x4)
 *(.rodata)
 *(.rodata*)
 .rodata.UARTPrescTable
                0x08003fd4       0x18 build/stm32h7xx_hal_uart.o
                0x08003fd4                UARTPrescTable
 .rodata.denominator.0
                0x08003fec        0x8 build/stm32h7xx_hal_uart_ex.o
 .rodata.numerator.1
                0x08003ff4        0x8 build/stm32h7xx_hal_uart_ex.o
 .rodata.D1CorePrescTable
                0x08003ffc       0x10 build/system_stm32h7xx.o
                0x08003ffc                D1CorePrescTable
                0x0800400c                        . = ALIGN (0x4)

.ARM.extab      0x0800400c        0x0
                0x0800400c                        . = ALIGN (0x4)
 *(.ARM.extab* .gnu.linkonce.armextab.*)
                0x0800400c                        . = ALIGN (0x4)

.ARM            0x0800400c        0x8
                0x0800400c                        . = ALIGN (0x4)
                0x0800400c                        __exidx_start = .
 *(.ARM.exidx*)
 .ARM.exidx     0x0800400c        0x8 C:/Program Files/STMicroelectronics/STM32Cube/STM32CubeCLT_1.20.0/GNU-tools-for-STM32/bin/../lib/gcc/arm-none-eabi/13.3.1/thumb/v7e-m+dp/hard\libgcc.a(_udivmoddi4.o)
                0x08004014                        __exidx_end = .
                0x08004014                        . = ALIGN (0x4)

.preinit_array  0x08004014        0x0
                0x08004014                        . = ALIGN (0x4)
                0x08004014                        PROVIDE (__preinit_array_start = .)
 *(.preinit_array*)
                0x08004014                        PROVIDE (__preinit_array_end = .)
                0x08004014                        . = ALIGN (0x4)

.init_array     0x08004014        0x4
                0x08004014                        . = ALIGN (0x4)
                0x08004014                        PROVIDE (__init_array_start = .)
 *(SORT_BY_NAME(.init_array.*))
 *(.init_array*)
 .init_array    0x08004014        0x4 C:/Program Files/STMicroelectronics/STM32Cube/STM32CubeCLT_1.20.0/GNU-tools-for-STM32/bin/../lib/gcc/arm-none-eabi/13.3.1/thumb/v7e-m+dp/hard/crtbegin.o
                0x08004018                        PROVIDE (__init_array_end = .)
                0x08004018                        . = ALIGN (0x4)

.fini_array     0x08004018        0x4
                0x08004018                        . = ALIGN (0x4)
                [!provide]                        PROVIDE (__fini_array_start = .)
 *(SORT_BY_NAME(.fini_array.*))
 *(.fini_array*)
 .fini_array    0x08004018        0x4 C:/Program Files/STMicroelectronics/STM32Cube/STM32CubeCLT_1.20.0/GNU-tools-for-STM32/bin/../lib/gcc/arm-none-eabi/13.3.1/thumb/v7e-m+dp/hard/crtbegin.o
                [!provide]                        PROVIDE (__fini_array_end = .)
                0x0800401c                        . = ALIGN (0x4)
                0x0800401c                        _sidata = LOADADDR (.data)

.rel.dyn        0x0800401c        0x0
 .rel.iplt      0x0800401c        0x0 C:/Program Files/STMicroelectronics/STM32Cube/STM32CubeCLT_1.20.0/GNU-tools-for-STM32/bin/../lib/gcc/arm-none-eabi/13.3.1/thumb/v7e-m+dp/hard/crtbegin.o

.data           0x20000000       0x10 load address 0x0800401c
                0x20000000                        . = ALIGN (0x4)
                0x20000000                        _sdata = .
 *(.data)
 *(.data*)
 .data.uwTickFreq
                0x20000000        0x1 build/stm32h7xx_hal.o
                0x20000000                uwTickFreq
 *fill*         0x20000001        0x3 
 .data.uwTickPrio
                0x20000004        0x4 build/stm32h7xx_hal.o
                0x20000004                uwTickPrio
 .data.SystemD2Clock
                0x20000008        0x4 build/system_stm32h7xx.o
                0x20000008                SystemD2Clock
 .data.SystemCoreClock
                0x2000000c        0x4 build/system_stm32h7xx.o
                0x2000000c                SystemCoreClock
 *(.RamFunc)
 *(.RamFunc*)
                0x20000010                        . = ALIGN (0x4)
                0x20000010                        _edata = .

.igot.plt       0x20000010        0x0 load address 0x0800402c
 .igot.plt      0x20000010        0x0 C:/Program Files/STMicroelectronics/STM32Cube/STM32CubeCLT_1.20.0/GNU-tools-for-STM32/bin/../lib/gcc/arm-none-eabi/13.3.1/thumb/v7e-m+dp/hard/crtbegin.o
                0x20000010                        . = ALIGN (0x4)

.bss            0x20000010      0x224 load address 0x0800402c
                0x20000010                        _sbss = .
                0x20000010                        __bss_start__ = _sbss
 *(.bss)
 .bss           0x20000010       0x1c C:/Program Files/STMicroelectronics/STM32Cube/STM32CubeCLT_1.20.0/GNU-tools-for-STM32/bin/../lib/gcc/arm-none-eabi/13.3.1/thumb/v7e-m+dp/hard/crtbegin.o
 *(.bss*)
 .bss.FMC_Initialized
                0x2000002c        0x4 build/fmc.o
 .bss.hsram2    0x20000030       0x4c build/fmc.o
                0x20000030                hsram2
 .bss.hsram1    0x2000007c       0x4c build/fmc.o
                0x2000007c                hsram1
 .bss.hqspi     0x200000c8       0x4c build/quadspi.o
                0x200000c8                hqspi
 .bss.hspi1     0x20000114       0x88 build/spi.o
                0x20000114                hspi1
 .bss.huart4    0x2000019c       0x94 build/usart.o
                0x2000019c                huart4
 .bss.uwTick    0x20000230        0x4 build/stm32h7xx_hal.o
                0x20000230                uwTick
 *(COMMON)
                0x20000234                        . = ALIGN (0x4)
                0x20000234                        _ebss = .
                0x20000234                        __bss_end__ = _ebss

._user_heap_stack
                0x20000234      0x604 load address 0x0800402c
                0x20000238                        . = ALIGN (0x8)
 *fill*         0x20000234        0x4 
                [!provide]                        PROVIDE (end = .)
                0x20000238                        PROVIDE (_end = .)
                0x20000438                        . = (. + _Min_Heap_Size)
 *fill*         0x20000238      0x200 
                0x20000838                        . = (. + _Min_Stack_Size)
 *fill*         0x20000438      0x400 
                0x20000838                        . = ALIGN (0x8)

/DISCARD/
 libc.a(*)
 libm.a(*)
 libgcc.a(*)
OUTPUT(build/STM32H743.elf elf32-littlearm)
LOAD linker stubs
LOAD C:/Program Files/STMicroelectronics/STM32Cube/STM32CubeCLT_1.20.0/GNU-tools-for-STM32/bin/../lib/gcc/arm-none-eabi/13.3.1/../../../../arm-none-eabi/lib/thumb/v7e-m+dp/hard\libc.a
LOAD C:/Program Files/STMicroelectronics/STM32Cube/STM32CubeCLT_1.20.0/GNU-tools-for-STM32/bin/../lib/gcc/arm-none-eabi/13.3.1/../../../../arm-none-eabi/lib/thumb/v7e-m+dp/hard\libm.a
LOAD C:/Program Files/STMicroelectronics/STM32Cube/STM32CubeCLT_1.20.0/GNU-tools-for-STM32/bin/../lib/gcc/arm-none-eabi/13.3.1/thumb/v7e-m+dp/hard\libgcc.a

.ARM.attributes
                0x00000000       0x2e
 .ARM.attributes
                0x00000000       0x20 C:/Program Files/STMicroelectronics/STM32Cube/STM32CubeCLT_1.20.0/GNU-tools-for-STM32/bin/../lib/gcc/arm-none-eabi/13.3.1/thumb/v7e-m+dp/hard/crti.o
 .ARM.attributes
                0x00000020       0x32 C:/Program Files/STMicroelectronics/STM32Cube/STM32CubeCLT_1.20.0/GNU-tools-for-STM32/bin/../lib/gcc/arm-none-eabi/13.3.1/thumb/v7e-m+dp/hard/crtbegin.o
 .ARM.attributes
                0x00000052       0x32 build/main.o
 .ARM.attributes
                0x00000084       0x32 build/gpio.o
 .ARM.attributes
                0x000000b6       0x32 build/fmc.o
 .ARM.attributes
                0x000000e8       0x32 build/quadspi.o
 .ARM.attributes
                0x0000011a       0x32 build/spi.o
 .ARM.attributes
                0x0000014c       0x32 build/usart.o
 .ARM.attributes
                0x0000017e       0x32 build/stm32h7xx_it.o
 .ARM.attributes
                0x000001b0       0x32 build/stm32h7xx_hal_msp.o
 .ARM.attributes
                0x000001e2       0x32 build/stm32h7xx_hal_cortex.o
 .ARM.attributes
                0x00000214       0x32 build/stm32h7xx_hal_rcc.o
 .ARM.attributes
                0x00000246       0x32 build/stm32h7xx_hal_rcc_ex.o
 .ARM.attributes
                0x00000278       0x32 build/stm32h7xx_hal_gpio.o
 .ARM.attributes
                0x000002aa       0x32 build/stm32h7xx_hal_pwr_ex.o
 .ARM.attributes
                0x000002dc       0x32 build/stm32h7xx_hal.o
 .ARM.attributes
                0x0000030e       0x32 build/stm32h7xx_ll_fmc.o
 .ARM.attributes
                0x00000340       0x32 build/stm32h7xx_hal_sram.o
 .ARM.attributes
                0x00000372       0x32 build/stm32h7xx_hal_qspi.o
 .ARM.attributes
                0x000003a4       0x32 build/stm32h7xx_hal_spi.o
 .ARM.attributes
                0x000003d6       0x32 build/stm32h7xx_hal_uart.o
 .ARM.attributes
                0x00000408       0x32 build/stm32h7xx_hal_uart_ex.o
 .ARM.attributes
                0x0000043a       0x32 build/system_stm32h7xx.o
 .ARM.attributes
                0x0000046c       0x21 build/startup_stm32h743xx.o
 .ARM.attributes
                0x0000048d       0x32 C:/Program Files/STMicroelectronics/STM32Cube/STM32CubeCLT_1.20.0/GNU-tools-for-STM32/bin/../lib/gcc/arm-none-eabi/13.3.1/../../../../arm-none-eabi/lib/thumb/v7e-m+dp/hard\libc_nano.a(libc_a-memset.o)
 .ARM.attributes
                0x000004bf       0x32 C:/Program Files/STMicroelectronics/STM32Cube/STM32CubeCLT_1.20.0/GNU-tools-for-STM32/bin/../lib/gcc/arm-none-eabi/13.3.1/../../../../arm-none-eabi/lib/thumb/v7e-m+dp/hard\libc_nano.a(libc_a-init.o)
 .ARM.attributes
                0x000004f1       0x20 C:/Program Files/STMicroelectronics/STM32Cube/STM32CubeCLT_1.20.0/GNU-tools-for-STM32/bin/../lib/gcc/arm-none-eabi/13.3.1/thumb/v7e-m+dp/hard\libgcc.a(_aeabi_uldivmod.o)
 .ARM.attributes
                0x00000511       0x32 C:/Program Files/STMicroelectronics/STM32Cube/STM32CubeCLT_1.20.0/GNU-tools-for-STM32/bin/../lib/gcc/arm-none-eabi/13.3.1/thumb/v7e-m+dp/hard\libgcc.a(_udivmoddi4.o)
 .ARM.attributes
                0x00000543       0x20 C:/Program Files/STMicroelectronics/STM32Cube/STM32CubeCLT_1.20.0/GNU-tools-for-STM32/bin/../lib/gcc/arm-none-eabi/13.3.1/thumb/v7e-m+dp/hard\libgcc.a(_dvmd_tls.o)
 .ARM.attributes
                0x00000563       0x20 C:/Program Files/STMicroelectronics/STM32Cube/STM32CubeCLT_1.20.0/GNU-tools-for-STM32/bin/../lib/gcc/arm-none-eabi/13.3.1/thumb/v7e-m+dp/hard/crtn.o

.comment        0x00000000       0x43
 .comment       0x00000000       0x43 build/main.o
                                 0x44 (size before relaxing)
 .comment       0x00000043        0x0 build/gpio.o
                                 0x44 (size before relaxing)
 .comment       0x00000043        0x0 build/fmc.o
                                 0x44 (size before relaxing)
 .comment       0x00000043        0x0 build/quadspi.o
                                 0x44 (size before relaxing)
 .comment       0x00000043        0x0 build/spi.o
                                 0x44 (size before relaxing)
 .comment       0x00000043        0x0 build/usart.o
                                 0x44 (size before relaxing)
 .comment       0x00000043        0x0 build/stm32h7xx_it.o
                                 0x44 (size before relaxing)
 .comment       0x00000043        0x0 build/stm32h7xx_hal_msp.o
                                 0x44 (size before relaxing)
 .comment       0x00000043        0x0 build/stm32h7xx_hal_cortex.o
                                 0x44 (size before relaxing)
 .comment       0x00000043        0x0 build/stm32h7xx_hal_rcc.o
                                 0x44 (size before relaxing)
 .comment       0x00000043        0x0 build/stm32h7xx_hal_rcc_ex.o
                                 0x44 (size before relaxing)
 .comment       0x00000043        0x0 build/stm32h7xx_hal_gpio.o
                                 0x44 (size before relaxing)
 .comment       0x00000043        0x0 build/stm32h7xx_hal_pwr_ex.o
                                 0x44 (size before relaxing)
 .comment       0x00000043        0x0 build/stm32h7xx_hal.o
                                 0x44 (size before relaxing)
 .comment       0x00000043        0x0 build/stm32h7xx_ll_fmc.o
                                 0x44 (size before relaxing)
 .comment       0x00000043        0x0 build/stm32h7xx_hal_sram.o
                                 0x44 (size before relaxing)
 .comment       0x00000043        0x0 build/stm32h7xx_hal_qspi.o
                                 0x44 (size before relaxing)
 .comment       0x00000043        0x0 build/stm32h7xx_hal_spi.o
                                 0x44 (size before relaxing)
 .comment       0x00000043        0x0 build/stm32h7xx_hal_uart.o
                                 0x44 (size before relaxing)
 .comment       0x00000043        0x0 build/stm32h7xx_hal_uart_ex.o
                                 0x44 (size before relaxing)
 .comment       0x00000043        0x0 build/system_stm32h7xx.o
                                 0x44 (size before relaxing)

.debug_info     0x00000000    0x1d4d1
 .debug_info    0x00000000      0xb12 build/main.o
 .debug_info    0x00000b12      0x853 build/gpio.o
 .debug_info    0x00001365     0x14a8 build/fmc.o
 .debug_info    0x0000280d     0x13b2 build/quadspi.o
 .debug_info    0x00003bbf     0x139e build/spi.o
 .debug_info    0x00004f5d     0x143c build/usart.o
 .debug_info    0x00006399      0x16d build/stm32h7xx_it.o
 .debug_info    0x00006506      0x543 build/stm32h7xx_hal_msp.o
 .debug_info    0x00006a49     0x157c build/stm32h7xx_hal_cortex.o
 .debug_info    0x00007fc5     0x1411 build/stm32h7xx_hal_rcc.o
 .debug_info    0x000093d6     0x1d05 build/stm32h7xx_hal_rcc_ex.o
 .debug_info    0x0000b0db      0xef1 build/stm32h7xx_hal_gpio.o
 .debug_info    0x0000bfcc     0x13fb build/stm32h7xx_hal_pwr_ex.o
 .debug_info    0x0000d3c7     0x190a build/stm32h7xx_hal.o
 .debug_info    0x0000ecd1      0xe4c build/stm32h7xx_ll_fmc.o
 .debug_info    0x0000fb1d     0x12ca build/stm32h7xx_hal_sram.o
 .debug_info    0x00010de7     0x1b2e build/stm32h7xx_hal_qspi.o
 .debug_info    0x00012915     0x1d1a build/stm32h7xx_hal_spi.o
 .debug_info    0x0001462f     0x6ae0 build/stm32h7xx_hal_uart.o
 .debug_info    0x0001b10f     0x13fe build/stm32h7xx_hal_uart_ex.o
 .debug_info    0x0001c50d      0xf94 build/system_stm32h7xx.o
 .debug_info    0x0001d4a1       0x30 build/startup_stm32h743xx.o

.debug_abbrev   0x00000000     0x3118
 .debug_abbrev  0x00000000      0x262 build/main.o
 .debug_abbrev  0x00000262      0x18b build/gpio.o
 .debug_abbrev  0x000003ed      0x28c build/fmc.o
 .debug_abbrev  0x00000679      0x22b build/quadspi.o
 .debug_abbrev  0x000008a4      0x22b build/spi.o
 .debug_abbrev  0x00000acf      0x242 build/usart.o
 .debug_abbrev  0x00000d11       0x80 build/stm32h7xx_it.o
 .debug_abbrev  0x00000d91       0xc8 build/stm32h7xx_hal_msp.o
 .debug_abbrev  0x00000e59      0x3e6 build/stm32h7xx_hal_cortex.o
 .debug_abbrev  0x0000123f      0x29b build/stm32h7xx_hal_rcc.o
 .debug_abbrev  0x000014da      0x285 build/stm32h7xx_hal_rcc_ex.o
 .debug_abbrev  0x0000175f      0x25a build/stm32h7xx_hal_gpio.o
 .debug_abbrev  0x000019b9      0x2ca build/stm32h7xx_hal_pwr_ex.o
 .debug_abbrev  0x00001c83      0x2b1 build/stm32h7xx_hal.o
 .debug_abbrev  0x00001f34      0x1d5 build/stm32h7xx_ll_fmc.o
 .debug_abbrev  0x00002109      0x22b build/stm32h7xx_hal_sram.o
 .debug_abbrev  0x00002334      0x298 build/stm32h7xx_hal_qspi.o
 .debug_abbrev  0x000025cc      0x309 build/stm32h7xx_hal_spi.o
 .debug_abbrev  0x000028d5      0x391 build/stm32h7xx_hal_uart.o
 .debug_abbrev  0x00002c66      0x351 build/stm32h7xx_hal_uart_ex.o
 .debug_abbrev  0x00002fb7      0x144 build/system_stm32h7xx.o
 .debug_abbrev  0x000030fb       0x1d build/startup_stm32h743xx.o

.debug_loc      0x00000000    0x11624
 .debug_loc     0x00000000       0x9e build/main.o
 .debug_loc     0x0000009e       0x39 build/gpio.o
 .debug_loc     0x000000d7      0x142 build/fmc.o
 .debug_loc     0x00000219      0x13c build/quadspi.o
 .debug_loc     0x00000355       0xf6 build/spi.o
 .debug_loc     0x0000044b       0xf6 build/usart.o
 .debug_loc     0x00000541       0x20 build/stm32h7xx_it.o
 .debug_loc     0x00000561       0x2c build/stm32h7xx_hal_msp.o
 .debug_loc     0x0000058d      0x898 build/stm32h7xx_hal_cortex.o
 .debug_loc     0x00000e25      0xb18 build/stm32h7xx_hal_rcc.o
 .debug_loc     0x0000193d     0x20ec build/stm32h7xx_hal_rcc_ex.o
 .debug_loc     0x00003a29      0x4b2 build/stm32h7xx_hal_gpio.o
 .debug_loc     0x00003edb      0x6af build/stm32h7xx_hal_pwr_ex.o
 .debug_loc     0x0000458a      0x59b build/stm32h7xx_hal.o
 .debug_loc     0x00004b25      0x9bc build/stm32h7xx_ll_fmc.o
 .debug_loc     0x000054e1     0x128e build/stm32h7xx_hal_sram.o
 .debug_loc     0x0000676f     0x19c9 build/stm32h7xx_hal_qspi.o
 .debug_loc     0x00008138     0x1ed0 build/stm32h7xx_hal_spi.o
 .debug_loc     0x0000a008     0x65cf build/stm32h7xx_hal_uart.o
 .debug_loc     0x000105d7      0xe75 build/stm32h7xx_hal_uart_ex.o
 .debug_loc     0x0001144c      0x1d8 build/system_stm32h7xx.o

.debug_aranges  0x00000000      0xf20
 .debug_aranges
                0x00000000       0x38 build/main.o
 .debug_aranges
                0x00000038       0x20 build/gpio.o
 .debug_aranges
                0x00000058       0x40 build/fmc.o
 .debug_aranges
                0x00000098       0x30 build/quadspi.o
 .debug_aranges
                0x000000c8       0x30 build/spi.o
 .debug_aranges
                0x000000f8       0x30 build/usart.o
 .debug_aranges
                0x00000128       0x60 build/stm32h7xx_it.o
 .debug_aranges
                0x00000188       0x20 build/stm32h7xx_hal_msp.o
 .debug_aranges
                0x000001a8       0xf8 build/stm32h7xx_hal_cortex.o
 .debug_aranges
                0x000002a0       0x88 build/stm32h7xx_hal_rcc.o
 .debug_aranges
                0x00000328       0xf8 build/stm32h7xx_hal_rcc_ex.o
 .debug_aranges
                0x00000420       0x58 build/stm32h7xx_hal_gpio.o
 .debug_aranges
                0x00000478      0x158 build/stm32h7xx_hal_pwr_ex.o
 .debug_aranges
                0x000005d0      0x198 build/stm32h7xx_hal.o
 .debug_aranges
                0x00000768       0xc8 build/stm32h7xx_ll_fmc.o
 .debug_aranges
                0x00000830       0xb8 build/stm32h7xx_hal_sram.o
 .debug_aranges
                0x000008e8      0x148 build/stm32h7xx_hal_qspi.o
 .debug_aranges
                0x00000a30      0x1a8 build/stm32h7xx_hal_spi.o
 .debug_aranges
                0x00000bd8      0x248 build/stm32h7xx_hal_uart.o
 .debug_aranges
                0x00000e20       0xa8 build/stm32h7xx_hal_uart_ex.o
 .debug_aranges
                0x00000ec8       0x30 build/system_stm32h7xx.o
 .debug_aranges
                0x00000ef8       0x28 build/startup_stm32h743xx.o

.debug_ranges   0x00000000      0xeb0
 .debug_ranges  0x00000000       0x28 build/main.o
 .debug_ranges  0x00000028       0x10 build/gpio.o
 .debug_ranges  0x00000038       0x30 build/fmc.o
 .debug_ranges  0x00000068       0x20 build/quadspi.o
 .debug_ranges  0x00000088       0x20 build/spi.o
 .debug_ranges  0x000000a8       0x20 build/usart.o
 .debug_ranges  0x000000c8       0x50 build/stm32h7xx_it.o
 .debug_ranges  0x00000118       0x10 build/stm32h7xx_hal_msp.o
 .debug_ranges  0x00000128       0xe8 build/stm32h7xx_hal_cortex.o
 .debug_ranges  0x00000210       0xe8 build/stm32h7xx_hal_rcc.o
 .debug_ranges  0x000002f8       0xe8 build/stm32h7xx_hal_rcc_ex.o
 .debug_ranges  0x000003e0       0x48 build/stm32h7xx_hal_gpio.o
 .debug_ranges  0x00000428      0x1a8 build/stm32h7xx_hal_pwr_ex.o
 .debug_ranges  0x000005d0      0x188 build/stm32h7xx_hal.o
 .debug_ranges  0x00000758       0xb8 build/stm32h7xx_ll_fmc.o
 .debug_ranges  0x00000810       0xa8 build/stm32h7xx_hal_sram.o
 .debug_ranges  0x000008b8      0x138 build/stm32h7xx_hal_qspi.o
 .debug_ranges  0x000009f0      0x198 build/stm32h7xx_hal_spi.o
 .debug_ranges  0x00000b88      0x238 build/stm32h7xx_hal_uart.o
 .debug_ranges  0x00000dc0       0xb0 build/stm32h7xx_hal_uart_ex.o
 .debug_ranges  0x00000e70       0x20 build/system_stm32h7xx.o
 .debug_ranges  0x00000e90       0x20 build/startup_stm32h743xx.o

.debug_line     0x00000000    0x12a8e
 .debug_line    0x00000000      0x4ed build/main.o
 .debug_line    0x000004ed      0x2aa build/gpio.o
 .debug_line    0x00000797      0x642 build/fmc.o
 .debug_line    0x00000dd9      0x461 build/quadspi.o
 .debug_line    0x0000123a      0x430 build/spi.o
 .debug_line    0x0000166a      0x428 build/usart.o
 .debug_line    0x00001a92      0x13d build/stm32h7xx_it.o
 .debug_line    0x00001bcf      0x1fa build/stm32h7xx_hal_msp.o
 .debug_line    0x00001dc9      0x8d5 build/stm32h7xx_hal_cortex.o
 .debug_line    0x0000269e     0x14bc build/stm32h7xx_hal_rcc.o
 .debug_line    0x00003b5a     0x20fb build/stm32h7xx_hal_rcc_ex.o
 .debug_line    0x00005c55      0x7b1 build/stm32h7xx_hal_gpio.o
 .debug_line    0x00006406      0xbbe build/stm32h7xx_hal_pwr_ex.o
 .debug_line    0x00006fc4      0x987 build/stm32h7xx_hal.o
 .debug_line    0x0000794b      0x7b1 build/stm32h7xx_ll_fmc.o
 .debug_line    0x000080fc      0x97d build/stm32h7xx_hal_sram.o
 .debug_line    0x00008a79     0x1530 build/stm32h7xx_hal_qspi.o
 .debug_line    0x00009fa9     0x27cd build/stm32h7xx_hal_spi.o
 .debug_line    0x0000c776     0x51ee build/stm32h7xx_hal_uart.o
 .debug_line    0x00011964      0xb2b build/stm32h7xx_hal_uart_ex.o
 .debug_line    0x0001248f      0x58b build/system_stm32h7xx.o
 .debug_line    0x00012a1a       0x74 build/startup_stm32h743xx.o

.debug_str      0x00000000     0x5b3a
 .debug_str     0x00000000     0x5b3a build/main.o
                                0x654 (size before relaxing)
 .debug_str     0x00005b3a        0x0 build/gpio.o
                                0x4be (size before relaxing)
 .debug_str     0x00005b3a        0x0 build/fmc.o
                                0xe5c (size before relaxing)
 .debug_str     0x00005b3a        0x0 build/quadspi.o
                                0xdc9 (size before relaxing)
 .debug_str     0x00005b3a        0x0 build/spi.o
                                0xe62 (size before relaxing)
 .debug_str     0x00005b3a        0x0 build/usart.o
                                0xe69 (size before relaxing)
 .debug_str     0x00005b3a        0x0 build/stm32h7xx_it.o
                                0x22e (size before relaxing)
 .debug_str     0x00005b3a        0x0 build/stm32h7xx_hal_msp.o
                                0x3e1 (size before relaxing)
 .debug_str     0x00005b3a        0x0 build/stm32h7xx_hal_cortex.o
                               0x106f (size before relaxing)
 .debug_str     0x00005b3a        0x0 build/stm32h7xx_hal_rcc.o
                                0xa09 (size before relaxing)
 .debug_str     0x00005b3a        0x0 build/stm32h7xx_hal_rcc_ex.o
                                0xf14 (size before relaxing)
 .debug_str     0x00005b3a        0x0 build/stm32h7xx_hal_gpio.o
                                0x6c3 (size before relaxing)
 .debug_str     0x00005b3a        0x0 build/stm32h7xx_hal_pwr_ex.o
                                0xa38 (size before relaxing)
 .debug_str     0x00005b3a        0x0 build/stm32h7xx_hal.o
                               0x14a9 (size before relaxing)
 .debug_str     0x00005b3a        0x0 build/stm32h7xx_ll_fmc.o
                                0x8a8 (size before relaxing)
 .debug_str     0x00005b3a        0x0 build/stm32h7xx_hal_sram.o
                                0xa44 (size before relaxing)
 .debug_str     0x00005b3a        0x0 build/stm32h7xx_hal_qspi.o
                                0xc54 (size before relaxing)
 .debug_str     0x00005b3a        0x0 build/stm32h7xx_hal_spi.o
                                0xdc3 (size before relaxing)
 .debug_str     0x00005b3a        0x0 build/stm32h7xx_hal_uart.o
                               0x14a2 (size before relaxing)
 .debug_str     0x00005b3a        0x0 build/stm32h7xx_hal_uart_ex.o
                                0xb96 (size before relaxing)
 .debug_str     0x00005b3a        0x0 build/system_stm32h7xx.o
                                0x75d (size before relaxing)
 .debug_str     0x00005b3a        0x0 build/startup_stm32h743xx.o
                                 0x6f (size before relaxing)

.debug_frame    0x00000000     0x2650
 .debug_frame   0x00000000       0x78 build/main.o
 .debug_frame   0x00000078       0x34 build/gpio.o
 .debug_frame   0x000000ac       0xa8 build/fmc.o
 .debug_frame   0x00000154       0x68 build/quadspi.o
 .debug_frame   0x000001bc       0x64 build/spi.o
 .debug_frame   0x00000220       0x64 build/usart.o
 .debug_frame   0x00000284       0xa8 build/stm32h7xx_it.o
 .debug_frame   0x0000032c       0x28 build/stm32h7xx_hal_msp.o
 .debug_frame   0x00000354      0x214 build/stm32h7xx_hal_cortex.o
 .debug_frame   0x00000568      0x18c build/stm32h7xx_hal_rcc.o
 .debug_frame   0x000006f4      0x284 build/stm32h7xx_hal_rcc_ex.o
 .debug_frame   0x00000978       0xd4 build/stm32h7xx_hal_gpio.o
 .debug_frame   0x00000a4c      0x2f4 build/stm32h7xx_hal_pwr_ex.o
 .debug_frame   0x00000d40      0x360 build/stm32h7xx_hal.o
 .debug_frame   0x000010a0      0x1d8 build/stm32h7xx_ll_fmc.o
 .debug_frame   0x00001278      0x20c build/stm32h7xx_hal_sram.o
 .debug_frame   0x00001484      0x3dc build/stm32h7xx_hal_qspi.o
 .debug_frame   0x00001860      0x4b0 build/stm32h7xx_hal_spi.o
 .debug_frame   0x00001d10      0x680 build/stm32h7xx_hal_uart.o
 .debug_frame   0x00002390      0x1c8 build/stm32h7xx_hal_uart_ex.o
 .debug_frame   0x00002558       0x4c build/system_stm32h7xx.o
 .debug_frame   0x000025a4       0x20 C:/Program Files/STMicroelectronics/STM32Cube/STM32CubeCLT_1.20.0/GNU-tools-for-STM32/bin/../lib/gcc/arm-none-eabi/13.3.1/../../../../arm-none-eabi/lib/thumb/v7e-m+dp/hard\libc_nano.a(libc_a-memset.o)
 .debug_frame   0x000025c4       0x2c C:/Program Files/STMicroelectronics/STM32Cube/STM32CubeCLT_1.20.0/GNU-tools-for-STM32/bin/../lib/gcc/arm-none-eabi/13.3.1/../../../../arm-none-eabi/lib/thumb/v7e-m+dp/hard\libc_nano.a(libc_a-init.o)
 .debug_frame   0x000025f0       0x2c C:/Program Files/STMicroelectronics/STM32Cube/STM32CubeCLT_1.20.0/GNU-tools-for-STM32/bin/../lib/gcc/arm-none-eabi/13.3.1/thumb/v7e-m+dp/hard\libgcc.a(_aeabi_uldivmod.o)
 .debug_frame   0x0000261c       0x34 C:/Program Files/STMicroelectronics/STM32Cube/STM32CubeCLT_1.20.0/GNU-tools-for-STM32/bin/../lib/gcc/arm-none-eabi/13.3.1/thumb/v7e-m+dp/hard\libgcc.a(_udivmoddi4.o)

Cross Reference Table

Symbol                                            File
ADC3_IRQHandler                                   build/startup_stm32h743xx.o
ADC_IRQHandler                                    build/startup_stm32h743xx.o
BDMA_Channel0_IRQHandler                          build/startup_stm32h743xx.o
BDMA_Channel1_IRQHandler                          build/startup_stm32h743xx.o
BDMA_Channel2_IRQHandler                          build/startup_stm32h743xx.o
BDMA_Channel3_IRQHandler                          build/startup_stm32h743xx.o
BDMA_Channel4_IRQHandler                          build/startup_stm32h743xx.o
BDMA_Channel5_IRQHandler                          build/startup_stm32h743xx.o
BDMA_Channel6_IRQHandler                          build/startup_stm32h743xx.o
BDMA_Channel7_IRQHandler                          build/startup_stm32h743xx.o
BusFault_Handler                                  build/stm32h7xx_it.o
CEC_IRQHandler                                    build/startup_stm32h743xx.o
COMP1_IRQHandler                                  build/startup_stm32h743xx.o
CRS_IRQHandler                                    build/startup_stm32h743xx.o
D1CorePrescTable                                  build/system_stm32h7xx.o
                                                  build/stm32h7xx_hal.o
                                                  build/stm32h7xx_hal_rcc_ex.o
                                                  build/stm32h7xx_hal_rcc.o
DCMI_IRQHandler                                   build/startup_stm32h743xx.o
DFSDM1_FLT0_IRQHandler                            build/startup_stm32h743xx.o
DFSDM1_FLT1_IRQHandler                            build/startup_stm32h743xx.o
DFSDM1_FLT2_IRQHandler                            build/startup_stm32h743xx.o
DFSDM1_FLT3_IRQHandler                            build/startup_stm32h743xx.o
DMA1_Stream0_IRQHandler                           build/startup_stm32h743xx.o
DMA1_Stream1_IRQHandler                           build/startup_stm32h743xx.o
DMA1_Stream2_IRQHandler                           build/startup_stm32h743xx.o
DMA1_Stream3_IRQHandler                           build/startup_stm32h743xx.o
DMA1_Stream4_IRQHandler                           build/startup_stm32h743xx.o
DMA1_Stream5_IRQHandler                           build/startup_stm32h743xx.o
DMA1_Stream6_IRQHandler                           build/startup_stm32h743xx.o
DMA1_Stream7_IRQHandler                           build/startup_stm32h743xx.o
DMA2D_IRQHandler                                  build/startup_stm32h743xx.o
DMA2_Stream0_IRQHandler                           build/startup_stm32h743xx.o
DMA2_Stream1_IRQHandler                           build/startup_stm32h743xx.o
DMA2_Stream2_IRQHandler                           build/startup_stm32h743xx.o
DMA2_Stream3_IRQHandler                           build/startup_stm32h743xx.o
DMA2_Stream4_IRQHandler                           build/startup_stm32h743xx.o
DMA2_Stream5_IRQHandler                           build/startup_stm32h743xx.o
DMA2_Stream6_IRQHandler                           build/startup_stm32h743xx.o
DMA2_Stream7_IRQHandler                           build/startup_stm32h743xx.o
DMAMUX1_OVR_IRQHandler                            build/startup_stm32h743xx.o
DMAMUX2_OVR_IRQHandler                            build/startup_stm32h743xx.o
DebugMon_Handler                                  build/stm32h7xx_it.o
Default_Handler                                   build/startup_stm32h743xx.o
DelayBlock_Configure                              build/stm32h7xx_ll_delayblock.o
DelayBlock_Disable                                build/stm32h7xx_ll_delayblock.o
DelayBlock_Enable                                 build/stm32h7xx_ll_delayblock.o
ECC_IRQHandler                                    build/startup_stm32h743xx.o
ETH_IRQHandler                                    build/startup_stm32h743xx.o
ETH_WKUP_IRQHandler                               build/startup_stm32h743xx.o
EXTI0_IRQHandler                                  build/startup_stm32h743xx.o
EXTI15_10_IRQHandler                              build/startup_stm32h743xx.o
EXTI1_IRQHandler                                  build/startup_stm32h743xx.o
EXTI2_IRQHandler                                  build/startup_stm32h743xx.o
EXTI3_IRQHandler                                  build/startup_stm32h743xx.o
EXTI4_IRQHandler                                  build/startup_stm32h743xx.o
EXTI9_5_IRQHandler                                build/startup_stm32h743xx.o
Error_Handler                                     build/main.o
                                                  build/usart.o
                                                  build/spi.o
                                                  build/quadspi.o
                                                  build/fmc.o
ExitRun0Mode                                      build/system_stm32h7xx.o
                                                  build/startup_stm32h743xx.o
FDCAN1_IT0_IRQHandler                             build/startup_stm32h743xx.o
FDCAN1_IT1_IRQHandler                             build/startup_stm32h743xx.o
FDCAN2_IT0_IRQHandler                             build/startup_stm32h743xx.o
FDCAN2_IT1_IRQHandler                             build/startup_stm32h743xx.o
FDCAN_CAL_IRQHandler                              build/startup_stm32h743xx.o
FLASH_CRC_WaitForLastOperation                    build/stm32h7xx_hal_flash.o
                                                  build/stm32h7xx_hal_flash_ex.o
FLASH_Erase_Sector                                build/stm32h7xx_hal_flash_ex.o
                                                  build/stm32h7xx_hal_flash.o
FLASH_IRQHandler                                  build/startup_stm32h743xx.o
FLASH_OB_WaitForLastOperation                     build/stm32h7xx_hal_flash.o
                                                  build/stm32h7xx_hal_flash_ex.o
FLASH_WaitForLastOperation                        build/stm32h7xx_hal_flash.o
                                                  build/stm32h7xx_hal_flash_ex.o
FMC_IRQHandler                                    build/startup_stm32h743xx.o
FMC_NAND_AttributeSpace_Timing_Init               build/stm32h7xx_ll_fmc.o
FMC_NAND_CommonSpace_Timing_Init                  build/stm32h7xx_ll_fmc.o
FMC_NAND_DeInit                                   build/stm32h7xx_ll_fmc.o
FMC_NAND_ECC_Disable                              build/stm32h7xx_ll_fmc.o
FMC_NAND_ECC_Enable                               build/stm32h7xx_ll_fmc.o
FMC_NAND_GetECC                                   build/stm32h7xx_ll_fmc.o
FMC_NAND_Init                                     build/stm32h7xx_ll_fmc.o
FMC_NORSRAM_DeInit                                build/stm32h7xx_ll_fmc.o
                                                  build/stm32h7xx_hal_sram.o
FMC_NORSRAM_Extended_Timing_Init                  build/stm32h7xx_ll_fmc.o
                                                  build/stm32h7xx_hal_sram.o
FMC_NORSRAM_Init                                  build/stm32h7xx_ll_fmc.o
                                                  build/stm32h7xx_hal_sram.o
FMC_NORSRAM_Timing_Init                           build/stm32h7xx_ll_fmc.o
                                                  build/stm32h7xx_hal_sram.o
FMC_NORSRAM_WriteOperation_Disable                build/stm32h7xx_ll_fmc.o
                                                  build/stm32h7xx_hal_sram.o
FMC_NORSRAM_WriteOperation_Enable                 build/stm32h7xx_ll_fmc.o
                                                  build/stm32h7xx_hal_sram.o
FMC_SDRAM_DeInit                                  build/stm32h7xx_ll_fmc.o
FMC_SDRAM_GetModeStatus                           build/stm32h7xx_ll_fmc.o
FMC_SDRAM_Init                                    build/stm32h7xx_ll_fmc.o
FMC_SDRAM_ProgramRefreshRate                      build/stm32h7xx_ll_fmc.o
FMC_SDRAM_SendCommand                             build/stm32h7xx_ll_fmc.o
FMC_SDRAM_SetAutoRefreshNumber                    build/stm32h7xx_ll_fmc.o
FMC_SDRAM_Timing_Init                             build/stm32h7xx_ll_fmc.o
FMC_SDRAM_WriteProtection_Disable                 build/stm32h7xx_ll_fmc.o
FMC_SDRAM_WriteProtection_Enable                  build/stm32h7xx_ll_fmc.o
FPU_IRQHandler                                    build/startup_stm32h743xx.o
HAL_DBGMCU_DisableDBGSleepMode                    build/stm32h7xx_hal.o
HAL_DBGMCU_DisableDBGStandbyMode                  build/stm32h7xx_hal.o
HAL_DBGMCU_DisableDBGStopMode                     build/stm32h7xx_hal.o
HAL_DBGMCU_EnableDBGSleepMode                     build/stm32h7xx_hal.o
HAL_DBGMCU_EnableDBGStandbyMode                   build/stm32h7xx_hal.o
HAL_DBGMCU_EnableDBGStopMode                      build/stm32h7xx_hal.o
HAL_DMAEx_ChangeMemory                            build/stm32h7xx_hal_dma_ex.o
HAL_DMAEx_ConfigMuxRequestGenerator               build/stm32h7xx_hal_dma_ex.o
HAL_DMAEx_ConfigMuxSync                           build/stm32h7xx_hal_dma_ex.o
HAL_DMAEx_DisableMuxRequestGenerator              build/stm32h7xx_hal_dma_ex.o
HAL_DMAEx_EnableMuxRequestGenerator               build/stm32h7xx_hal_dma_ex.o
HAL_DMAEx_MUX_IRQHandler                          build/stm32h7xx_hal_dma_ex.o
HAL_DMAEx_MultiBufferStart                        build/stm32h7xx_hal_dma_ex.o
HAL_DMAEx_MultiBufferStart_IT                     build/stm32h7xx_hal_dma_ex.o
HAL_DMA_Abort                                     build/stm32h7xx_hal_dma.o
                                                  build/stm32h7xx_hal_uart.o
                                                  build/stm32h7xx_hal_spi.o
HAL_DMA_Abort_IT                                  build/stm32h7xx_hal_dma.o
                                                  build/stm32h7xx_hal_uart.o
                                                  build/stm32h7xx_hal_spi.o
                                                  build/stm32h7xx_hal_i2c.o
HAL_DMA_DeInit                                    build/stm32h7xx_hal_dma.o
HAL_DMA_GetError                                  build/stm32h7xx_hal_dma.o
                                                  build/stm32h7xx_hal_uart.o
                                                  build/stm32h7xx_hal_spi.o
                                                  build/stm32h7xx_hal_i2c.o
HAL_DMA_GetState                                  build/stm32h7xx_hal_dma.o
                                                  build/stm32h7xx_hal_i2c.o
HAL_DMA_IRQHandler                                build/stm32h7xx_hal_dma.o
HAL_DMA_Init                                      build/stm32h7xx_hal_dma.o
HAL_DMA_PollForTransfer                           build/stm32h7xx_hal_dma.o
HAL_DMA_RegisterCallback                          build/stm32h7xx_hal_dma.o
HAL_DMA_Start                                     build/stm32h7xx_hal_dma.o
HAL_DMA_Start_IT                                  build/stm32h7xx_hal_dma.o
                                                  build/stm32h7xx_hal_uart.o
                                                  build/stm32h7xx_hal_spi.o
                                                  build/stm32h7xx_hal_i2c.o
HAL_DMA_UnRegisterCallback                        build/stm32h7xx_hal_dma.o
HAL_DeInit                                        build/stm32h7xx_hal.o
HAL_Delay                                         build/stm32h7xx_hal.o
                                                  build/main.o
HAL_DisableCompensationCell                       build/stm32h7xx_hal.o
HAL_EXTI_ClearConfigLine                          build/stm32h7xx_hal_exti.o
HAL_EXTI_ClearPending                             build/stm32h7xx_hal_exti.o
HAL_EXTI_D1_ClearFlag                             build/stm32h7xx_hal.o
HAL_EXTI_D1_EventInputConfig                      build/stm32h7xx_hal.o
HAL_EXTI_D3_EventInputConfig                      build/stm32h7xx_hal.o
HAL_EXTI_EdgeConfig                               build/stm32h7xx_hal.o
HAL_EXTI_GenerateSWI                              build/stm32h7xx_hal_exti.o
HAL_EXTI_GenerateSWInterrupt                      build/stm32h7xx_hal.o
HAL_EXTI_GetConfigLine                            build/stm32h7xx_hal_exti.o
HAL_EXTI_GetHandle                                build/stm32h7xx_hal_exti.o
HAL_EXTI_GetPending                               build/stm32h7xx_hal_exti.o
HAL_EXTI_IRQHandler                               build/stm32h7xx_hal_exti.o
HAL_EXTI_RegisterCallback                         build/stm32h7xx_hal_exti.o
HAL_EXTI_SetConfigLine                            build/stm32h7xx_hal_exti.o
HAL_EnableCompensationCell                        build/stm32h7xx_hal.o
HAL_FLASHEx_ComputeCRC                            build/stm32h7xx_hal_flash_ex.o
HAL_FLASHEx_Erase                                 build/stm32h7xx_hal_flash_ex.o
HAL_FLASHEx_Erase_IT                              build/stm32h7xx_hal_flash_ex.o
HAL_FLASHEx_Lock_Bank1                            build/stm32h7xx_hal_flash_ex.o
HAL_FLASHEx_Lock_Bank2                            build/stm32h7xx_hal_flash_ex.o
HAL_FLASHEx_OBGetConfig                           build/stm32h7xx_hal_flash_ex.o
HAL_FLASHEx_OBProgram                             build/stm32h7xx_hal_flash_ex.o
HAL_FLASHEx_Unlock_Bank1                          build/stm32h7xx_hal_flash_ex.o
HAL_FLASHEx_Unlock_Bank2                          build/stm32h7xx_hal_flash_ex.o
HAL_FLASH_EndOfOperationCallback                  build/stm32h7xx_hal_flash.o
HAL_FLASH_GetError                                build/stm32h7xx_hal_flash.o
HAL_FLASH_IRQHandler                              build/stm32h7xx_hal_flash.o
HAL_FLASH_Lock                                    build/stm32h7xx_hal_flash.o
HAL_FLASH_OB_Launch                               build/stm32h7xx_hal_flash.o
HAL_FLASH_OB_Lock                                 build/stm32h7xx_hal_flash.o
HAL_FLASH_OB_Unlock                               build/stm32h7xx_hal_flash.o
HAL_FLASH_OperationErrorCallback                  build/stm32h7xx_hal_flash.o
HAL_FLASH_Program                                 build/stm32h7xx_hal_flash.o
HAL_FLASH_Program_IT                              build/stm32h7xx_hal_flash.o
HAL_FLASH_Unlock                                  build/stm32h7xx_hal_flash.o
HAL_GPIO_DeInit                                   build/stm32h7xx_hal_gpio.o
                                                  build/usart.o
                                                  build/spi.o
                                                  build/quadspi.o
                                                  build/fmc.o
HAL_GPIO_EXTI_Callback                            build/stm32h7xx_hal_gpio.o
HAL_GPIO_EXTI_IRQHandler                          build/stm32h7xx_hal_gpio.o
HAL_GPIO_Init                                     build/stm32h7xx_hal_gpio.o
                                                  build/stm32h7xx_hal_rcc.o
                                                  build/usart.o
                                                  build/spi.o
                                                  build/quadspi.o
                                                  build/fmc.o
                                                  build/gpio.o
HAL_GPIO_LockPin                                  build/stm32h7xx_hal_gpio.o
HAL_GPIO_ReadPin                                  build/stm32h7xx_hal_gpio.o
HAL_GPIO_TogglePin                                build/stm32h7xx_hal_gpio.o
                                                  build/main.o
HAL_GPIO_WritePin                                 build/stm32h7xx_hal_gpio.o
                                                  build/gpio.o
HAL_GetCurrentCPUID                               build/stm32h7xx_hal_cortex.o
HAL_GetDEVID                                      build/stm32h7xx_hal.o
HAL_GetFMCMemorySwappingConfig                    build/stm32h7xx_hal.o
HAL_GetHalVersion                                 build/stm32h7xx_hal.o
HAL_GetREVID                                      build/stm32h7xx_hal.o
                                                  build/stm32h7xx_hal_rcc_ex.o
                                                  build/stm32h7xx_hal_rcc.o
HAL_GetTick                                       build/stm32h7xx_hal.o
                                                  build/stm32h7xx_hal_uart_ex.o
                                                  build/stm32h7xx_hal_uart.o
                                                  build/stm32h7xx_hal_spi.o
                                                  build/stm32h7xx_ll_delayblock.o
                                                  build/stm32h7xx_hal_qspi.o
                                                  build/stm32h7xx_ll_fmc.o
                                                  build/stm32h7xx_hal_i2c.o
                                                  build/stm32h7xx_hal_pwr_ex.o
                                                  build/stm32h7xx_hal_mdma.o
                                                  build/stm32h7xx_hal_dma.o
                                                  build/stm32h7xx_hal_flash.o
                                                  build/stm32h7xx_hal_rcc_ex.o
                                                  build/stm32h7xx_hal_rcc.o
HAL_GetTickFreq                                   build/stm32h7xx_hal.o
HAL_GetTickPrio                                   build/stm32h7xx_hal.o
HAL_GetUIDw0                                      build/stm32h7xx_hal.o
HAL_GetUIDw1                                      build/stm32h7xx_hal.o
HAL_GetUIDw2                                      build/stm32h7xx_hal.o
HAL_HSEM_ActivateNotification                     build/stm32h7xx_hal_hsem.o
HAL_HSEM_DeactivateNotification                   build/stm32h7xx_hal_hsem.o
HAL_HSEM_FastTake                                 build/stm32h7xx_hal_hsem.o
HAL_HSEM_FreeCallback                             build/stm32h7xx_hal_hsem.o
HAL_HSEM_GetClearKey                              build/stm32h7xx_hal_hsem.o
HAL_HSEM_IRQHandler                               build/stm32h7xx_hal_hsem.o
HAL_HSEM_IsSemTaken                               build/stm32h7xx_hal_hsem.o
HAL_HSEM_Release                                  build/stm32h7xx_hal_hsem.o
HAL_HSEM_ReleaseAll                               build/stm32h7xx_hal_hsem.o
HAL_HSEM_SetClearKey                              build/stm32h7xx_hal_hsem.o
HAL_HSEM_Take                                     build/stm32h7xx_hal_hsem.o
HAL_HalfDuplex_EnableReceiver                     build/stm32h7xx_hal_uart.o
HAL_HalfDuplex_EnableTransmitter                  build/stm32h7xx_hal_uart.o
HAL_HalfDuplex_Init                               build/stm32h7xx_hal_uart.o
HAL_I2CEx_ConfigAnalogFilter                      build/stm32h7xx_hal_i2c_ex.o
HAL_I2CEx_ConfigDigitalFilter                     build/stm32h7xx_hal_i2c_ex.o
HAL_I2CEx_DisableFastModePlus                     build/stm32h7xx_hal_i2c_ex.o
HAL_I2CEx_DisableWakeUp                           build/stm32h7xx_hal_i2c_ex.o
HAL_I2CEx_EnableFastModePlus                      build/stm32h7xx_hal_i2c_ex.o
HAL_I2CEx_EnableWakeUp                            build/stm32h7xx_hal_i2c_ex.o
HAL_I2C_AbortCpltCallback                         build/stm32h7xx_hal_i2c.o
HAL_I2C_AddrCallback                              build/stm32h7xx_hal_i2c.o
HAL_I2C_DeInit                                    build/stm32h7xx_hal_i2c.o
HAL_I2C_DisableListen_IT                          build/stm32h7xx_hal_i2c.o
HAL_I2C_ER_IRQHandler                             build/stm32h7xx_hal_i2c.o
HAL_I2C_EV_IRQHandler                             build/stm32h7xx_hal_i2c.o
HAL_I2C_EnableListen_IT                           build/stm32h7xx_hal_i2c.o
HAL_I2C_ErrorCallback                             build/stm32h7xx_hal_i2c.o
HAL_I2C_GetError                                  build/stm32h7xx_hal_i2c.o
HAL_I2C_GetMode                                   build/stm32h7xx_hal_i2c.o
HAL_I2C_GetState                                  build/stm32h7xx_hal_i2c.o
HAL_I2C_Init                                      build/stm32h7xx_hal_i2c.o
HAL_I2C_IsDeviceReady                             build/stm32h7xx_hal_i2c.o
HAL_I2C_ListenCpltCallback                        build/stm32h7xx_hal_i2c.o
HAL_I2C_MasterRxCpltCallback                      build/stm32h7xx_hal_i2c.o
HAL_I2C_MasterTxCpltCallback                      build/stm32h7xx_hal_i2c.o
HAL_I2C_Master_Abort_IT                           build/stm32h7xx_hal_i2c.o
HAL_I2C_Master_Receive                            build/stm32h7xx_hal_i2c.o
HAL_I2C_Master_Receive_DMA                        build/stm32h7xx_hal_i2c.o
HAL_I2C_Master_Receive_IT                         build/stm32h7xx_hal_i2c.o
HAL_I2C_Master_Seq_Receive_DMA                    build/stm32h7xx_hal_i2c.o
HAL_I2C_Master_Seq_Receive_IT                     build/stm32h7xx_hal_i2c.o
HAL_I2C_Master_Seq_Transmit_DMA                   build/stm32h7xx_hal_i2c.o
HAL_I2C_Master_Seq_Transmit_IT                    build/stm32h7xx_hal_i2c.o
HAL_I2C_Master_Transmit                           build/stm32h7xx_hal_i2c.o
HAL_I2C_Master_Transmit_DMA                       build/stm32h7xx_hal_i2c.o
HAL_I2C_Master_Transmit_IT                        build/stm32h7xx_hal_i2c.o
HAL_I2C_MemRxCpltCallback                         build/stm32h7xx_hal_i2c.o
HAL_I2C_MemTxCpltCallback                         build/stm32h7xx_hal_i2c.o
HAL_I2C_Mem_Read                                  build/stm32h7xx_hal_i2c.o
HAL_I2C_Mem_Read_DMA                              build/stm32h7xx_hal_i2c.o
HAL_I2C_Mem_Read_IT                               build/stm32h7xx_hal_i2c.o
HAL_I2C_Mem_Write                                 build/stm32h7xx_hal_i2c.o
HAL_I2C_Mem_Write_DMA                             build/stm32h7xx_hal_i2c.o
HAL_I2C_Mem_Write_IT                              build/stm32h7xx_hal_i2c.o
HAL_I2C_MspDeInit                                 build/stm32h7xx_hal_i2c.o
HAL_I2C_MspInit                                   build/stm32h7xx_hal_i2c.o
HAL_I2C_SlaveRxCpltCallback                       build/stm32h7xx_hal_i2c.o
HAL_I2C_SlaveTxCpltCallback                       build/stm32h7xx_hal_i2c.o
HAL_I2C_Slave_Receive                             build/stm32h7xx_hal_i2c.o
HAL_I2C_Slave_Receive_DMA                         build/stm32h7xx_hal_i2c.o
HAL_I2C_Slave_Receive_IT                          build/stm32h7xx_hal_i2c.o
HAL_I2C_Slave_Seq_Receive_DMA                     build/stm32h7xx_hal_i2c.o
HAL_I2C_Slave_Seq_Receive_IT                      build/stm32h7xx_hal_i2c.o
HAL_I2C_Slave_Seq_Transmit_DMA                    build/stm32h7xx_hal_i2c.o
HAL_I2C_Slave_Seq_Transmit_IT                     build/stm32h7xx_hal_i2c.o
HAL_I2C_Slave_Transmit                            build/stm32h7xx_hal_i2c.o
HAL_I2C_Slave_Transmit_DMA                        build/stm32h7xx_hal_i2c.o
HAL_I2C_Slave_Transmit_IT                         build/stm32h7xx_hal_i2c.o
HAL_IncTick                                       build/stm32h7xx_hal.o
                                                  build/stm32h7xx_it.o
HAL_Init                                          build/stm32h7xx_hal.o
                                                  build/main.o
HAL_InitTick                                      build/stm32h7xx_hal.o
                                                  build/stm32h7xx_hal_rcc.o
HAL_LIN_Init                                      build/stm32h7xx_hal_uart.o
HAL_LIN_SendBreak                                 build/stm32h7xx_hal_uart.o
HAL_MDMA_Abort                                    build/stm32h7xx_hal_mdma.o
                                                  build/stm32h7xx_hal_qspi.o
HAL_MDMA_Abort_IT                                 build/stm32h7xx_hal_mdma.o
                                                  build/stm32h7xx_hal_qspi.o
HAL_MDMA_ConfigPostRequestMask                    build/stm32h7xx_hal_mdma.o
HAL_MDMA_DeInit                                   build/stm32h7xx_hal_mdma.o
HAL_MDMA_GenerateSWRequest                        build/stm32h7xx_hal_mdma.o
HAL_MDMA_GetError                                 build/stm32h7xx_hal_mdma.o
HAL_MDMA_GetState                                 build/stm32h7xx_hal_mdma.o
HAL_MDMA_IRQHandler                               build/stm32h7xx_hal_mdma.o
HAL_MDMA_Init                                     build/stm32h7xx_hal_mdma.o
HAL_MDMA_LinkedList_AddNode                       build/stm32h7xx_hal_mdma.o
HAL_MDMA_LinkedList_CreateNode                    build/stm32h7xx_hal_mdma.o
HAL_MDMA_LinkedList_DisableCircularMode           build/stm32h7xx_hal_mdma.o
HAL_MDMA_LinkedList_EnableCircularMode            build/stm32h7xx_hal_mdma.o
HAL_MDMA_LinkedList_RemoveNode                    build/stm32h7xx_hal_mdma.o
HAL_MDMA_PollForTransfer                          build/stm32h7xx_hal_mdma.o
HAL_MDMA_RegisterCallback                         build/stm32h7xx_hal_mdma.o
HAL_MDMA_Start                                    build/stm32h7xx_hal_mdma.o
HAL_MDMA_Start_IT                                 build/stm32h7xx_hal_mdma.o
                                                  build/stm32h7xx_hal_qspi.o
                                                  build/stm32h7xx_hal_sram.o
HAL_MDMA_UnRegisterCallback                       build/stm32h7xx_hal_mdma.o
HAL_MPU_ConfigRegion                              build/stm32h7xx_hal_cortex.o
                                                  build/main.o
HAL_MPU_Disable                                   build/stm32h7xx_hal_cortex.o
                                                  build/main.o
HAL_MPU_DisableRegion                             build/stm32h7xx_hal_cortex.o
HAL_MPU_Enable                                    build/stm32h7xx_hal_cortex.o
                                                  build/main.o
HAL_MPU_EnableRegion                              build/stm32h7xx_hal_cortex.o
HAL_MspDeInit                                     build/stm32h7xx_hal.o
HAL_MspInit                                       build/stm32h7xx_hal_msp.o
HAL_MultiProcessorEx_AddressLength_Set            build/stm32h7xx_hal_uart_ex.o
HAL_MultiProcessor_DisableMuteMode                build/stm32h7xx_hal_uart.o
HAL_MultiProcessor_EnableMuteMode                 build/stm32h7xx_hal_uart.o
HAL_MultiProcessor_EnterMuteMode                  build/stm32h7xx_hal_uart.o
HAL_MultiProcessor_Init                           build/stm32h7xx_hal_uart.o
HAL_NVIC_ClearPendingIRQ                          build/stm32h7xx_hal_cortex.o
HAL_NVIC_DisableIRQ                               build/stm32h7xx_hal_cortex.o
HAL_NVIC_EnableIRQ                                build/stm32h7xx_hal_cortex.o
HAL_NVIC_GetActive                                build/stm32h7xx_hal_cortex.o
HAL_NVIC_GetPendingIRQ                            build/stm32h7xx_hal_cortex.o
HAL_NVIC_GetPriority                              build/stm32h7xx_hal_cortex.o
HAL_NVIC_GetPriorityGrouping                      build/stm32h7xx_hal_cortex.o
HAL_NVIC_SetPendingIRQ                            build/stm32h7xx_hal_cortex.o
HAL_NVIC_SetPriority                              build/stm32h7xx_hal_cortex.o
                                                  build/stm32h7xx_hal.o
HAL_NVIC_SetPriorityGrouping                      build/stm32h7xx_hal_cortex.o
                                                  build/stm32h7xx_hal.o
HAL_NVIC_SystemReset                              build/stm32h7xx_hal_cortex.o
HAL_PWREx_AVDCallback                             build/stm32h7xx_hal_pwr_ex.o
HAL_PWREx_ClearPendingEvent                       build/stm32h7xx_hal_pwr_ex.o
HAL_PWREx_ClearWakeupFlag                         build/stm32h7xx_hal_pwr_ex.o
HAL_PWREx_ConfigAVD                               build/stm32h7xx_hal_pwr_ex.o
HAL_PWREx_ConfigD3Domain                          build/stm32h7xx_hal_pwr_ex.o
HAL_PWREx_ConfigSupply                            build/stm32h7xx_hal_pwr_ex.o
                                                  build/main.o
HAL_PWREx_ControlStopModeVoltageScaling           build/stm32h7xx_hal_pwr_ex.o
HAL_PWREx_ControlVoltageScaling                   build/stm32h7xx_hal_pwr_ex.o
HAL_PWREx_DisableAVD                              build/stm32h7xx_hal_pwr_ex.o
HAL_PWREx_DisableBatteryCharging                  build/stm32h7xx_hal_pwr_ex.o
HAL_PWREx_DisableBkUpReg                          build/stm32h7xx_hal_pwr_ex.o
HAL_PWREx_DisableFlashPowerDown                   build/stm32h7xx_hal_pwr_ex.o
HAL_PWREx_DisableMonitoring                       build/stm32h7xx_hal_pwr_ex.o
HAL_PWREx_DisableUSBReg                           build/stm32h7xx_hal_pwr_ex.o
HAL_PWREx_DisableUSBVoltageDetector               build/stm32h7xx_hal_pwr_ex.o
HAL_PWREx_DisableWakeUpPin                        build/stm32h7xx_hal_pwr_ex.o
HAL_PWREx_EnableAVD                               build/stm32h7xx_hal_pwr_ex.o
HAL_PWREx_EnableBatteryCharging                   build/stm32h7xx_hal_pwr_ex.o
HAL_PWREx_EnableBkUpReg                           build/stm32h7xx_hal_pwr_ex.o
HAL_PWREx_EnableFlashPowerDown                    build/stm32h7xx_hal_pwr_ex.o
HAL_PWREx_EnableMonitoring                        build/stm32h7xx_hal_pwr_ex.o
HAL_PWREx_EnableUSBReg                            build/stm32h7xx_hal_pwr_ex.o
HAL_PWREx_EnableUSBVoltageDetector                build/stm32h7xx_hal_pwr_ex.o
HAL_PWREx_EnableWakeUpPin                         build/stm32h7xx_hal_pwr_ex.o
HAL_PWREx_EnterSTANDBYMode                        build/stm32h7xx_hal_pwr_ex.o
HAL_PWREx_EnterSTOPMode                           build/stm32h7xx_hal_pwr_ex.o
HAL_PWREx_GetStopModeVoltageRange                 build/stm32h7xx_hal_pwr_ex.o
HAL_PWREx_GetSupplyConfig                         build/stm32h7xx_hal_pwr_ex.o
HAL_PWREx_GetTemperatureLevel                     build/stm32h7xx_hal_pwr_ex.o
HAL_PWREx_GetVBATLevel                            build/stm32h7xx_hal_pwr_ex.o
HAL_PWREx_GetVoltageRange                         build/stm32h7xx_hal_pwr_ex.o
HAL_PWREx_GetWakeupFlag                           build/stm32h7xx_hal_pwr_ex.o
HAL_PWREx_PVD_AVD_IRQHandler                      build/stm32h7xx_hal_pwr_ex.o
HAL_PWREx_WAKEUP_PIN_IRQHandler                   build/stm32h7xx_hal_pwr_ex.o
HAL_PWREx_WKUP1_Callback                          build/stm32h7xx_hal_pwr_ex.o
HAL_PWREx_WKUP2_Callback                          build/stm32h7xx_hal_pwr_ex.o
HAL_PWREx_WKUP3_Callback                          build/stm32h7xx_hal_pwr_ex.o
HAL_PWREx_WKUP4_Callback                          build/stm32h7xx_hal_pwr_ex.o
HAL_PWREx_WKUP5_Callback                          build/stm32h7xx_hal_pwr_ex.o
HAL_PWREx_WKUP6_Callback                          build/stm32h7xx_hal_pwr_ex.o
HAL_PWR_ConfigPVD                                 build/stm32h7xx_hal_pwr.o
HAL_PWR_DeInit                                    build/stm32h7xx_hal_pwr.o
HAL_PWR_DisableBkUpAccess                         build/stm32h7xx_hal_pwr.o
HAL_PWR_DisablePVD                                build/stm32h7xx_hal_pwr.o
HAL_PWR_DisableSEVOnPend                          build/stm32h7xx_hal_pwr.o
HAL_PWR_DisableSleepOnExit                        build/stm32h7xx_hal_pwr.o
HAL_PWR_DisableWakeUpPin                          build/stm32h7xx_hal_pwr.o
HAL_PWR_EnableBkUpAccess                          build/stm32h7xx_hal_pwr.o
HAL_PWR_EnablePVD                                 build/stm32h7xx_hal_pwr.o
HAL_PWR_EnableSEVOnPend                           build/stm32h7xx_hal_pwr.o
HAL_PWR_EnableSleepOnExit                         build/stm32h7xx_hal_pwr.o
HAL_PWR_EnableWakeUpPin                           build/stm32h7xx_hal_pwr.o
HAL_PWR_EnterSLEEPMode                            build/stm32h7xx_hal_pwr.o
HAL_PWR_EnterSTANDBYMode                          build/stm32h7xx_hal_pwr.o
HAL_PWR_EnterSTOPMode                             build/stm32h7xx_hal_pwr.o
HAL_PWR_PVDCallback                               build/stm32h7xx_hal_pwr.o
                                                  build/stm32h7xx_hal_pwr_ex.o
HAL_PWR_PVD_IRQHandler                            build/stm32h7xx_hal_pwr.o
HAL_QSPI_Abort                                    build/stm32h7xx_hal_qspi.o
HAL_QSPI_AbortCpltCallback                        build/stm32h7xx_hal_qspi.o
HAL_QSPI_Abort_IT                                 build/stm32h7xx_hal_qspi.o
HAL_QSPI_AutoPolling                              build/stm32h7xx_hal_qspi.o
HAL_QSPI_AutoPolling_IT                           build/stm32h7xx_hal_qspi.o
HAL_QSPI_CmdCpltCallback                          build/stm32h7xx_hal_qspi.o
HAL_QSPI_Command                                  build/stm32h7xx_hal_qspi.o
HAL_QSPI_Command_IT                               build/stm32h7xx_hal_qspi.o
HAL_QSPI_DeInit                                   build/stm32h7xx_hal_qspi.o
HAL_QSPI_ErrorCallback                            build/stm32h7xx_hal_qspi.o
HAL_QSPI_FifoThresholdCallback                    build/stm32h7xx_hal_qspi.o
HAL_QSPI_GetError                                 build/stm32h7xx_hal_qspi.o
HAL_QSPI_GetFifoThreshold                         build/stm32h7xx_hal_qspi.o
HAL_QSPI_GetState                                 build/stm32h7xx_hal_qspi.o
HAL_QSPI_IRQHandler                               build/stm32h7xx_hal_qspi.o
HAL_QSPI_Init                                     build/stm32h7xx_hal_qspi.o
                                                  build/quadspi.o
HAL_QSPI_MemoryMapped                             build/stm32h7xx_hal_qspi.o
HAL_QSPI_MspDeInit                                build/quadspi.o
HAL_QSPI_MspInit                                  build/quadspi.o
HAL_QSPI_Receive                                  build/stm32h7xx_hal_qspi.o
HAL_QSPI_Receive_DMA                              build/stm32h7xx_hal_qspi.o
HAL_QSPI_Receive_IT                               build/stm32h7xx_hal_qspi.o
HAL_QSPI_RxCpltCallback                           build/stm32h7xx_hal_qspi.o
HAL_QSPI_SetFifoThreshold                         build/stm32h7xx_hal_qspi.o
HAL_QSPI_SetFlashID                               build/stm32h7xx_hal_qspi.o
HAL_QSPI_SetTimeout                               build/stm32h7xx_hal_qspi.o
HAL_QSPI_StatusMatchCallback                      build/stm32h7xx_hal_qspi.o
HAL_QSPI_TimeOutCallback                          build/stm32h7xx_hal_qspi.o
HAL_QSPI_Transmit                                 build/stm32h7xx_hal_qspi.o
HAL_QSPI_Transmit_DMA                             build/stm32h7xx_hal_qspi.o
HAL_QSPI_Transmit_IT                              build/stm32h7xx_hal_qspi.o
HAL_QSPI_TxCpltCallback                           build/stm32h7xx_hal_qspi.o
HAL_RCCEx_CRSConfig                               build/stm32h7xx_hal_rcc_ex.o
HAL_RCCEx_CRSGetSynchronizationInfo               build/stm32h7xx_hal_rcc_ex.o
HAL_RCCEx_CRSSoftwareSynchronizationGenerate      build/stm32h7xx_hal_rcc_ex.o
HAL_RCCEx_CRSWaitSynchronization                  build/stm32h7xx_hal_rcc_ex.o
HAL_RCCEx_CRS_ErrorCallback                       build/stm32h7xx_hal_rcc_ex.o
HAL_RCCEx_CRS_ExpectedSyncCallback                build/stm32h7xx_hal_rcc_ex.o
HAL_RCCEx_CRS_IRQHandler                          build/stm32h7xx_hal_rcc_ex.o
HAL_RCCEx_CRS_SyncOkCallback                      build/stm32h7xx_hal_rcc_ex.o
HAL_RCCEx_CRS_SyncWarnCallback                    build/stm32h7xx_hal_rcc_ex.o
HAL_RCCEx_DisableLSECSS                           build/stm32h7xx_hal_rcc_ex.o
HAL_RCCEx_EnableLSECSS                            build/stm32h7xx_hal_rcc_ex.o
HAL_RCCEx_EnableLSECSS_IT                         build/stm32h7xx_hal_rcc_ex.o
HAL_RCCEx_GetD1PCLK1Freq                          build/stm32h7xx_hal_rcc_ex.o
HAL_RCCEx_GetD1SysClockFreq                       build/stm32h7xx_hal_rcc_ex.o
HAL_RCCEx_GetD3PCLK1Freq                          build/stm32h7xx_hal_rcc_ex.o
                                                  build/stm32h7xx_hal_uart.o
HAL_RCCEx_GetPLL1ClockFreq                        build/stm32h7xx_hal_rcc_ex.o
HAL_RCCEx_GetPLL2ClockFreq                        build/stm32h7xx_hal_rcc_ex.o
                                                  build/stm32h7xx_hal_uart.o
HAL_RCCEx_GetPLL3ClockFreq                        build/stm32h7xx_hal_rcc_ex.o
                                                  build/stm32h7xx_hal_uart.o
HAL_RCCEx_GetPeriphCLKConfig                      build/stm32h7xx_hal_rcc_ex.o
HAL_RCCEx_GetPeriphCLKFreq                        build/stm32h7xx_hal_rcc_ex.o
HAL_RCCEx_KerWakeUpStopCLKConfig                  build/stm32h7xx_hal_rcc_ex.o
HAL_RCCEx_LSECSS_Callback                         build/stm32h7xx_hal_rcc_ex.o
HAL_RCCEx_LSECSS_IRQHandler                       build/stm32h7xx_hal_rcc_ex.o
HAL_RCCEx_PeriphCLKConfig                         build/stm32h7xx_hal_rcc_ex.o
                                                  build/usart.o
                                                  build/spi.o
                                                  build/quadspi.o
                                                  build/fmc.o
HAL_RCCEx_WWDGxSysResetConfig                     build/stm32h7xx_hal_rcc_ex.o
HAL_RCCEx_WakeUpStopCLKConfig                     build/stm32h7xx_hal_rcc_ex.o
HAL_RCC_CSSCallback                               build/stm32h7xx_hal_rcc.o
HAL_RCC_ClockConfig                               build/stm32h7xx_hal_rcc.o
                                                  build/main.o
HAL_RCC_DeInit                                    build/stm32h7xx_hal_rcc.o
HAL_RCC_DisableCSS                                build/stm32h7xx_hal_rcc.o
HAL_RCC_EnableCSS                                 build/stm32h7xx_hal_rcc.o
HAL_RCC_GetClockConfig                            build/stm32h7xx_hal_rcc.o
HAL_RCC_GetHCLKFreq                               build/stm32h7xx_hal_rcc.o
                                                  build/stm32h7xx_hal_rcc_ex.o
HAL_RCC_GetOscConfig                              build/stm32h7xx_hal_rcc.o
HAL_RCC_GetPCLK1Freq                              build/stm32h7xx_hal_rcc.o
                                                  build/stm32h7xx_hal_uart.o
                                                  build/stm32h7xx_hal_rcc_ex.o
HAL_RCC_GetPCLK2Freq                              build/stm32h7xx_hal_rcc.o
                                                  build/stm32h7xx_hal_uart.o
HAL_RCC_GetSysClockFreq                           build/stm32h7xx_hal_rcc.o
                                                  build/stm32h7xx_hal.o
                                                  build/stm32h7xx_hal_rcc_ex.o
HAL_RCC_MCOConfig                                 build/stm32h7xx_hal_rcc.o
HAL_RCC_NMI_IRQHandler                            build/stm32h7xx_hal_rcc.o
HAL_RCC_OscConfig                                 build/stm32h7xx_hal_rcc.o
                                                  build/main.o
HAL_RS485Ex_Init                                  build/stm32h7xx_hal_uart_ex.o
HAL_ResumeTick                                    build/stm32h7xx_hal.o
HAL_SPIEx_ConfigureUnderrun                       build/stm32h7xx_hal_spi_ex.o
HAL_SPIEx_EnableLockConfiguration                 build/stm32h7xx_hal_spi_ex.o
HAL_SPIEx_FlushRxFifo                             build/stm32h7xx_hal_spi_ex.o
HAL_SPI_Abort                                     build/stm32h7xx_hal_spi.o
HAL_SPI_AbortCpltCallback                         build/stm32h7xx_hal_spi.o
HAL_SPI_Abort_IT                                  build/stm32h7xx_hal_spi.o
HAL_SPI_DMAPause                                  build/stm32h7xx_hal_spi.o
HAL_SPI_DMAResume                                 build/stm32h7xx_hal_spi.o
HAL_SPI_DMAStop                                   build/stm32h7xx_hal_spi.o
HAL_SPI_DeInit                                    build/stm32h7xx_hal_spi.o
HAL_SPI_ErrorCallback                             build/stm32h7xx_hal_spi.o
HAL_SPI_GetError                                  build/stm32h7xx_hal_spi.o
HAL_SPI_GetState                                  build/stm32h7xx_hal_spi.o
HAL_SPI_IRQHandler                                build/stm32h7xx_hal_spi.o
HAL_SPI_Init                                      build/stm32h7xx_hal_spi.o
                                                  build/spi.o
HAL_SPI_MspDeInit                                 build/spi.o
HAL_SPI_MspInit                                   build/spi.o
HAL_SPI_Receive                                   build/stm32h7xx_hal_spi.o
HAL_SPI_Receive_DMA                               build/stm32h7xx_hal_spi.o
HAL_SPI_Receive_IT                                build/stm32h7xx_hal_spi.o
HAL_SPI_RxCpltCallback                            build/stm32h7xx_hal_spi.o
HAL_SPI_RxHalfCpltCallback                        build/stm32h7xx_hal_spi.o
HAL_SPI_SuspendCallback                           build/stm32h7xx_hal_spi.o
HAL_SPI_Transmit                                  build/stm32h7xx_hal_spi.o
HAL_SPI_TransmitReceive                           build/stm32h7xx_hal_spi.o